04-02 22:34:12.501  1158  1322 E ANDR-PERF-OPTSHANDLER: Min bounds check failed
04-02 22:34:12.501  1158  1322 E ANDR-PERF-OPTSHANDLER: Error! Perflock failed, invalid request value 79
04-02 22:34:12.501  1158  1322 E ANDR-PERF-RESOURCEQS: Failed to apply optimization [12, 6]
04-02 22:34:12.631  1841  2282 D SurfaceAnimationRunner: onAnimationEnd:Surface(name=Surface(name=ActivityRecord{2b5b50e u0 org.dpdns.sqxy090123.kit.vulnkit/.VulnerabilityListActivity})/@0x689cc01 - animation-leash of app_transition)/@0xe9a5aa6
04-02 22:34:12.631  1841  2282 D SurfaceAnimationRunner: onAnimationEnd:Surface(name=Surface(name=ActivityRecord{6f5365b u0 org.dpdns.sqxy090123.kit.vulnkit/.MainActivity})/@0x656e083 - animation-leash of app_transition)/@0x3b7b200
04-02 22:34:12.633 14562 15564 D VRI[MainActivity]: dispatchAppVisibility visible:false
04-02 22:34:12.636  1841  2275 I OplusAppSwitchManagerService:  handleAppVisible , r = ActivityRecord{2b5b50e u0 org.dpdns.sqxy090123.kit.vulnkit/.VulnerabilityListActivity} t751}
04-02 22:34:12.641 14562 14562 D OpenGLRenderer: RenderProxy::destroy: this=0xb400007acbf7ac00, mContext=0xb400007a5c7a5ac0
04-02 22:34:12.641 14562 15572 D OpenGLRenderer: SkiaOpenGLPipeline::setSurface: this=0xb400007a5bba4800, surface=NULL
04-02 22:34:12.641 14562 15572 D BufferQueueProducer: [VRI[MainActivity]#0(BLAST Consumer)0](id:38e200000000,api:1,p:14562,c:14562) disconnect: api 1
04-02 22:34:12.644  1841  2275 D BufferQueueConsumer: [bbq-adapter#2361(BLAST Consumer)2361](id:73100000b85,api:0,p:-1,c:1841) disconnect
04-02 22:34:12.644  1841  2275 D BufferQueueConsumer: [bbq-adapter#2360(BLAST Consumer)2360](id:73100000b84,api:0,p:-1,c:1841) disconnect
04-02 22:34:12.653  1303  1303 D Layer   : reparent to null sequence=158918, seq[121], name=Surface(name=ActivityRecord{6f5365b u0 org.dpdns.sqxy090123.kit.vulnkit/.MainActivity})/@0x656e083 - animation-leash of app_transition#158918
04-02 22:34:12.653  1303  1303 D Layer   : reparent to null sequence=158923, seq[4], name=Right Edge Extension#158923
04-02 22:34:12.654  1303  1303 D Layer   : reparent to null sequence=158919, seq[1], name=Surface(name=ActivityRecord{6f5365b u0 org.dpdns.sqxy090123.kit.vulnkit/.MainActivity})/@0x656e083 - animation-bounds#158919
04-02 22:34:12.654  1303  1303 D Layer   : reparent to null sequence=158916, seq[132], name=Surface(name=ActivityRecord{2b5b50e u0 org.dpdns.sqxy090123.kit.vulnkit/.VulnerabilityListActivity})/@0x689cc01 - animation-leash of app_transition#158916
04-02 22:34:12.654  1303  1303 D Layer   : reparent to null sequence=158925, seq[4], name=Left Edge Extension#158925
04-02 22:34:12.654  1303  1303 D Layer   : reparent to null sequence=158917, seq[2], name=Surface(name=ActivityRecord{2b5b50e u0 org.dpdns.sqxy090123.kit.vulnkit/.VulnerabilityListActivity})/@0x689cc01 - animation-bounds#158917
04-02 22:34:12.660  1841  2882 V WindowManager: Relayout Window{5c73ae8 u0 org.dpdns.sqxy090123.kit.vulnkit/org.dpdns.sqxy090123.kit.vulnkit.MainActivity}: viewVisibility=8, oldvis=0, req=1080x2400
04-02 22:34:12.666 14562 14562 D BufferQueueConsumer: [VRI[MainActivity]#0(BLAST Consumer)0](id:38e200000000,api:0,p:-1,c:14562) disconnect
04-02 22:34:12.668 14562 14562 D VRI[MainActivity]: setWindowStopped stopped:true
04-02 22:34:12.672  1841  2882 D OplusFullScreenDisplayManager: adjustWindowParamsLw org.dpdns.sqxy090123.kit.vulnkit, no change cutoutMode: 0
04-02 22:34:12.672  1841  2882 V WindowManager: Relayout Window{5c73ae8 u0 org.dpdns.sqxy090123.kit.vulnkit/org.dpdns.sqxy090123.kit.vulnkit.MainActivity}: viewVisibility=8, oldvis=8, req=1080x2400
04-02 22:34:12.681  1841  2882 I WindowManager: Window{5c73ae8 u0 org.dpdns.sqxy090123.kit.vulnkit/org.dpdns.sqxy090123.kit.vulnkit.MainActivity} state from HAS_DRAWN to NO_SURFACE; reason: destroySurface
04-02 22:34:12.687  1303  1303 D Layer   : reparent to null sequence=158874, seq[7], name=org.dpdns.sqxy090123.kit.vulnkit/org.dpdns.sqxy090123.kit.vulnkit.MainActivity#158874
04-02 22:34:12.904  1110 13514 I vendor.qti.bluetooth@1.0-ibs_handler: ProcessIbsCmd: Received IBS_WAKE_IND: 0xFD
04-02 22:34:12.904  1110 13514 D vendor.qti.bluetooth@1.0-ibs_handler: SerialClockVote: vote for UART CLK ON
04-02 22:34:12.904  1110 13514 D vendor.qti.bluetooth@1.0-wake_lock: Acquire wakelock is acquired 
04-02 22:34:12.904  1110 13514 I vendor.qti.bluetooth@1.0-ibs_handler: ProcessIbsCmd: Writing IBS_WAKE_ACK
04-02 22:34:12.906 12402 13530 I bt_stack: [INFO:btm_devctl.cc(1290)] BTM_BT_Quality_Report_VSE_CBack: BQR sub event, report length: 72
04-02 22:34:12.906 12402 13530 W bt_stack: [WARNING:btif_bqr.cc(296)] A2DP Choppy, Handle: 0x0002, 2DH5, Master, PwLv: 0x08, RSSI: -43, SNR: 0, UnusedCh: 29, UnidealCh: 0, ReTx: 1, NoRX: 1, NAK: 0, FlowOff: 0, OverFlow: 0, UndFlow: 0
04-02 22:34:12.906 12402 13530 I bt_btif_vendor: btif_vendor_bqr_delivery_event: len: 72, addr: 9c:fb:f6:55:a1:12, lmp_ver: 12, manufacturer_id: 1494, lmp_subver: 8891
04-02 22:34:12.906 12402 12926 I BluetoothVendorJni: bqr_delivery_callback
04-02 22:34:12.908 12402 12926 D BluetoothVendorService: BQR: {
04-02 22:34:12.908 12402 12926 D BluetoothVendorService:   mAddr: 9C:FB:F6:55:A1:12, mLmpVer: 0x0C, mLmpSubVer: 0x22BB, mManufacturerId: 0x05D6, mName: i113, mBluetoothClass: 0x240404,
04-02 22:34:12.908 12402 12926 D BluetoothVendorService:   BqrCommon: {
04-02 22:34:12.908 12402 12926 D BluetoothVendorService:     mQualityReportId: A2DP choppy(0x03), mPacketType: TYPE_2DH5(0x19), mConnectionHandle: 0x0002, mConnectionRole: Master(0), mTxPowerLevel: 8, mRssi: -43, mSnr: 0, mUnusedAfhChannelCount: 29,
04-02 22:34:12.908 12402 12926 D BluetoothVendorService:     mAfhSelectUnidealChannelCount: 0, mLsto: 8000, mPiconetClock: 0x07648F5E, mRetransmissionCount: 1, mNoRxCount: 1, mNakCount: 0, mLastTxAckTimestamp: 0x07648E76, mFlowOffCount: 0,
04-02 22:34:12.908 12402 12926 D BluetoothVendorService:     mLastFlowOnTimestamp: 0x060B270A, mOverflowCount: 0, mUnderflowCount: 0
04-02 22:34:12.908 12402 12926 D BluetoothVendorService:   }
04-02 22:34:12.908 12402 12926 D BluetoothVendorService:   BqrVsCommon: {
04-02 22:34:12.908 12402 12926 D BluetoothVendorService:     mAddr: 9C:FB:F6:55:A1:12, mCalFailedItemCount: 2
04-02 22:34:12.908 12402 12926 D BluetoothVendorService:   }
04-02 22:34:12.908 12402 12926 D BluetoothVendorService:   BqrVsA2dpChoppy: {
04-02 22:34:12.908 12402 12926 D BluetoothVendorService:     mArrivalTime: 0x07648E98, mScheduleTime: 0x07648EA7, mGlitchCount: 1, mTxCxmDenials: 120, mRxCxmDenials: 0, mAclTxQueueLength: 3, mLinkQuality: INVALID(0x05)
04-02 22:34:12.908 12402 12926 D BluetoothVendorService:   }
04-02 22:34:12.908 12402 12926 D BluetoothVendorService: }
04-02 22:34:12.912 12402 13327 D BATService: getBATService(): service is NULL
04-02 22:34:12.985  1110 13514 I vendor.qti.bluetooth@1.0-ibs_handler: ProcessIbsCmd: Received IBS_SLEEP_IND: 0xFE
04-02 22:34:12.985  1110 13514 D vendor.qti.bluetooth@1.0-ibs_handler: SerialClockVote: vote for UART CLK OFF
04-02 22:34:13.124  4323  4323 D OplusScrollToTopManager: Toast,window dying
04-02 22:34:13.125  4323  4323 D OplusScrollToTopManager: Toast,unregisterGuidePopupDismissReceiverInSystemUI
04-02 22:34:13.126  4323  4323 D OplusScrollToTopManager: Toast,Receiver not registered: android.view.OplusScrollToTopManager$1@d396339
04-02 22:34:13.128  1841  2882 D CoreBackPreview: Window{880f4ce u0 Toast}: Setting back callback null
04-02 22:34:13.136  1110 13479 D vendor.qti.bluetooth@1.0-wake_lock: Release wakelock is released 
04-02 22:34:13.137  4323  4323 D OpenGLRenderer: RenderProxy::destroy: this=0xb400007a3c508400, mContext=0xb40000799b786340
04-02 22:34:13.138  4323  4475 D OpenGLRenderer: SkiaOpenGLPipeline::setSurface: this=0xb4000079fb796300, surface=NULL
04-02 22:34:13.139 14562 14562 D OplusScrollToTopManager: org.dpdns.sqxy090123.kit.vulnkit/org.dpdns.sqxy090123.kit.vulnkit.MainActivity,This DecorView@38fadad[MainActivity] change focus to false
04-02 22:34:13.139  4323  4475 D BufferQueueProducer: [VRI[Toast]#6954(BLAST Consumer)6954](id:10e300001b3e,api:1,p:4323,c:4323) disconnect: api 1
04-02 22:34:13.142  1841  7390 W InputManager-JNI: Input channel object '880f4ce Toast (client)' was disposed without first being removed with the input manager!
04-02 22:34:13.143  1841  7390 I WindowManager: Window{880f4ce u0 Toast} state from HAS_DRAWN to NO_SURFACE; reason: destroySurface
04-02 22:34:13.144  4323 19229 D BufferQueueConsumer: [VRI[Toast]#6954(BLAST Consumer)6954](id:10e300001b3e,api:0,p:-1,c:4323) disconnect
04-02 22:34:13.148  1841  7390 D WindowManager: Releasing screen wakelock due to Window{880f4ce u0 Toast}
04-02 22:34:13.148  1841  7390 D OplusAONSmartDim: onWakeLockReleaseLocked: lock=3748857, flags=0x2000000a, packageName=android, tag="WindowManager", ws=WorkSource{10188}, uid=1000, pid=1841
04-02 22:34:13.149  1303  1303 D Layer   : reparent to null sequence=158873, seq[4], name=Toast#158873
04-02 22:34:13.149  1303  1303 D Layer   : reparent to null sequence=158871, seq[3], name=880f4ce Toast#158871
04-02 22:34:13.149  1303  1303 D Layer   : reparent to null sequence=158869, seq[1], name=WindowToken{576361b type=2005 android.os.Binder@b48c82a}#158869
04-02 22:34:13.149  1841  7390 D PowerManagerService: userActivityNoUpdateLocked: groupId=0, eventTime=371113152, event=0, flags=0x1, uid=1000
04-02 22:34:13.152  1841  2416 D OplusSmartBrightnessController: handleMessage MSG_LUX_CHANGED, mLux:2493.6157 luxQueue=[2510.4316, 2498.5266, 2484.637, 2468.4185, 2502.0134, 2497.4453]
04-02 22:34:13.153  1841  7390 W NotificationService: Toast already killed. pkg=org.dpdns.sqxy090123.kit.vulnkit token=android.os.BinderProxy@d9e78f4
04-02 22:34:13.160  1841  4214 D Osense-DecisionMaker: notifyDelayedSceneToPolicy
04-02 22:34:13.160  1841  4214 D Osense-DecisionMaker: getCurrentSysStats, availmemMb: 2514
04-02 22:34:13.160  1841  4214 D Osense-DecisionMaker: getCurrentSysStats, availmemMb: 2514
04-02 22:34:13.160  1841  4214 D Osense-DecisionMaker: getCurrentSysStats, availmemMb: 2514
04-02 22:34:13.160  1841  4214 D Osense-DecisionMaker: getCurrentSysStats, availmemMb: 2514
04-02 22:34:13.160  1841  4214 D Osense-DecisionMaker: getCurrentSysStats, availmemMb: 2514
04-02 22:34:13.161  1841  4214 D Osense-DecisionMaker: getCurrentSysStats, availmemMb: 2514
04-02 22:34:13.161  1841  4214 D Osense-DecisionMaker: getCurrentSysStats, availmemMb: 2514
04-02 22:34:13.161  1841  4214 D Osense-DecisionMaker: getCurrentSysStats, availmemMb: 2515
04-02 22:34:13.161  1841  4214 D Osense-DecisionMaker: getCurrentSysStats, availmemMb: 2515
04-02 22:34:13.161  1841  4214 D Osense-DecisionMaker: getCurrentSysStats, availmemMb: 2515
04-02 22:34:13.166  4323  4323 D UxIconPackageManagerExt: UxIcon checkChooseIconsRootPath false
04-02 22:34:13.171  1303  1451 I SurfaceFlinger: [SF client] NEW(0xb40000718c373fc0) for (4323:com.android.systemui)
04-02 22:34:13.173  4323  4323 D WindowManager: Add to mViews: com.oplusos.systemui.toast.OplusToastLayout{114f219 I.E...... ......I. 0,0-0,0 viewInfo = },pkg= com.android.systemui
04-02 22:34:13.181  1841  2882 D PhoneWindowManagerExtImpl: checkAddPermission: com.oplus.permission.safe.WINDOW OKAY packageName = com.android.systemui
04-02 22:34:13.182  1841  2882 D OplusFullScreenDisplayManager: adjustWindowParamsLw: com.android.systemui, change system app cutoutMode: oplus always
04-02 22:34:13.185  1841  2882 I WindowManager: addWindow: New client android.os.BinderProxy@60c081d : window=Window{1067a92 u0 Toast}
04-02 22:34:13.188  4323  4323 D InputEventReceiver: Input log is disabled
04-02 22:34:13.188  1841  2882 D CoreBackPreview: Window{1067a92 u0 Toast}: Setting back callback OnBackInvokedCallbackInfo{mCallback=android.window.IOnBackInvokedCallback$Stub$Proxy@9a43060, mPriority=0}
04-02 22:34:13.193  4323  4323 E OplusBracketLog: [OplusViewMirrorManager] updateHostViewRootIfNeeded, not support android.view.ViewRootImpl@77996d5
04-02 22:34:13.196  1841  7390 D OplusFullScreenDisplayManager: adjustWindowParamsLw: com.android.systemui, change system app cutoutMode: oplus always
04-02 22:34:13.196  1841  7390 V WindowManager: Relayout Window{1067a92 u0 Toast}: viewVisibility=4, oldvis=4, req=810x186
04-02 22:34:13.226  1841  7390 V WindowManager: Relayout Window{1067a92 u0 Toast}: viewVisibility=0, oldvis=4, req=1011x316
04-02 22:34:13.226  1841  7390 I WindowManager: Window{1067a92 u0 Toast} state from NO_SURFACE to DRAW_PENDING; reason: resetDrawState
04-02 22:34:13.238  4323  4323 D BufferQueueConsumer: [](id:10e300001b3f,api:0,p:-1,c:4323) connect: controlledByApp=false
04-02 22:34:13.239  4323  4323 E IPCThreadState: attemptIncStrongHandle(891): Not supported
04-02 22:34:13.240  4323  4323 E IPCThreadState: attemptIncStrongHandle(881): Not supported
04-02 22:34:13.253 14562 14562 D OplusScrollToTopManager: org.dpdns.sqxy090123.kit.vulnkit/org.dpdns.sqxy090123.kit.vulnkit.VulnerabilityListActivity,This DecorView@313c3ac[VulnerabilityListActivity] change focus to true
04-02 22:34:13.254  4323  4475 D BufferQueueProducer: [VRI[Toast]#6955(BLAST Consumer)6955](id:10e300001b3f,api:1,p:4323,c:4323) connect: api=1 producerControlledByApp=true
04-02 22:34:13.255  4323  4323 D VRI[Toast]: registerCallbacksForSync syncBuffer=false
04-02 22:34:13.264  4323  4475 D VRI[Toast]: Received frameCommittedCallback lastAttemptedDrawFrameNum=1 didProduceBuffer=true syncBuffer=false
04-02 22:34:13.266  4323  4475 W Parcel  : Expecting binder but got null!
04-02 22:34:13.266  4323  4323 D VRI[Toast]: draw finished.
04-02 22:34:13.267  1841  7390 I WindowManager: Window{1067a92 u0 Toast} state from DRAW_PENDING to COMMIT_DRAW_PENDING; reason: finishDrawingLocked
04-02 22:34:13.267  1841  7390 D WindowManager: finishDrawingLocked forceApplyNow=false,2,Window{1067a92 u0 Toast}
04-02 22:34:13.269  1841  2275 I WindowManager: Window{1067a92 u0 Toast} state from COMMIT_DRAW_PENDING to READY_TO_SHOW; reason: commitFinishDrawingLocked
04-02 22:34:13.270  1841  2275 I WindowManager: Window{1067a92 u0 Toast} state from READY_TO_SHOW to HAS_DRAWN; reason: performShowLocked
04-02 22:34:13.272  1303  1303 D OplusLayer: (158929,Toast#158929,com.android.systemui) setBuffer
04-02 22:34:13.272  1841  7390 V WindowManager: Relayout Window{1067a92 u0 Toast}: viewVisibility=0, oldvis=0, req=1011x316
04-02 22:34:13.276  1841  7390 D WindowManager: Acquiring screen wakelock due to Window{1067a92 u0 Toast}
04-02 22:34:13.276  1841  7390 D OplusAONSmartDim: onWakeLockAcquireLocked: lock=3748857, flags=0x2000000a, packageName=android, tag="WindowManager", ws=WorkSource{10188}, uid=1000, pid=1841
04-02 22:34:13.280  4323  4475 D BufferQueueProducer: [VRI[Toast]#6955(BLAST Consumer)6955](id:10e300001b3f,api:1,p:4323,c:4323) disconnect: api 1
04-02 22:34:13.281  4323  4475 D BufferQueueProducer: [VRI[Toast]#6955(BLAST Consumer)6955](id:10e300001b3f,api:1,p:4323,c:4323) connect: api=1 producerControlledByApp=true
04-02 22:34:13.284  4323  4323 D VRI[Toast]: registerCallbacksForSync syncBuffer=false
04-02 22:34:13.291  4323  4475 D VRI[Toast]: Received frameCommittedCallback lastAttemptedDrawFrameNum=3 didProduceBuffer=true syncBuffer=false
04-02 22:34:13.292  4323  4323 D VRI[Toast]: draw finished.
04-02 22:34:13.478  1841  2416 D OplusFeatureHDREnhanceBrightness: checkIsPlayingHDR isPlayingHDR=0 rotation=0 whiteApp=false battery=95
04-02 22:34:13.627  1841  9049 E TaskPersister: File error accessing recents directory (directory doesn't exist?).
04-02 22:34:14.189  1841  4208 D OplusBpfNetworkStats: succ update config 1,10362,1 over
04-02 22:34:14.612  6996  7263 D ScreenStatusProducer: Current queue status: isIdle = true, isPolling = true
04-02 22:34:14.885  1841  4208 E OplusNetworkStatsNative: bpfGetAppPurStatsTotal return 0
04-02 22:34:14.918   938  1029 E netd    : dispachCmd:oplusGetRtt
04-02 22:34:14.918   938  1029 E netd    : handleGetRttCmd: netId = 283, uid = 10362
04-02 22:34:14.922   938  1029 E netd    : dispachCmd cmd:oplusGetRtt  result:0
04-02 22:34:14.923   938  1029 E netd    : dispachCmd:oplusGetRtt
04-02 22:34:14.924   938  1029 E netd    : handleGetRttCmd: netId = 282, uid = 10362
04-02 22:34:14.927   938  1029 E netd    : dispachCmd cmd:oplusGetRtt  result:0
04-02 22:34:14.930  1841  4124 D OplusWifiConnect2: clientModeManager == null, getOplusSta2ConnectionInfo null
04-02 22:34:15.250  4845 15568 W ziparchive: Unable to open '/data/app/~~tx9nsfOrQwny2e9O1Y5MKg==/org.dpdns.sqxy090123.kit.vulnkit-RSQY61scmx8q6mxMRSX9hw==/base.dm': No such file or directory
04-02 22:34:15.250  4845 15568 W ziparchive: Unable to open '/data/app/~~tx9nsfOrQwny2e9O1Y5MKg==/org.dpdns.sqxy090123.kit.vulnkit-RSQY61scmx8q6mxMRSX9hw==/base.dm': No such file or directory
04-02 22:34:15.274  8088  8099 E IHansComunication: HANS printMessageBody: RCV message: type = 0,port = 86870,caller_pid = 1604,caller_uid = 1047,target_pid = 30927,target_uid = 10215,pkg_cmd = -1,rpc = android.hardware.ICameraServiceListener/5
04-02 22:34:15.276  8088  8099 E IHansComunication: HANS printMessageBody: RCV message: type = 0,port = 86870,caller_pid = 1604,caller_uid = 1047,target_pid = 30927,target_uid = 10215,pkg_cmd = -1,rpc = android.hardware.ICameraServiceListener/5
04-02 22:34:15.420  3854  4107 D NBLOG   : log is 2026-04-02 22:34:15.420 3854-4107 I/NMAudioPlayer: AndroidAudioPlayer: Get current PlayedTime: 54523
04-02 22:34:15.655  4323  5212 D NoBackGesture: Start gesture: MotionEvent { action=ACTION_DOWN, actionButton=0, id[0]=0, x[0]=496.25, y[0]=572.5, toolType[0]=TOOL_TYPE_FINGER, buttonState=0, classification=NONE, metaState=0, flags=0x0, edgeFlags=0x0, pointerCount=1, historySize=0, eventTime=371115654, downTime=371115654, deviceId=3, source=0x1002, displayId=0, eventId=619829586 }
04-02 22:34:15.655  4323  5212 D NoBackGesture: Not in side gesture area
04-02 22:34:15.656  1841  3067 D PowerManagerService: userActivityNoUpdateLocked: groupId=0, eventTime=371115654, event=2, flags=0x0, uid=1000
04-02 22:34:15.656  1841  2259 D TheiaRestorer: reportPointerEvent: MotionEvent { action=ACTION_DOWN, actionButton=0, id[0]=0, x[0]=496.25, y[0]=572.5, toolType[0]=TOOL_TYPE_FINGER, buttonState=0, classification=NONE, metaState=0, flags=0x0, edgeFlags=0x0, pointerCount=1, historySize=0, eventTime=371115654, downTime=371115654, deviceId=3, source=0x1002, displayId=0, eventId=619829586 }
04-02 22:34:15.656  1841  4222 D OGG_Detector: D:done mCurrStatus: 0
04-02 22:34:15.656 14562 14562 D VRI[VulnerabilityListActivity]: handleWindowFocusChanged mWindowFocusChanged false mUpcomingWindowFocus true mAdded true
04-02 22:34:15.658 14562 14562 V AutofillManager: requestHideFillUi(null): anchor = null
04-02 22:34:15.806 14562 14562 W Choreographer: Already have a pending vsync event.  There should only be one at a time.
04-02 22:34:15.813 14562 14562 I Quality : Skipped: true 1 cost 12.44488 refreshRate 11258823 bit true processName org.dpdns.sqxy090123.kit.vulnkit
04-02 22:34:15.832  1841  2416 D OplusSmartBrightnessController: handleMessage MSG_LUX_CHANGED, mLux:2490.5308 luxQueue=[2492.5793, 2491.7683, 2491.4666, 2491.583, 2491.934, 2492.2092, 2482.1592]
04-02 22:34:15.888  1841  3067 D PowerManagerService: userActivityNoUpdateLocked: groupId=0, eventTime=371115888, event=2, flags=0x0, uid=1000
04-02 22:34:15.890 14562 14562 D VRI[VulnerabilityListActivity]: handleWindowFocusChanged mWindowFocusChanged false mUpcomingWindowFocus true mAdded true
04-02 22:34:16.075  1841  2882 D CompatibilityChangeReporter: Compat change id reported: 168419799; UID 10135; state: DISABLED
04-02 22:34:16.080  8088  8099 E IHansComunication: HANS printMessageBody: RCV message: type = 0,port = 86870,caller_pid = 1604,caller_uid = 1047,target_pid = 30927,target_uid = 10215,pkg_cmd = -1,rpc = android.hardware.ICameraServiceListener/5
04-02 22:34:16.100 10032 11757 I OplusScreenDirectManager: onCancelGestureSuccess!
04-02 22:34:16.108  8088  8099 E IHansComunication: HANS printMessageBody: RCV message: type = 0,port = 86870,caller_pid = 1604,caller_uid = 1047,target_pid = 30927,target_uid = 10215,pkg_cmd = -1,rpc = android.hardware.ICameraServiceListener/5
04-02 22:34:16.108 14562 14562 I oplus.android.OplusFrameworkFactoryImpl: get feature:IOplusDynamicVsyncFeature
04-02 22:34:16.108 14562 14562 I oplus.android.OplusFrameworkFactoryImpl: get feature:IOplusDynamicVsyncFeature
04-02 22:34:16.108 14562 14562 I oplus.android.OplusFrameworkFactoryImpl: get feature:IOplusDynamicVsyncFeature
04-02 22:34:16.115 14562 14562 I oplus.android.OplusFrameworkFactoryImpl: get feature:IOplusDynamicVsyncFeature
04-02 22:34:16.115 14562 14562 I oplus.android.OplusFrameworkFactoryImpl: get feature:IOplusDynamicVsyncFeature
04-02 22:34:16.115 14562 14562 I oplus.android.OplusFrameworkFactoryImpl: get feature:IOplusDynamicVsyncFeature
04-02 22:34:16.119   938  1029 E TetherController: property_get sys.radio.data.modem_share_flag return 0, 1!
04-02 22:34:16.137  1303  1451 I SurfaceFlinger: [SF client] NEW(0xb40000718c374500) for (14562:org.dpdns.sqxy090123.kit.vulnkit)
04-02 22:34:16.140 14562 14562 D WindowManager: Add to mViews: DecorView@b70644a[VulnerabilityListActivity],pkg= org.dpdns.sqxy090123.kit.vulnkit
04-02 22:34:16.155  1841  4749 D OplusFullScreenDisplayManager: adjustWindowParamsLw org.dpdns.sqxy090123.kit.vulnkit, no change cutoutMode: 0
04-02 22:34:16.157  1841  4749 V WindowManager: Changing focus from Window{30e87f7 u0 org.dpdns.sqxy090123.kit.vulnkit/org.dpdns.sqxy090123.kit.vulnkit.VulnerabilityListActivity} to Window{53716bc u0 org.dpdns.sqxy090123.kit.vulnkit/org.dpdns.sqxy090123.kit.vulnkit.VulnerabilityListActivity},diplayid=0
04-02 22:34:16.161  1841  4749 D Theia.NoFocusWindow: FocusWindowErrorScene cancelCheckFreezeScreen
04-02 22:34:16.161  1841  4749 I WindowManager: addWindow: New client android.os.BinderProxy@2ee32af : window=Window{53716bc u0 org.dpdns.sqxy090123.kit.vulnkit/org.dpdns.sqxy090123.kit.vulnkit.VulnerabilityListActivity}
04-02 22:34:16.166 14562 14562 D InputEventReceiver: Input log is disabled
04-02 22:34:16.172  1841  2882 D CoreBackPreview: Window{53716bc u0 org.dpdns.sqxy090123.kit.vulnkit/org.dpdns.sqxy090123.kit.vulnkit.VulnerabilityListActivity}: Setting back callback OnBackInvokedCallbackInfo{mCallback=android.window.IOnBackInvokedCallback$Stub$Proxy@afe1d66, mPriority=0}
04-02 22:34:16.176  1303  1303 D Layer   : reparent to null sequence=158914, seq[1], name=Surface(name=7aa83e0 StatusBar)/@0x8013219 - animation-leash of insets_animation#158914
04-02 22:34:16.176  1303  1303 D Layer   : reparent to null sequence=158915, seq[2], name=Surface(name=87b4cd NavigationBar0)/@0xa4eacbf - animation-leash of insets_animation#158915
04-02 22:34:16.183  6538  7041 D AppSwitchObserverHelper: packageName: org.dpdns.sqxy090123.kit.vulnkit,com.android.permissioncontroller
04-02 22:34:16.187 14562 14562 I Quality : Skipped: false 2 cost 27.282217 refreshRate 11259820 bit true processName org.dpdns.sqxy090123.kit.vulnkit
04-02 22:34:16.189 14562 14562 E OplusBracketLog: [OplusViewMirrorManager] updateHostViewRootIfNeeded, not support android.view.ViewRootImpl@587b16
04-02 22:34:16.212  1841  2882 D OplusFullScreenDisplayManager: adjustWindowParamsLw org.dpdns.sqxy090123.kit.vulnkit, no change cutoutMode: 0
04-02 22:34:16.212  1841  2882 V WindowManager: Relayout Window{53716bc u0 org.dpdns.sqxy090123.kit.vulnkit/org.dpdns.sqxy090123.kit.vulnkit.VulnerabilityListActivity}: viewVisibility=0, oldvis=0, req=1026x610
04-02 22:34:16.212  1841  2882 I WindowManager: Window{53716bc u0 org.dpdns.sqxy090123.kit.vulnkit/org.dpdns.sqxy090123.kit.vulnkit.VulnerabilityListActivity} state from NO_SURFACE to DRAW_PENDING; reason: resetDrawState
04-02 22:34:16.232 14562 14562 D BufferQueueConsumer: [](id:38e200000002,api:0,p:-1,c:14562) connect: controlledByApp=false
04-02 22:34:16.233 14562 14562 E IPCThreadState: attemptIncStrongHandle(56): Not supported
04-02 22:34:16.241 14562 15572 D BufferQueueProducer: [VRI[VulnerabilityListActivity]#2(BLAST Consumer)2](id:38e200000002,api:1,p:14562,c:14562) connect: api=1 producerControlledByApp=true
04-02 22:34:16.244 14562 14562 D VRI[VulnerabilityListActivity]: registerCallbacksForSync syncBuffer=false
04-02 22:34:16.247  1841  4749 I FocusResolver: updateFocusedWindow,  on display 0, reason: Waiting for window because NO_WINDOW, result:   FocusedWindows: <none>
04-02 22:34:16.272 14562 15572 D VRI[VulnerabilityListActivity]: Received frameCommittedCallback lastAttemptedDrawFrameNum=1 didProduceBuffer=true syncBuffer=false
04-02 22:34:16.272 14562 15572 W Parcel  : Expecting binder but got null!
04-02 22:34:16.273 14562 14562 D VRI[VulnerabilityListActivity]: draw finished.
04-02 22:34:16.273 14562 14562 D VRI[VulnerabilityListActivity]: onFocusEvent false
04-02 22:34:16.274 14562 14562 D VRI[VulnerabilityListActivity]: send msg MSG_WINDOW_FOCUS_CHANGED with caller android.view.ViewRootImplExtImpl.markAndDumpWindowFocusChangeMsg:956 android.view.ViewRootImpl.windowFocusChanged:9837 android.view.ViewRootImpl$WindowInputEventReceiver.onFocusEvent:9550 android.os.MessageQueue.nativePollOnce:-2 android.os.MessageQueue.next:349 android.os.Looper.loopOnce:186 android.os.Looper.loop:351 android.app.ActivityThread.main:8422 java.lang.reflect.Method.invoke:-2 com.android.internal.os.RuntimeInit$MethodAndArgsCaller.run:584 com.android.internal.os.ZygoteInit.main:1013 <bottom of call stack> <bottom of call stack> <bottom of call stack> <bottom of call stack> <bottom of call stack> <bottom of call stack> <bottom of call stack> <bottom of call stack> <bottom of call stack> 
04-02 22:34:16.274  1841  2882 I WindowManager: Window{53716bc u0 org.dpdns.sqxy090123.kit.vulnkit/org.dpdns.sqxy090123.kit.vulnkit.VulnerabilityListActivity} state from DRAW_PENDING to COMMIT_DRAW_PENDING; reason: finishDrawingLocked
04-02 22:34:16.274  1841  2882 D WindowManager: finishDrawingLocked forceApplyNow=false,2,Window{53716bc u0 org.dpdns.sqxy090123.kit.vulnkit/org.dpdns.sqxy090123.kit.vulnkit.VulnerabilityListActivity}
04-02 22:34:16.276  1841  2275 I WindowManager: Window{53716bc u0 org.dpdns.sqxy090123.kit.vulnkit/org.dpdns.sqxy090123.kit.vulnkit.VulnerabilityListActivity} state from COMMIT_DRAW_PENDING to READY_TO_SHOW; reason: commitFinishDrawingLocked
04-02 22:34:16.276 14562 14562 I Quality : Skipped: false 3 cost 37.155754 refreshRate 11252014 bit true processName org.dpdns.sqxy090123.kit.vulnkit
04-02 22:34:16.277  1303  1303 D OplusLayer: (158933,org.dpdns.sqxy090123.kit.vulnkit/org.dpdns.sqxy090123.kit.vulnkit.VulnerabilityListActivity#158933,org.dpdns.sqxy090123.kit.vulnkit) setBuffer
04-02 22:34:16.278 14562 14562 D VRI[VulnerabilityListActivity]: registerCallbacksForSync syncBuffer=false
04-02 22:34:16.281 14562 15572 D VRI[VulnerabilityListActivity]: Received frameCommittedCallback lastAttemptedDrawFrameNum=2 didProduceBuffer=true syncBuffer=false
04-02 22:34:16.282 14562 14562 D VRI[VulnerabilityListActivity]: draw finished.
04-02 22:34:16.282 14562 14562 D VRI[VulnerabilityListActivity]: handleWindowFocusChanged mWindowFocusChanged true mUpcomingWindowFocus false mAdded true
04-02 22:34:16.285  1841  2275 I SurfaceAnimationRunner: startAnimation requiresEdgeExtension=false, animationLeash=Surface(name=Surface(name=53716bc org.dpdns.sqxy090123.kit.vulnkit/org.dpdns.sqxy090123.kit.vulnkit.VulnerabilityListActivity)/@0x14a07f9 - animation-leash of window_animation)/@0xe89733e, runningAnim=com.android.server.wm.SurfaceAnimationRunner$RunningAnimation@197259f, mPreProcessingAnimations={}
04-02 22:34:16.286  1841  2275 I WindowManager: Window{53716bc u0 org.dpdns.sqxy090123.kit.vulnkit/org.dpdns.sqxy090123.kit.vulnkit.VulnerabilityListActivity} state from READY_TO_SHOW to HAS_DRAWN; reason: performShowLocked
04-02 22:34:16.288  1841  2282 D SurfaceAnimationRunner: onAnimationStart:Surface(name=Surface(name=53716bc org.dpdns.sqxy090123.kit.vulnkit/org.dpdns.sqxy090123.kit.vulnkit.VulnerabilityListActivity)/@0x14a07f9 - animation-leash of window_animation)/@0xe89733e
04-02 22:34:16.292  1841  2275 I SurfaceAnimationRunner: startAnimation requiresEdgeExtension=false, animationLeash=Surface(name=Surface(name=Dim Layer for - Task=751)/@0x525854a - animation-leash of dimmer)/@0xd27cbb, runningAnim=com.android.server.wm.SurfaceAnimationRunner$RunningAnimation@f4245d8, mPreProcessingAnimations={}
04-02 22:34:16.295  2238  9328 D OpenGLRenderer: SkiaOpenGLPipeline::setSurface: this=0xb400007abd441700, surface=NULL
04-02 22:34:16.297  1303  1451 I SurfaceFlinger: [SF client] REMOVE (0xb4000071859c6240) for (2238:com.android.permissioncontroller)
04-02 22:34:16.299  1841  2282 D SurfaceAnimationRunner: onAnimationStart:Surface(name=Surface(name=Dim Layer for - Task=751)/@0x525854a - animation-leash of dimmer)/@0xd27cbb
04-02 22:34:16.314  1841  4749 I FocusResolver: updateFocusedWindow, 53716bc org.dpdns.sqxy090123.kit.vulnkit/org.dpdns.sqxy090123.kit.vulnkit.VulnerabilityListActivity on display 0, reason: Window became focusable. Previous reason: NOT_VISIBLE, result:   FocusedWindows:
04-02 22:34:16.314  1841  4749 I FocusResolver:     displayId=0, name='53716bc org.dpdns.sqxy090123.kit.vulnkit/org.dpdns.sqxy090123.kit.vulnkit.VulnerabilityListActivity'
04-02 22:34:16.315 14562 14562 D VRI[VulnerabilityListActivity]: onFocusEvent true
04-02 22:34:16.315 14562 14562 D VRI[VulnerabilityListActivity]: send msg MSG_WINDOW_FOCUS_CHANGED with caller android.view.ViewRootImplExtImpl.markAndDumpWindowFocusChangeMsg:956 android.view.ViewRootImpl.windowFocusChanged:9837 android.view.ViewRootImpl$WindowInputEventReceiver.onFocusEvent:9550 android.os.MessageQueue.nativePollOnce:-2 android.os.MessageQueue.next:349 android.os.Looper.loopOnce:186 android.os.Looper.loop:351 android.app.ActivityThread.main:8422 java.lang.reflect.Method.invoke:-2 com.android.internal.os.RuntimeInit$MethodAndArgsCaller.run:584 com.android.internal.os.ZygoteInit.main:1013 <bottom of call stack> <bottom of call stack> <bottom of call stack> <bottom of call stack> <bottom of call stack> <bottom of call stack> <bottom of call stack> <bottom of call stack> <bottom of call stack> 
04-02 22:34:16.316 14562 14562 D VRI[VulnerabilityListActivity]: handleWindowFocusChanged mWindowFocusChanged true mUpcomingWindowFocus true mAdded true
04-02 22:34:16.457 14562 14562 D VRI[VulnerabilityListActivity]: handleWindowFocusChanged mWindowFocusChanged false mUpcomingWindowFocus false mAdded true
04-02 22:34:16.457  1841  3067 D PowerManagerService: userActivityNoUpdateLocked: groupId=0, eventTime=371116457, event=2, flags=0x0, uid=1000
04-02 22:34:16.514  1841  2282 D SurfaceAnimationRunner: onAnimationEnd:Surface(name=Surface(name=53716bc org.dpdns.sqxy090123.kit.vulnkit/org.dpdns.sqxy090123.kit.vulnkit.VulnerabilityListActivity)/@0x14a07f9 - animation-leash of window_animation)/@0xe89733e
04-02 22:34:16.526  1841  2282 D SurfaceAnimationRunner: onAnimationEnd:Surface(name=Surface(name=Dim Layer for - Task=751)/@0x525854a - animation-leash of dimmer)/@0xd27cbb
04-02 22:34:16.530  1303  1303 D Layer   : reparent to null sequence=158934, seq[67], name=Surface(name=53716bc org.dpdns.sqxy090123.kit.vulnkit/org.dpdns.sqxy090123.kit.vulnkit.VulnerabilityListActivity)/@0x14a07f9 - animation-leash of window_animation#158934
04-02 22:34:16.542  1303  1303 D Layer   : reparent to null sequence=158936, seq[22], name=Surface(name=Dim Layer for - Task=751)/@0x525854a - animation-leash of dimmer#158936
04-02 22:34:16.825  4323  5212 D NoBackGesture: Start gesture: MotionEvent { action=ACTION_DOWN, actionButton=0, id[0]=0, x[0]=899.0, y[0]=1424.5, toolType[0]=TOOL_TYPE_FINGER, buttonState=0, classification=NONE, metaState=0, flags=0x0, edgeFlags=0x0, pointerCount=1, historySize=0, eventTime=371116824, downTime=371116824, deviceId=3, source=0x1002, displayId=0, eventId=689975019 }
04-02 22:34:16.825  4323  5212 D NoBackGesture: Not in side gesture area
04-02 22:34:16.825 14562 14562 D VRI[VulnerabilityListActivity]: handleWindowFocusChanged mWindowFocusChanged false mUpcomingWindowFocus true mAdded true
04-02 22:34:16.825  1841  3067 D PowerManagerService: userActivityNoUpdateLocked: groupId=0, eventTime=371116824, event=2, flags=0x0, uid=1000
04-02 22:34:16.825  1841  4222 D OGG_Detector: D:done mCurrStatus: 0
04-02 22:34:16.826 14562 14562 V AutofillManager: requestHideFillUi(null): anchor = null
04-02 22:34:16.826  1841  2259 D TheiaRestorer: reportPointerEvent: MotionEvent { action=ACTION_DOWN, actionButton=0, id[0]=0, x[0]=899.0, y[0]=1424.5, toolType[0]=TOOL_TYPE_FINGER, buttonState=0, classification=NONE, metaState=0, flags=0x0, edgeFlags=0x0, pointerCount=1, historySize=0, eventTime=371116824, downTime=371116824, deviceId=3, source=0x1002, displayId=0, eventId=689975019 }
04-02 22:34:16.831  1249  1249 D vendor.oplus.hardware.charger@1.0-service: getPsyUsbType type: Unknown, ret_value = 7
04-02 22:34:16.882 14562 14562 D VRI[VulnerabilityListActivity]: handleWindowFocusChanged mWindowFocusChanged false mUpcomingWindowFocus true mAdded true
04-02 22:34:16.951 14562 14562 I oplus.android.OplusFrameworkFactoryImpl: get feature:IOplusDynamicVsyncFeature
04-02 22:34:16.951 14562 14562 I oplus.android.OplusFrameworkFactoryImpl: get feature:IOplusDynamicVsyncFeature
04-02 22:34:16.951 14562 14562 I oplus.android.OplusFrameworkFactoryImpl: get feature:IOplusDynamicVsyncFeature
04-02 22:34:16.956 14562 14562 I oplus.android.OplusFrameworkFactoryImpl: get feature:IOplusDynamicVsyncFeature
04-02 22:34:16.956 14562 14562 I oplus.android.OplusFrameworkFactoryImpl: get feature:IOplusDynamicVsyncFeature
04-02 22:34:16.956 14562 14562 I oplus.android.OplusFrameworkFactoryImpl: get feature:IOplusDynamicVsyncFeature
04-02 22:34:16.968  1303  2545 I SurfaceFlinger: [SF client] NEW(0xb4000071975e0f80) for (14562:org.dpdns.sqxy090123.kit.vulnkit)
04-02 22:34:16.972 14562 14562 D WindowManager: Add to mViews: DecorView@9e7b886[VulnerabilityListActivity],pkg= org.dpdns.sqxy090123.kit.vulnkit
04-02 22:34:16.976  1841  7390 D OplusFullScreenDisplayManager: adjustWindowParamsLw org.dpdns.sqxy090123.kit.vulnkit, no change cutoutMode: 0
04-02 22:34:16.978  1841  7390 V WindowManager: Changing focus from Window{53716bc u0 org.dpdns.sqxy090123.kit.vulnkit/org.dpdns.sqxy090123.kit.vulnkit.VulnerabilityListActivity} to Window{c9727ee u0 org.dpdns.sqxy090123.kit.vulnkit/org.dpdns.sqxy090123.kit.vulnkit.VulnerabilityListActivity},diplayid=0
04-02 22:34:16.981  1841  7390 D Theia.NoFocusWindow: FocusWindowErrorScene cancelCheckFreezeScreen
04-02 22:34:16.981  1841  7390 I WindowManager: addWindow: New client android.os.BinderProxy@4bfe169 : window=Window{c9727ee u0 org.dpdns.sqxy090123.kit.vulnkit/org.dpdns.sqxy090123.kit.vulnkit.VulnerabilityListActivity}
04-02 22:34:16.983 14562 14562 D InputEventReceiver: Input log is disabled
04-02 22:34:16.983  1841  7390 D CoreBackPreview: Window{c9727ee u0 org.dpdns.sqxy090123.kit.vulnkit/org.dpdns.sqxy090123.kit.vulnkit.VulnerabilityListActivity}: Setting back callback OnBackInvokedCallbackInfo{mCallback=android.window.IOnBackInvokedCallback$Stub$Proxy@a3ed508, mPriority=0}
04-02 22:34:16.987 14562 15692 I CVE-2019-2215: Starting exploit...
04-02 22:34:16.987 14562 14562 D OplusScrollToTopManager: org.dpdns.sqxy090123.kit.vulnkit/org.dpdns.sqxy090123.kit.vulnkit.VulnerabilityListActivity,window dying
04-02 22:34:16.987 14562 14562 D OplusScrollToTopManager: org.dpdns.sqxy090123.kit.vulnkit/org.dpdns.sqxy090123.kit.vulnkit.VulnerabilityListActivity,unregisterSystemUIBroadcastReceiver 
04-02 22:34:16.987 14562 14562 D OplusScrollToTopManager: org.dpdns.sqxy090123.kit.vulnkit/org.dpdns.sqxy090123.kit.vulnkit.VulnerabilityListActivity, unregisterSystemUIBroadcastReceiver failed java.lang.IllegalArgumentException: Receiver not registered: android.view.OplusScrollToTopManager$2@40d3ee3
04-02 22:34:16.988  1841  4748 D CoreBackPreview: Window{53716bc u0 org.dpdns.sqxy090123.kit.vulnkit/org.dpdns.sqxy090123.kit.vulnkit.VulnerabilityListActivity}: Setting back callback null
04-02 22:34:16.992 14562 14562 D OpenGLRenderer: RenderProxy::destroy: this=0xb400007a4ea99e00, mContext=0xb400007a59217900
04-02 22:34:16.992 14562 15572 D OpenGLRenderer: SkiaOpenGLPipeline::setSurface: this=0xb400007a523a1500, surface=NULL
04-02 22:34:16.992 14562 15572 D BufferQueueProducer: [VRI[VulnerabilityListActivity]#2(BLAST Consumer)2](id:38e200000002,api:1,p:14562,c:14562) disconnect: api 1
04-02 22:34:16.992 14562 15572 D OpenGLRenderer: endAllActiveAnimators on 0xb400007aadd98400 (RippleDrawable) with handle 0xb400007aadd9c7a0
04-02 22:34:16.993  1841  4709 W InputManager-JNI: Input channel object '53716bc org.dpdns.sqxy090123.kit.vulnkit/org.dpdns.sqxy090123.kit.vulnkit.VulnerabilityListActivity (client)' was disposed without first being removed with the input manager!
04-02 22:34:16.995  1841  4709 I SurfaceAnimationRunner: startAnimation requiresEdgeExtension=false, animationLeash=Surface(name=Surface(name=53716bc org.dpdns.sqxy090123.kit.vulnkit/org.dpdns.sqxy090123.kit.vulnkit.VulnerabilityListActivity)/@0x14a07f9 - animation-leash of window_animation)/@0xecaa687, runningAnim=com.android.server.wm.SurfaceAnimationRunner$RunningAnimation@e7039b4, mPreProcessingAnimations={}
04-02 22:34:16.996  1303  1303 D Layer   : reparent to null sequence=158931, seq[1], name=Surface(name=7aa83e0 StatusBar)/@0x8013219 - animation-leash of insets_animation#158931
04-02 22:34:16.996  1303  1303 D Layer   : reparent to null sequence=158932, seq[2], name=Surface(name=87b4cd NavigationBar0)/@0xa4eacbf - animation-leash of insets_animation#158932
04-02 22:34:16.998  1841  2282 D SurfaceAnimationRunner: onAnimationStart:Surface(name=Surface(name=53716bc org.dpdns.sqxy090123.kit.vulnkit/org.dpdns.sqxy090123.kit.vulnkit.VulnerabilityListActivity)/@0x14a07f9 - animation-leash of window_animation)/@0xecaa687
04-02 22:34:16.998  1841  4709 I SurfaceAnimationRunner: startAnimation requiresEdgeExtension=false, animationLeash=Surface(name=Surface(name=Dim Layer for - Task=751)/@0x525854a - animation-leash of dimmer)/@0xe820952, runningAnim=com.android.server.wm.SurfaceAnimationRunner$RunningAnimation@3a12423, mPreProcessingAnimations={}
04-02 22:34:16.999  1841  4749 I FocusResolver: updateFocusedWindow,  on display 0, reason: NO_WINDOW, result:   FocusedWindows: <none>
04-02 22:34:17.005 14562 14562 I Quality : Skipped: false 8 cost 91.44472 refreshRate 11249990 bit true processName org.dpdns.sqxy090123.kit.vulnkit
04-02 22:34:17.006  1841  2270 V WindowManager: Unknown focus tokens, dropping reportFocusChanged
04-02 22:34:17.006 14562 14562 E OplusBracketLog: [OplusViewMirrorManager] updateHostViewRootIfNeeded, not support android.view.ViewRootImpl@a76d712
04-02 22:34:17.011  1841  2282 D SurfaceAnimationRunner: onAnimationStart:Surface(name=Surface(name=Dim Layer for - Task=751)/@0x525854a - animation-leash of dimmer)/@0xe820952
04-02 22:34:17.013  1841  4749 D OplusFullScreenDisplayManager: adjustWindowParamsLw org.dpdns.sqxy090123.kit.vulnkit, no change cutoutMode: 0
04-02 22:34:17.013  1841  4749 V WindowManager: Relayout Window{c9727ee u0 org.dpdns.sqxy090123.kit.vulnkit/org.dpdns.sqxy090123.kit.vulnkit.VulnerabilityListActivity}: viewVisibility=0, oldvis=0, req=1026x348
04-02 22:34:17.013  1841  4749 I WindowManager: Window{c9727ee u0 org.dpdns.sqxy090123.kit.vulnkit/org.dpdns.sqxy090123.kit.vulnkit.VulnerabilityListActivity} state from NO_SURFACE to DRAW_PENDING; reason: resetDrawState
04-02 22:34:17.023 14562 15672 D BufferQueueConsumer: [VRI[VulnerabilityListActivity]#2(BLAST Consumer)2](id:38e200000002,api:0,p:-1,c:14562) disconnect
04-02 22:34:17.024 14562 14562 D BufferQueueConsumer: [](id:38e200000003,api:0,p:-1,c:14562) connect: controlledByApp=false
04-02 22:34:17.024 14562 14562 E IPCThreadState: attemptIncStrongHandle(78): Not supported
04-02 22:34:17.027 14562 15572 D BufferQueueProducer: [VRI[VulnerabilityListActivity]#3(BLAST Consumer)3](id:38e200000003,api:1,p:14562,c:14562) connect: api=1 producerControlledByApp=true
04-02 22:34:17.029 14562 14562 D VRI[VulnerabilityListActivity]: registerCallbacksForSync syncBuffer=false
04-02 22:34:17.034 14562 15572 D VRI[VulnerabilityListActivity]: Received frameCommittedCallback lastAttemptedDrawFrameNum=1 didProduceBuffer=true syncBuffer=false
04-02 22:34:17.034 14562 15572 W Parcel  : Expecting binder but got null!
04-02 22:34:17.034 14562 14562 D VRI[VulnerabilityListActivity]: draw finished.
04-02 22:34:17.035  1841  4709 I WindowManager: Window{c9727ee u0 org.dpdns.sqxy090123.kit.vulnkit/org.dpdns.sqxy090123.kit.vulnkit.VulnerabilityListActivity} state from DRAW_PENDING to COMMIT_DRAW_PENDING; reason: finishDrawingLocked
04-02 22:34:17.035  1841  4709 D WindowManager: finishDrawingLocked forceApplyNow=false,2,Window{c9727ee u0 org.dpdns.sqxy090123.kit.vulnkit/org.dpdns.sqxy090123.kit.vulnkit.VulnerabilityListActivity}
04-02 22:34:17.036 14562 14562 D OplusScrollToTopManager: org.dpdns.sqxy090123.kit.vulnkit/org.dpdns.sqxy090123.kit.vulnkit.VulnerabilityListActivity,window dying
04-02 22:34:17.036 14562 14562 D OplusScrollToTopManager: org.dpdns.sqxy090123.kit.vulnkit/org.dpdns.sqxy090123.kit.vulnkit.VulnerabilityListActivity,unregisterSystemUIBroadcastReceiver 
04-02 22:34:17.036 14562 14562 D OplusScrollToTopManager: org.dpdns.sqxy090123.kit.vulnkit/org.dpdns.sqxy090123.kit.vulnkit.VulnerabilityListActivity, unregisterSystemUIBroadcastReceiver failed java.lang.IllegalArgumentException: Receiver not registered: android.view.OplusScrollToTopManager$2@2368328
04-02 22:34:17.036  1841  2275 I WindowManager: Window{c9727ee u0 org.dpdns.sqxy090123.kit.vulnkit/org.dpdns.sqxy090123.kit.vulnkit.VulnerabilityListActivity} state from COMMIT_DRAW_PENDING to READY_TO_SHOW; reason: commitFinishDrawingLocked
04-02 22:34:17.040  1841  2275 I SurfaceAnimationRunner: startAnimation requiresEdgeExtension=false, animationLeash=Surface(name=Surface(name=c9727ee org.dpdns.sqxy090123.kit.vulnkit/org.dpdns.sqxy090123.kit.vulnkit.VulnerabilityListActivity)/@0x7d7df7f - animation-leash of window_animation)/@0x83d0b4c, runningAnim=com.android.server.wm.SurfaceAnimationRunner$RunningAnimation@4372795, mPreProcessingAnimations={}
04-02 22:34:17.040  1841  2275 I WindowManager: Window{c9727ee u0 org.dpdns.sqxy090123.kit.vulnkit/org.dpdns.sqxy090123.kit.vulnkit.VulnerabilityListActivity} state from READY_TO_SHOW to HAS_DRAWN; reason: performShowLocked
04-02 22:34:17.042  1303  1303 D OplusLayer: (158942,org.dpdns.sqxy090123.kit.vulnkit/org.dpdns.sqxy090123.kit.vulnkit.VulnerabilityListActivity#158942,org.dpdns.sqxy090123.kit.vulnkit) setBuffer
04-02 22:34:17.042  1841  2282 D SurfaceAnimationRunner: onAnimationStart:Surface(name=Surface(name=c9727ee org.dpdns.sqxy090123.kit.vulnkit/org.dpdns.sqxy090123.kit.vulnkit.VulnerabilityListActivity)/@0x7d7df7f - animation-leash of window_animation)/@0x83d0b4c
04-02 22:34:17.044  1841  2275 I SurfaceAnimationRunner: startAnimation requiresEdgeExtension=false, animationLeash=Surface(name=Surface(name=Dim Layer for - Task=751)/@0x6d59038 - animation-leash of dimmer)/@0xe2fa811, runningAnim=com.android.server.wm.SurfaceAnimationRunner$RunningAnimation@da5ed76, mPreProcessingAnimations={}
04-02 22:34:17.047  1841  4749 D CoreBackPreview: Window{c9727ee u0 org.dpdns.sqxy090123.kit.vulnkit/org.dpdns.sqxy090123.kit.vulnkit.VulnerabilityListActivity}: Setting back callback null
04-02 22:34:17.048 14562 14562 D OpenGLRenderer: RenderProxy::destroy: this=0xb400007a597a4a00, mContext=0xb400007a592dc4c0
04-02 22:34:17.048 14562 15572 D OpenGLRenderer: SkiaOpenGLPipeline::setSurface: this=0xb400007aadd19300, surface=NULL
04-02 22:34:17.048 14562 15572 D BufferQueueProducer: [VRI[VulnerabilityListActivity]#3(BLAST Consumer)3](id:38e200000003,api:1,p:14562,c:14562) disconnect: api 1
04-02 22:34:17.049 14562 15672 D BufferQueueConsumer: [VRI[VulnerabilityListActivity]#3(BLAST Consumer)3](id:38e200000003,api:0,p:-1,c:14562) disconnect
04-02 22:34:17.051  1841  4749 W InputManager-JNI: Input channel object 'c9727ee org.dpdns.sqxy090123.kit.vulnkit/org.dpdns.sqxy090123.kit.vulnkit.VulnerabilityListActivity (client)' was disposed without first being removed with the input manager!
04-02 22:34:17.052  1841  4749 D SurfaceAnimationRunner: onAnimationCancelled:Surface(name=Surface(name=c9727ee org.dpdns.sqxy090123.kit.vulnkit/org.dpdns.sqxy090123.kit.vulnkit.VulnerabilityListActivity)/@0x7d7df7f - animation-leash of window_animation)/@0x83d0b4c com.android.server.wm.LocalAnimationAdapter.onAnimationCancelled:72 com.android.server.wm.SurfaceAnimator.cancelAnimation:452 com.android.server.wm.SurfaceAnimator.startAnimation:216 com.android.server.wm.WindowContainer.startAnimation:2919 com.android.server.wm.WindowContainer.startAnimation:2926 
04-02 22:34:17.053  1841  2282 D SurfaceAnimationRunner: onAnimationEnd:Surface(name=Surface(name=c9727ee org.dpdns.sqxy090123.kit.vulnkit/org.dpdns.sqxy090123.kit.vulnkit.VulnerabilityListActivity)/@0x7d7df7f - animation-leash of window_animation)/@0x83d0b4c
04-02 22:34:17.054  1841  2282 D SurfaceAnimationRunner: onAnimationStart:Surface(name=Surface(name=Dim Layer for - Task=751)/@0x6d59038 - animation-leash of dimmer)/@0xe2fa811
04-02 22:34:17.055  1841  4749 I SurfaceAnimationRunner: startAnimation requiresEdgeExtension=false, animationLeash=Surface(name=Surface(name=c9727ee org.dpdns.sqxy090123.kit.vulnkit/org.dpdns.sqxy090123.kit.vulnkit.VulnerabilityListActivity)/@0x7d7df7f - animation-leash of window_animation)/@0x3fb6b02, runningAnim=com.android.server.wm.SurfaceAnimationRunner$RunningAnimation@2335c13, mPreProcessingAnimations={}
04-02 22:34:17.055  1841  4749 V WindowManager: Changing focus from Window{c9727ee u0 org.dpdns.sqxy090123.kit.vulnkit/org.dpdns.sqxy090123.kit.vulnkit.VulnerabilityListActivity EXITING} to Window{30e87f7 u0 org.dpdns.sqxy090123.kit.vulnkit/org.dpdns.sqxy090123.kit.vulnkit.VulnerabilityListActivity},diplayid=0
04-02 22:34:17.060  1841  4749 D Theia.NoFocusWindow: FocusWindowErrorScene cancelCheckFreezeScreen
04-02 22:34:17.063  1841  4749 D SurfaceAnimationRunner: onAnimationCancelled:Surface(name=Surface(name=Dim Layer for - Task=751)/@0x6d59038 - animation-leash of dimmer)/@0xe2fa811 com.android.server.wm.LocalAnimationAdapter.onAnimationCancelled:72 com.android.server.wm.SurfaceAnimator.cancelAnimation:452 com.android.server.wm.SurfaceAnimator.startAnimation:216 com.android.server.wm.SurfaceAnimator.startAnimation:285 com.android.server.wm.Dimmer$$ExternalSyntheticLambda0.startAnimation:0 
04-02 22:34:17.063  1841  2282 D SurfaceAnimationRunner: onAnimationEnd:Surface(name=Surface(name=Dim Layer for - Task=751)/@0x6d59038 - animation-leash of dimmer)/@0xe2fa811
04-02 22:34:17.065  1841  2282 D SurfaceAnimationRunner: onAnimationStart:Surface(name=Surface(name=c9727ee org.dpdns.sqxy090123.kit.vulnkit/org.dpdns.sqxy090123.kit.vulnkit.VulnerabilityListActivity)/@0x7d7df7f - animation-leash of window_animation)/@0x3fb6b02
04-02 22:34:17.065  1841  4749 I SurfaceAnimationRunner: startAnimation requiresEdgeExtension=false, animationLeash=Surface(name=Surface(name=Dim Layer for - Task=751)/@0x6d59038 - animation-leash of dimmer)/@0xc583a8b, runningAnim=com.android.server.wm.SurfaceAnimationRunner$RunningAnimation@5e97768, mPreProcessingAnimations={}
04-02 22:34:17.072  1841  4749 D NotificationService--OplusNotificationManagerServiceExtImpl: shouldInterceptToast: 
04-02 22:34:17.076  1303  1303 D Layer   : reparent to null sequence=158945, seq[2], name=Surface(name=Dim Layer for - Task=751)/@0x6d59038 - animation-leash of dimmer#158945
04-02 22:34:17.076  1303  1303 D Layer   : reparent to null sequence=158943, seq[7], name=Surface(name=c9727ee org.dpdns.sqxy090123.kit.vulnkit/org.dpdns.sqxy090123.kit.vulnkit.VulnerabilityListActivity)/@0x7d7df7f - animation-leash of window_animation#158943
04-02 22:34:17.076  1303  1303 D Layer   : reparent to null sequence=158939, seq[2], name=Surface(name=87b4cd NavigationBar0)/@0xa4eacbf - animation-leash of insets_animation#158939
04-02 22:34:17.076  1303  1303 D Layer   : reparent to null sequence=158938, seq[1], name=Surface(name=7aa83e0 StatusBar)/@0x8013219 - animation-leash of insets_animation#158938
04-02 22:34:17.077  1841  2282 D SurfaceAnimationRunner: onAnimationStart:Surface(name=Surface(name=Dim Layer for - Task=751)/@0x6d59038 - animation-leash of dimmer)/@0xc583a8b
04-02 22:34:17.078 14562 14562 I Quality : Skipped: false 4 cost 51.663383 refreshRate 11250622 bit true processName org.dpdns.sqxy090123.kit.vulnkit
04-02 22:34:17.089  1841  4709 I FocusResolver: updateFocusedWindow, 30e87f7 org.dpdns.sqxy090123.kit.vulnkit/org.dpdns.sqxy090123.kit.vulnkit.VulnerabilityListActivity on display 0, reason: setFocusedWindow, result:   FocusedWindows:
04-02 22:34:17.089  1841  4709 I FocusResolver:     displayId=0, name='30e87f7 org.dpdns.sqxy090123.kit.vulnkit/org.dpdns.sqxy090123.kit.vulnkit.VulnerabilityListActivity'
04-02 22:34:17.090 14562 14562 D VRI[VulnerabilityListActivity]: onFocusEvent true
04-02 22:34:17.091 14562 14562 D VRI[VulnerabilityListActivity]: send msg MSG_WINDOW_FOCUS_CHANGED with caller android.view.ViewRootImplExtImpl.markAndDumpWindowFocusChangeMsg:956 android.view.ViewRootImpl.windowFocusChanged:9837 android.view.ViewRootImpl$WindowInputEventReceiver.onFocusEvent:9550 android.os.MessageQueue.nativePollOnce:-2 android.os.MessageQueue.next:349 android.os.Looper.loopOnce:186 android.os.Looper.loop:351 android.app.ActivityThread.main:8422 java.lang.reflect.Method.invoke:-2 com.android.internal.os.RuntimeInit$MethodAndArgsCaller.run:584 com.android.internal.os.ZygoteInit.main:1013 <bottom of call stack> <bottom of call stack> <bottom of call stack> <bottom of call stack> <bottom of call stack> <bottom of call stack> <bottom of call stack> <bottom of call stack> <bottom of call stack> 
