04-02 22:34:11.884  1841  2882 D OplusDexOptimizeManager: Do not in AppLaunchOptList!
04-02 22:34:11.885  4323  4413 D ShellTaskOrganizerExt: isOnCanvas size:0
04-02 22:34:11.885  4323  4413 D ShellTaskOrganizerExt: isOnThreeFlexibleCanvas size:0
04-02 22:34:11.885  4323  4413 D ShellTaskOrganizerExt: visibleFlexibleTaskInfos delete:751
04-02 22:34:11.886  1841  2882 D OplusUIFirst_FB: org.dpdns.sqxy090123.kit.vulnkit activity event: []
04-02 22:34:11.886  1841  2882 D OplusUIFirst_FB: List of ThreadOp: size=0 []
04-02 22:34:11.886  1841  2882 D OplusUIFirst_FB: handleParaSwitch org.dpdns.sqxy090123.kit.vulnkit null null 1
04-02 22:34:11.886  1841  2882 I InputDispatcher: setFocusedApplication displayId=0 ActivityRecord{2b5b50e u0 org.dpdns.sqxy090123.kit.vulnkit/.VulnerabilityListActivity} t751}
04-02 22:34:11.887  1841  2882 V WindowManager: Changing focus from Window{5c73ae8 u0 org.dpdns.sqxy090123.kit.vulnkit/org.dpdns.sqxy090123.kit.vulnkit.MainActivity} to null,diplayid=0
04-02 22:34:11.887  1841  2882 D Theia.NoFocusWindow: FocusWindowErrorScene CheckFreezeScreen
04-02 22:34:11.891  1841  4124 D OplusWifiConnect2: clientModeManager == null, getOplusSta2ConnectionInfo null
04-02 22:34:11.894 14562 14562 I ConfigurationController: handleConfigurationChanged: true, config: {1.0 ??mcc??mnc [zh_CN] ldltr sw360dp w360dp h761dp 480dpi nrml long hdr widecg port night finger -keyb/v/h -nav/h winConfig={ mBounds=Rect(0, 0 - 1080, 2400) mAppBounds=Rect(0, 115 - 1080, 2400) mMaxBounds=Rect(0, 0 - 1080, 2400) mDisplayRotation=ROTATION_0 mWindowingMode=fullscreen mDisplayWindowingMode=fullscreen mActivityType=undefined mAlwaysOnTop=undefined mRotation=ROTATION_0} as.68 s.37641 fontWeightAdjustment=0mThemeChanged= 0, mThemeChangedFlags= 0, mFlipFont= 1329, mAccessibleChanged= -1, mUxIconConfig= 3468921665126662176, mMaterialColor= 800000000, mUserId= 0, mFontUserId= 0, mFontVariationSettings= 226, mFoldingAngle = -1.0, mIconPackName= , mDarkModeBackgroundMaxL= 0.0, mDarkModeDialogBgMaxL= 27.0, mDarkModeForegroundMinL= 100.0, mOplusConfigType= 1, mOplusChangedConfigs= 0, OpSans= 0, mBurmeseFontFlag= 2, mFlag= 0, mPuttDisplayFlag= -1} 
04-02 22:34:11.894 14562 14562 I ConfigurationController: , curconfig: {1.0 ??mcc??mnc [zh_CN] ldltr sw360dp w360dp h761dp 480dpi nrml long hdr widecg port night finger -keyb/v/h -nav/h winConfig={ mBounds=Rect(0, 0 - 1080, 2400) mAppBounds=Rect(0, 115 - 1080, 2400) mMaxBounds=Rect(0, 0 - 1080, 2400) mDisplayRotation=ROTATION_0 mWindowingMode=fullscreen mDisplayWindowingMode=fullscreen mActivityType=undefined mAlwaysOnTop=undefined mRotation=ROTATION_0} as.68 s.37641 fontWeightAdjustment=0mThemeChanged= 0, mThemeChangedFlags= 0, mFlipFont= 1329, mAccessibleChanged= -1, mUxIconConfig= 3468921665126662176, mMaterialColor= 800000000, mUserId= 0, mFontUserId= 0, mFontVariationSettings= 226, mFoldingAngle = -1.0, mIconPackName= , mDarkModeBackgroundMaxL= 0.0, mDarkModeDialogBgMaxL= 27.0, mDarkModeForegroundMinL= 100.0, mOplusConfigType= 1, mOplusChangedConfigs= 0, OpSans= 0, mBurmeseFontFlag= 2, mFlag= 0, mPuttDisplayFlag= -1} 
04-02 22:34:11.894 14562 14562 I ConfigurationController: android.app.ActivityThread.handleLaunchActivity:4003 android.app.servertransaction.LaunchActivityItem.execute:111 android.app.servertransaction.TransactionExecutor.executeCallbacks:135 android.app.servertransaction.TransactionExecutor.execute:95 android.app.ActivityThread$H.handleMessage:2474 android.os.Handler.dispatchMessage:106 android.os.Looper.loopOnce:240 android.os.Looper.loop:351 android.app.ActivityThread.main:8422 java.lang.reflect.Method.invoke:-2 
04-02 22:34:11.895   937   944 I statsd  : An anomaly (104240000001) (42)0x10000->10362[I] (42)0x20000->org.dpdns.sqxy090123.kit.vulnkit[S] (42)0x30000->.VulnerabilityListActivity[S]  has occurred! Informing subscribers.
04-02 22:34:11.896  1158  1322 E ANDR-PERF-OPTSHANDLER: Perflock resource /sys/class/devfreq/soc:qcom,cpubw/bw_hwmon/io_percent not supported
04-02 22:34:11.896  1158  1322 E ANDR-PERF-RESOURCEQS: Failed to apply optimization [6, 2]
04-02 22:34:11.896  1158  1322 E ANDR-PERF-OPTSHANDLER: Perflock resource /sys/class/devfreq/soc:qcom,cpubw/bw_hwmon/sample_ms not supported
04-02 22:34:11.896  1158  1322 E ANDR-PERF-RESOURCEQS: Failed to apply optimization [6, 8]
04-02 22:34:11.896  1158  1322 E ANDR-PERF-OPTSHANDLER: Perflock resource SPECIAL_NODE - cpubw_hwmon_hyst_opt not supported
04-02 22:34:11.896  1158  1322 E ANDR-PERF-RESOURCEQS: Failed to apply optimization [6, 3]
04-02 22:34:11.896  1158  1322 E ANDR-PERF-OPTSHANDLER: Perflock resource /sys/class/devfreq/soc:qcom,cpubw/min_freq not supported
04-02 22:34:11.896  1158  1322 E ANDR-PERF-RESOURCEQS: Failed to apply optimization [6, 0]
04-02 22:34:11.896  1158  1322 E ANDR-PERF-OPTSHANDLER: Perflock resource /sys/class/devfreq/soc:qcom,llccbw/min_freq not supported
04-02 22:34:11.897  1158  1322 E ANDR-PERF-RESOURCEQS: Failed to apply optimization [12, 0]
04-02 22:34:11.897  1158  1322 E ANDR-PERF-OPTSHANDLER: Perflock resource /sys/class/devfreq/soc:qcom,llccbw/bw_hwmon/io_percent not supported
04-02 22:34:11.897  1158  1322 E ANDR-PERF-RESOURCEQS: Failed to apply optimization [12, 1]
04-02 22:34:11.897  1158  1322 E ANDR-PERF-OPTSHANDLER: Perflock resource /sys/class/devfreq/soc:qcom,llccbw/bw_hwmon/sample_ms not supported
04-02 22:34:11.897  1158  1322 E ANDR-PERF-RESOURCEQS: Failed to apply optimization [12, 3]
04-02 22:34:11.897  1158  1322 E ANDR-PERF-OPTSHANDLER: Perflock resource SPECIAL_NODE - llcbw_hwmon_hyst_opt not supported
04-02 22:34:11.897  1158  1322 E ANDR-PERF-RESOURCEQS: Failed to apply optimization [12, 2]
04-02 22:34:11.897  1158  1322 E ANDR-PERF-OPTSHANDLER: Min bounds check failed
04-02 22:34:11.897  1158  1322 E ANDR-PERF-OPTSHANDLER: Error! Perflock failed, invalid request value 79
04-02 22:34:11.897  1158  1322 E ANDR-PERF-RESOURCEQS: Failed to apply optimization [12, 6]
04-02 22:34:11.897  9983 10297 D SceneSDK.1.0.1-02-SNAPSHOT.9983.DeepThinkerAppSwitchAbility: onAppSwitchEvent: AppSwitchEvent(timeStamp=0, eventType=2, targetName=org.dpdns.sqxy090123.kit.vulnkit, firstStart=false, multiApp=false, windowMode=0, resumingPackageName=com.android.permissioncontroller, resumingActivityName=com.android.permissioncontroller.permission.ui.GrantPermissionsActivity, isResumingMultiApp=false, isResumingFirstStart=false)
04-02 22:34:11.898  9983 10297 I metis_v2_AppSwitchDataCollector: AppExitEvent =  org.dpdns.sqxy090123.kit.vulnkit, NextAppName = com.android.permissioncontroller
04-02 22:34:11.898  6996 30161 I OplusObrain: OplusObrainClientInvoke.getPWAppInfo
04-02 22:34:11.901  1841  4748 I FocusResolver: updateFocusedWindow,  on display 0, reason: Waiting for window because NOT_FOCUSABLE, result:   FocusedWindows: <none>
04-02 22:34:11.903  6996 30161 E MIDASApplication: MIDASNativeAdapter: getPWAppInfo method_getPWAppInfos appInfos null
04-02 22:34:11.903  1303  1450 E SurfaceFlinger: midas  refreshRate = 90
04-02 22:34:11.906  9983 10297 D SceneSDK.1.0.1-02-SNAPSHOT.9983.DeepThinkerAppSwitchAbility: onAppSwitchEvent: AppSwitchEvent(timeStamp=0, eventType=1, targetName=com.android.permissioncontroller, firstStart=false, multiApp=false, windowMode=1, resumingPackageName=, resumingActivityName=, isResumingMultiApp=false, isResumingFirstStart=false)
04-02 22:34:11.906  9983 10297 I metis_v2_AppSwitchDataCollector: AppEnterEvent =  com.android.permissioncontroller, windowMode = 1
04-02 22:34:11.906  9983 10299 D metis_v2_FactCollectorFacade: panta-sugg-HighMemoryState 1001
04-02 22:34:11.906  9983 10299 D metis_v2_FactCollectorFacade: panta-sugg-DefaultState 1001
04-02 22:34:11.909  8088  8099 E IHansComunication: HANS printMessageBody: RCV message: type = 0,port = 86870,caller_pid = 1604,caller_uid = 1047,target_pid = 30927,target_uid = 10215,pkg_cmd = -1,rpc = android.hardware.ICameraServiceListener/5
04-02 22:34:11.909  8088  8099 E IHansComunication: HANS printMessageBody: RCV message: type = 0,port = 86870,caller_pid = 1604,caller_uid = 1047,target_pid = 30927,target_uid = 10215,pkg_cmd = -1,rpc = android.hardware.ICameraServiceListener/5
04-02 22:34:11.933 14562 14562 D AutofillManager: Fill dialog is enabled:false, hints=[password, passwordAuto, creditCardNumber, creditCardSecurityCode, creditCardExpirationDate]
04-02 22:34:11.933 14562 14562 V TextView: notifyAutoFillManagerAfterTextChanged
04-02 22:34:11.933 14562 14562 V AutofillManager: notifyValueChanged(1073741824): ignoring on state UNKNOWN
04-02 22:34:11.934 14562 14562 V TextView: notifyAutoFillManagerAfterTextChanged
04-02 22:34:11.934 14562 14562 V AutofillManager: notifyValueChanged(1073741824): ignoring on state UNKNOWN
04-02 22:34:11.940  1841  2367 D ProcessCpuTrackerExtImpl: mContext is already set, return now! 
04-02 22:34:11.955 14562 14562 I oplus.android.OplusFrameworkFactoryImpl: get feature:IOplusDynamicVsyncFeature
04-02 22:34:11.955 14562 14562 I oplus.android.OplusFrameworkFactoryImpl: get feature:IOplusDynamicVsyncFeature
04-02 22:34:11.955 14562 14562 I oplus.android.OplusFrameworkFactoryImpl: get feature:IOplusDynamicVsyncFeature
04-02 22:34:11.955  1249  1249 D vendor.oplus.hardware.charger@1.0-service: getPsyUsbType type: Unknown, ret_value = 7
04-02 22:34:11.964 14562 14562 I ExploitLoader: Loaded exploit: CVE-2019-2215 (binder)
04-02 22:34:11.964 14562 14562 I ExploitLoader: Loaded exploit: CVE-2020-29374 (Linux Kernel UAF)
04-02 22:34:11.964 14562 14562 I ExploitLoader: Loaded exploit: CVE-2021-0340 (NFC Location Leak)
04-02 22:34:11.964 14562 14562 I ExploitLoader: Loaded exploit: CVE-2022-20347 (Bluetooth Permission Bypass)
04-02 22:34:11.964 14562 14562 I ExploitLoader: Loaded exploit: CVE-2022-20360 (Secure NFC Permission Bypass)
04-02 22:34:11.965 14562 14562 I ExploitLoader: Loaded exploit: CVE-2023-20913 (Tapjacking Attack)
04-02 22:34:11.965 14562 14562 I ExploitLoader: Loaded exploit: CVE-2024-0044 (run-as injection)
04-02 22:34:11.965 14562 14562 I ExploitLoader: Loaded exploit: CVE-2024-43093 (Unicode Path Bypass)
04-02 22:34:11.965 14562 14562 I ExploitLoader: Loaded exploit: CVE-2025-38352 (POSIX CPU Timer UAF)
04-02 22:34:11.966 14562 14562 I ExploitLoader: Loaded exploit: CVE-2025-48536 (Confused Deputy - Secure Settings)
04-02 22:34:11.966 14562 14562 I ExploitLoader: Loaded exploit: CVE-2025-48572 (Framework Privilege Escalation)
04-02 22:34:11.966 14562 14562 I ExploitLoader: Loaded exploit: CVE-2026-0107 (Memory Controller PE)
04-02 22:34:11.966 14562 14562 I ExploitLoader: Loaded exploit: CVE-2026-21385 (Qualcomm KGSL UAF)
04-02 22:34:11.966 14562 14562 I ExploitLoader: Loaded exploit: CVE-2025-32320 (Clipboard History Leak)
04-02 22:34:11.966 14562 14562 I ExploitLoader: Loaded exploit: CVE-2025-12345 (Wi-Fi Config Bypass)
04-02 22:34:11.967 14562 14562 I ExploitLoader: Loaded exploit: CVE-2025-67890 (Volume Setting Bypass)
04-02 22:34:11.968  9983 10297 D SceneSDK.1.0.1-02-SNAPSHOT.9983.DeepThinkerAppSwitchAbility: onAppSwitchEvent: AppSwitchEvent(timeStamp=0, eventType=2, targetName=com.android.permissioncontroller, firstStart=false, multiApp=false, windowMode=0, resumingPackageName=org.dpdns.sqxy090123.kit.vulnkit, resumingActivityName=org.dpdns.sqxy090123.kit.vulnkit.MainActivity, isResumingMultiApp=false, isResumingFirstStart=false)
04-02 22:34:11.968  9983 10297 I metis_v2_AppSwitchDataCollector: AppExitEvent =  com.android.permissioncontroller, NextAppName = org.dpdns.sqxy090123.kit.vulnkit
04-02 22:34:11.969  9983 10297 D metis_v2_AppInfoUtils: getTopAppInfos is [OplusAppInfo{windowingMode=1, activityType=1, taskId=751, appBounds=Rect(0, 0 - 1080, 2400), appInfo=ApplicationInfo{6d562bb org.dpdns.sqxy090123.kit.vulnkit}, topActivity=ComponentInfo{org.dpdns.sqxy090123.kit.vulnkit/org.dpdns.sqxy090123.kit.vulnkit.VulnerabilityListActivity}, displayId=0, orientation=-1, userId=0, launchedFromPackage=org.dpdns.sqxy090123.kit.vulnkit, isRootActivity=false, extension=Bundle[EMPTY_PARCEL]}]
04-02 22:34:11.969  9983 10297 D metis_v2_AppSwitchDataCollector: Delete Top Application: com.android.permissioncontroller
04-02 22:34:11.969  9983 10297 D metis_v2_JenaAdapter: getIndividualByIndividualName individualName:HostDevice
04-02 22:34:11.969  9983 10297 D metis_v2_JenaAdapter: getIndividualByIndividualName end!
04-02 22:34:11.969  9983 10297 D metis_v2_JenaAdapter: getObjectTypeObject s:http://com.oplus.pantanal/metis/core-ontology#HostDevice, objectPropertyName:hasTopApp
04-02 22:34:11.969  9983 10297 D metis_v2_JenaAdapter: getObjectTypeIndividual s:http://com.oplus.pantanal/metis/core-ontology#HostDevice, objectPropertyName:hasTopApp
04-02 22:34:11.969  9983 10297 D metis_v2_JenaAdapter: listObjectTypeIndividual s:http://com.oplus.pantanal/metis/core-ontology#HostDevice, objectPropertyName:hasTopApp
04-02 22:34:11.969  9983 10297 D metis_v2_JenaAdapter: listObjectTypeIndividual end!
04-02 22:34:11.969  9983 10297 D metis_v2_JenaAdapter: className:Application
04-02 22:34:11.969  9983 10297 D metis_v2_EntityMap: className:Application
04-02 22:34:11.969  9983 10297 D metis_v2_JenaAdapter: getStringDataTypeObject s:http://com.oplus.pantanal/metis/core-ontology#TopApplication, dataPropertyName:appVersion
04-02 22:34:11.969  9983 10297 D metis_v2_JenaAdapter: getDataTypeObject s:http://com.oplus.pantanal/metis/core-ontology#TopApplication, dataPropertyName:appVersion
04-02 22:34:11.970  9983 10297 D metis_v2_JenaAdapter: getDataTypeObject end!
04-02 22:34:11.970  9983 10297 D metis_v2_JenaAdapter: getIntDataTypeObject s:http://com.oplus.pantanal/metis/core-ontology#TopApplication, dataPropertyName:pid
04-02 22:34:11.970  9983 10297 D metis_v2_JenaAdapter: getDataTypeObject s:http://com.oplus.pantanal/metis/core-ontology#TopApplication, dataPropertyName:pid
04-02 22:34:11.970  9983 10297 D metis_v2_JenaAdapter: getDataTypeObject end!
04-02 22:34:11.970  9983 10297 D metis_v2_JenaAdapter: getStringDataTypeObject s:http://com.oplus.pantanal/metis/core-ontology#TopApplication, dataPropertyName:pkgName
04-02 22:34:11.970  9983 10297 D metis_v2_JenaAdapter: getDataTypeObject s:http://com.oplus.pantanal/metis/core-ontology#TopApplication, dataPropertyName:pkgName
04-02 22:34:11.970  9983 10297 D metis_v2_JenaAdapter: getDataTypeObject end!
04-02 22:34:11.970  9983 10297 D metis_v2_JenaAdapter: getLongDataTypeObject s:http://com.oplus.pantanal/metis/core-ontology#TopApplication, dataPropertyName:timeStamp
04-02 22:34:11.970  9983 10297 D metis_v2_JenaAdapter: getDataTypeObject s:http://com.oplus.pantanal/metis/core-ontology#TopApplication, dataPropertyName:timeStamp
04-02 22:34:11.970  9983 10297 D metis_v2_JenaAdapter: getDataTypeObject end!
04-02 22:34:11.970  9983 10297 D metis_v2_JenaAdapter: getIntDataTypeObject s:http://com.oplus.pantanal/metis/core-ontology#TopApplication, dataPropertyName:appLaunchCount
04-02 22:34:11.970  9983 10297 D metis_v2_JenaAdapter: getDataTypeObject s:http://com.oplus.pantanal/metis/core-ontology#TopApplication, dataPropertyName:appLaunchCount
04-02 22:34:11.970  9983 10297 D metis_v2_JenaAdapter: getDataTypeObject end!
04-02 22:34:11.970  9983 10297 D metis_v2_JenaAdapter: getIntDataTypeObject s:http://com.oplus.pantanal/metis/core-ontology#TopApplication, dataPropertyName:statisticalPeriod
04-02 22:34:11.970  9983 10297 D metis_v2_JenaAdapter: getDataTypeObject s:http://com.oplus.pantanal/metis/core-ontology#TopApplication, dataPropertyName:statisticalPeriod
04-02 22:34:11.970  9983 10297 D metis_v2_JenaAdapter: getDataTypeObject end!
04-02 22:34:11.970  9983 10297 D metis_v2_JenaAdapter: getBooleanDataTypeObject s:http://com.oplus.pantanal/metis/core-ontology#TopApplication, dataPropertyName:isBindAccount
04-02 22:34:11.970  9983 10297 D metis_v2_JenaAdapter: getDataTypeObject s:http://com.oplus.pantanal/metis/core-ontology#TopApplication, dataPropertyName:isBindAccount
04-02 22:34:11.970  9983 10297 D metis_v2_JenaAdapter: getDataTypeObject end!
04-02 22:34:11.970  9983 10297 D metis_v2_JenaAdapter: getBooleanDataTypeObject s:http://com.oplus.pantanal/metis/core-ontology#TopApplication, dataPropertyName:isNotifiedTVCast
04-02 22:34:11.970  9983 10297 D metis_v2_JenaAdapter: getDataTypeObject s:http://com.oplus.pantanal/metis/core-ontology#TopApplication, dataPropertyName:isNotifiedTVCast
04-02 22:34:11.970  9983 10297 D metis_v2_JenaAdapter: getDataTypeObject end!
04-02 22:34:11.970  9983 10297 D metis_v2_JenaAdapter: getIntDataTypeObject s:http://com.oplus.pantanal/metis/core-ontology#TopApplication, dataPropertyName:daysOfSwitchOff
04-02 22:34:11.970  9983 10297 D metis_v2_JenaAdapter: getDataTypeObject s:http://com.oplus.pantanal/metis/core-ontology#TopApplication, dataPropertyName:daysOfSwitchOff
04-02 22:34:11.971  9983 10297 D metis_v2_JenaAdapter: getDataTypeObject end!
04-02 22:34:11.971  9983 10297 D metis_v2_JenaAdapter: getIntDataTypeObject s:http://com.oplus.pantanal/metis/core-ontology#TopApplication, dataPropertyName:daysOfCancelImportantPermission
04-02 22:34:11.971  9983 10297 D metis_v2_JenaAdapter: getDataTypeObject s:http://com.oplus.pantanal/metis/core-ontology#TopApplication, dataPropertyName:daysOfCancelImportantPermission
04-02 22:34:11.971  9983 10297 D metis_v2_JenaAdapter: getDataTypeObject end!
04-02 22:34:11.972  1303  1450 I SurfaceFlinger: [SF client] NEW(0xb40000718594f7c0) for (14562:org.dpdns.sqxy090123.kit.vulnkit)
04-02 22:34:11.975  9983 10297 D SceneSDK.1.0.1-02-SNAPSHOT.9983.DeepThinkerAppSwitchAbility: onAppSwitchEvent: AppSwitchEvent(timeStamp=0, eventType=1, targetName=org.dpdns.sqxy090123.kit.vulnkit, firstStart=false, multiApp=false, windowMode=1, resumingPackageName=, resumingActivityName=, isResumingMultiApp=false, isResumingFirstStart=false)
04-02 22:34:11.975  9983 10297 I metis_v2_AppSwitchDataCollector: AppEnterEvent =  org.dpdns.sqxy090123.kit.vulnkit, windowMode = 1
04-02 22:34:11.975 14562 14562 D WindowManager: Add to mViews: DecorView@313c3ac[VulnerabilityListActivity],pkg= org.dpdns.sqxy090123.kit.vulnkit
04-02 22:34:11.975  9983 10299 D metis_v2_FactCollectorFacade: panta-sugg-HighMemoryState 1001
04-02 22:34:11.975  9983 10299 D metis_v2_FactCollectorFacade: panta-sugg-DefaultState 1001
04-02 22:34:11.976  9983 10297 D metis_v2_AppInfoUtils: getTopAppInfos is [OplusAppInfo{windowingMode=1, activityType=1, taskId=751, appBounds=Rect(0, 0 - 1080, 2400), appInfo=ApplicationInfo{49233d8 org.dpdns.sqxy090123.kit.vulnkit}, topActivity=ComponentInfo{org.dpdns.sqxy090123.kit.vulnkit/org.dpdns.sqxy090123.kit.vulnkit.VulnerabilityListActivity}, displayId=0, orientation=-1, userId=0, launchedFromPackage=org.dpdns.sqxy090123.kit.vulnkit, isRootActivity=false, extension=Bundle[EMPTY_PARCEL]}]
04-02 22:34:11.976  9983 10297 D metis_v2_JenaAdapter: getIndividualByIndividualName individualName:HostDevice
04-02 22:34:11.977  9983 10297 D metis_v2_JenaAdapter: getIndividualByIndividualName end!
04-02 22:34:11.978  9983 10297 D metis_v2_JenaAdapter: updateObjectTypeObject s:http://com.oplus.pantanal/metis/core-ontology#HostDevice, objectPropertyName:hasTopApp,oEntity:e.a.k.e.j.w0.d.d@f1c1331
04-02 22:34:11.978  9983 10297 D metis_v2_JenaAdapter: getObjectTypeIndividual s:http://com.oplus.pantanal/metis/core-ontology#HostDevice, objectPropertyName:hasTopApp
04-02 22:34:11.978  9983 10297 D metis_v2_JenaAdapter: listObjectTypeIndividual s:http://com.oplus.pantanal/metis/core-ontology#HostDevice, objectPropertyName:hasTopApp
04-02 22:34:11.978  9983 10297 D metis_v2_JenaAdapter: listObjectTypeIndividual end!
04-02 22:34:11.978  9983 10297 D metis_v2_JenaAdapter: removeCache value:http://com.oplus.pantanal/metis/core-ontology#TopApplication
04-02 22:34:11.978  9983 10297 D metis_v2_JenaAdapter: putCache key:TopApplication, value:http://com.oplus.pantanal/metis/core-ontology#TopApplication
04-02 22:34:11.978  9983 10297 W metis_v2_JenaAdapter: updateDataTypeObject s is null or dataPropertyName is null or o is null!
04-02 22:34:11.978  9983 10297 D metis_v2_JenaAdapter: getIntDataTypeObject s:http://com.oplus.pantanal/metis/core-ontology#TopApplication, dataPropertyName:pid
04-02 22:34:11.978  9983 10297 D metis_v2_JenaAdapter: getDataTypeObject s:http://com.oplus.pantanal/metis/core-ontology#TopApplication, dataPropertyName:pid
04-02 22:34:11.978  9983 10297 D metis_v2_JenaAdapter: getDataTypeObject end!
04-02 22:34:11.978  9983 10297 W metis_v2_JenaAdapter: updateDataTypeObject old value is equal to new value,no need to update!
04-02 22:34:11.978  9983 10297 D metis_v2_JenaAdapter: getStringDataTypeObject s:http://com.oplus.pantanal/metis/core-ontology#TopApplication, dataPropertyName:pkgName
04-02 22:34:11.978  9983 10297 D metis_v2_JenaAdapter: getDataTypeObject s:http://com.oplus.pantanal/metis/core-ontology#TopApplication, dataPropertyName:pkgName
04-02 22:34:11.978  9983 10297 D metis_v2_JenaAdapter: getDataTypeObject end!
04-02 22:34:11.978  9983 10297 W metis_v2_JenaAdapter: updateDataTypeObject old value is equal to new value,no need to update!
04-02 22:34:11.978  9983 10297 D metis_v2_JenaAdapter: getLongDataTypeObject s:http://com.oplus.pantanal/metis/core-ontology#TopApplication, dataPropertyName:timeStamp
04-02 22:34:11.978  9983 10297 D metis_v2_JenaAdapter: getDataTypeObject s:http://com.oplus.pantanal/metis/core-ontology#TopApplication, dataPropertyName:timeStamp
04-02 22:34:11.978  9983 10297 D metis_v2_JenaAdapter: getDataTypeObject end!
04-02 22:34:11.978  9983 10297 D metis_v2_JenaAdapter: updateDataTypeObject s:http://com.oplus.pantanal/metis/core-ontology#TopApplication, dataPropertyName:timeStamp, o:1775140451976
04-02 22:34:11.978  9983 10297 D metis_v2_JenaAdapter: sIsRDFUpdated is set true!
04-02 22:34:11.978  9983 10297 D metis_v2_JenaAdapter: addDataTypeObject s:http://com.oplus.pantanal/metis/core-ontology#TopApplication, dataPropertyName:timeStamp,o:1775140451976
04-02 22:34:11.978  9983 10297 D metis_v2_JenaAdapter: sIsRDFUpdated is set true!
04-02 22:34:11.978  9983 10297 W metis_v2_JenaAdapter: updateDataTypeObject s is null or dataPropertyName is null or o is null!
04-02 22:34:11.978  9983 10297 W metis_v2_JenaAdapter: updateDataTypeObject s is null or dataPropertyName is null or o is null!
04-02 22:34:11.978  9983 10297 W metis_v2_JenaAdapter: updateDataTypeObject s is null or dataPropertyName is null or o is null!
04-02 22:34:11.978  9983 10297 D metis_v2_JenaAdapter: getBooleanDataTypeObject s:http://com.oplus.pantanal/metis/core-ontology#TopApplication, dataPropertyName:isNotifiedTVCast
04-02 22:34:11.978  9983 10297 D metis_v2_JenaAdapter: getDataTypeObject s:http://com.oplus.pantanal/metis/core-ontology#TopApplication, dataPropertyName:isNotifiedTVCast
04-02 22:34:11.978  1841  2882 D OplusFullScreenDisplayManager: adjustWindowParamsLw org.dpdns.sqxy090123.kit.vulnkit, no change cutoutMode: 0
04-02 22:34:11.979  9983 10297 D metis_v2_JenaAdapter: getDataTypeObject end!
04-02 22:34:11.979  9983 10297 W metis_v2_JenaAdapter: updateDataTypeObject old value is equal to new value,no need to update!
04-02 22:34:11.979  9983 10297 W metis_v2_JenaAdapter: updateDataTypeObject s is null or dataPropertyName is null or o is null!
04-02 22:34:11.979  9983 10297 W metis_v2_JenaAdapter: updateDataTypeObject s is null or dataPropertyName is null or o is null!
04-02 22:34:11.979  9983 10297 D DataCollector_ONetAdapter: getConnectedDevice
04-02 22:34:11.979  9983 10297 D ONet:case: (ONetAdapter.kt:7)get Cached Devices
04-02 22:34:11.979  9923 25318 D ONet:CoreManager: (IONetService.java:161)getCachedDevicesWithBundle:
04-02 22:34:11.979  9923 25318 D ONet:CoreManager: (IONetService.java:161)getCachedDevicesWithBundle:accountLevel=1, onlineState=1
04-02 22:34:11.979  9923 25318 D ONet:DeviceManager: (ONetDeviceManager.java:1)getOnlineAndOfflineListByCurrentState() filtered state=[2]
04-02 22:34:11.979  9923 25318 D ONet:DeviceManager: (ONetCoreManager.java:47)getOnlineDeviceList: =[]
04-02 22:34:11.979  9923 25318 D ONet:DeviceManager: (IONetService.java:161)getOnlineDevicesByAccountCondition:online devices are null.
04-02 22:34:11.980  9983 10297 D DataCollector_ONetAdapter: getConnectedDevice oNetDeviceList null
04-02 22:34:11.980  9983 10297 E metis_v2_FactManager: There is no subModel: com.oplus.linker
04-02 22:34:11.980  9983 10297 I metis_v2_AppSwitchDataCollector: Skip call fire
04-02 22:34:11.980  1841  2882 I WindowManager: addWindow: New client android.os.BinderProxy@b8207f6 : window=Window{30e87f7 u0 org.dpdns.sqxy090123.kit.vulnkit/org.dpdns.sqxy090123.kit.vulnkit.VulnerabilityListActivity}
04-02 22:34:11.982 14562 14562 D InputEventReceiver: Input log is disabled
04-02 22:34:11.982  1841  2882 D CoreBackPreview: Window{30e87f7 u0 org.dpdns.sqxy090123.kit.vulnkit/org.dpdns.sqxy090123.kit.vulnkit.VulnerabilityListActivity}: Setting back callback OnBackInvokedCallbackInfo{mCallback=android.window.IOnBackInvokedCallback$Stub$Proxy@aea70cd, mPriority=0}
04-02 22:34:11.984 14562 14562 D VRI[MainActivity]: onFocusEvent false
04-02 22:34:11.985 14562 14562 D VRI[MainActivity]: send msg MSG_WINDOW_FOCUS_CHANGED with caller android.view.ViewRootImplExtImpl.markAndDumpWindowFocusChangeMsg:956 android.view.ViewRootImpl.windowFocusChanged:9837 android.view.ViewRootImpl$WindowInputEventReceiver.onFocusEvent:9550 android.os.MessageQueue.nativePollOnce:-2 android.os.MessageQueue.next:349 android.os.Looper.loopOnce:186 android.os.Looper.loop:351 android.app.ActivityThread.main:8422 java.lang.reflect.Method.invoke:-2 com.android.internal.os.RuntimeInit$MethodAndArgsCaller.run:584 com.android.internal.os.ZygoteInit.main:1013 <bottom of call stack> <bottom of call stack> <bottom of call stack> <bottom of call stack> <bottom of call stack> <bottom of call stack> <bottom of call stack> <bottom of call stack> <bottom of call stack> 
04-02 22:34:11.985 14562 14562 I Quality : Skipped: false 1 cost 14.968594 refreshRate 11111111 bit true processName org.dpdns.sqxy090123.kit.vulnkit
04-02 22:34:11.986 14562 14562 E OplusBracketLog: [OplusViewMirrorManager] updateHostViewRootIfNeeded, not support android.view.ViewRootImpl@6cf6e98
04-02 22:34:11.991  1841  7390 D OplusFullScreenDisplayManager: adjustWindowParamsLw org.dpdns.sqxy090123.kit.vulnkit, no change cutoutMode: 0
04-02 22:34:11.991  1841  7390 V WindowManager: Relayout Window{30e87f7 u0 org.dpdns.sqxy090123.kit.vulnkit/org.dpdns.sqxy090123.kit.vulnkit.VulnerabilityListActivity}: viewVisibility=0, oldvis=4, req=1080x2400
04-02 22:34:11.992  1841  7390 I WindowManager: Window{30e87f7 u0 org.dpdns.sqxy090123.kit.vulnkit/org.dpdns.sqxy090123.kit.vulnkit.VulnerabilityListActivity} state from NO_SURFACE to DRAW_PENDING; reason: resetDrawState
04-02 22:34:11.995  1841  7390 V WindowManager: Changing focus from null to Window{30e87f7 u0 org.dpdns.sqxy090123.kit.vulnkit/org.dpdns.sqxy090123.kit.vulnkit.VulnerabilityListActivity},diplayid=0
04-02 22:34:11.997  1841  7390 D Theia.NoFocusWindow: FocusWindowErrorScene cancelCheckFreezeScreen
04-02 22:34:12.000 14562 14562 D BufferQueueConsumer: [](id:38e200000001,api:0,p:-1,c:14562) connect: controlledByApp=false
04-02 22:34:12.003 14562 15572 D BufferQueueProducer: [VRI[VulnerabilityListActivity]#1(BLAST Consumer)1](id:38e200000001,api:1,p:14562,c:14562) connect: api=1 producerControlledByApp=true
04-02 22:34:12.011  1303  1303 D Layer   : reparent to null sequence=158909, seq[2], name=Surface(name=87b4cd NavigationBar0)/@0xa4eacbf - animation-leash of insets_animation#158909
04-02 22:34:12.012  1303  1303 D Layer   : reparent to null sequence=158908, seq[1], name=Surface(name=7aa83e0 StatusBar)/@0x8013219 - animation-leash of insets_animation#158908
04-02 22:34:12.014 14562 14562 V TextView: notifyAutoFillManagerAfterTextChanged
04-02 22:34:12.014 14562 14562 V AutofillManager: notifyValueChanged(1073741825): ignoring on state UNKNOWN
04-02 22:34:12.040 14562 14562 V TextView: notifyAutoFillManagerAfterTextChanged
04-02 22:34:12.040 14562 14562 V AutofillManager: notifyValueChanged(1073741826): ignoring on state UNKNOWN
04-02 22:34:12.050 14562 14562 V TextView: notifyAutoFillManagerAfterTextChanged
04-02 22:34:12.050 14562 14562 V AutofillManager: notifyValueChanged(1073741827): ignoring on state UNKNOWN
04-02 22:34:12.060 14562 14562 V TextView: notifyAutoFillManagerAfterTextChanged
04-02 22:34:12.060 14562 14562 V AutofillManager: notifyValueChanged(1073741828): ignoring on state UNKNOWN
04-02 22:34:12.072 14562 14562 V TextView: notifyAutoFillManagerAfterTextChanged
04-02 22:34:12.072 14562 14562 V AutofillManager: notifyValueChanged(1073741829): ignoring on state UNKNOWN
04-02 22:34:12.084 14562 14562 V TextView: notifyAutoFillManagerAfterTextChanged
04-02 22:34:12.084 14562 14562 V AutofillManager: notifyValueChanged(1073741830): ignoring on state UNKNOWN
04-02 22:34:12.085 14562 15559 I 123.kit.vulnkit: Compiler allocated 4148KB to compile void android.widget.TextView.<init>(android.content.Context, android.util.AttributeSet, int, int)
04-02 22:34:12.094 14562 14562 V TextView: notifyAutoFillManagerAfterTextChanged
04-02 22:34:12.094 14562 14562 V AutofillManager: notifyValueChanged(1073741831): ignoring on state UNKNOWN
04-02 22:34:12.102 14562 14562 V TextView: notifyAutoFillManagerAfterTextChanged
04-02 22:34:12.102 14562 14562 V AutofillManager: notifyValueChanged(1073741832): ignoring on state UNKNOWN
04-02 22:34:12.110 14562 14562 D VRI[VulnerabilityListActivity]: registerCallbacksForSync syncBuffer=false
04-02 22:34:12.114  1158  1322 E ANDR-PERF-OPTSHANDLER: Perflock resource /sys/class/devfreq/soc:qcom,cpubw/bw_hwmon/io_percent not supported
04-02 22:34:12.114  1158  1322 E ANDR-PERF-RESOURCEQS: Failed to apply optimization [6, 2]
04-02 22:34:12.114  1158  1322 E ANDR-PERF-OPTSHANDLER: Perflock resource /sys/class/devfreq/soc:qcom,cpubw/bw_hwmon/sample_ms not supported
04-02 22:34:12.114  1158  1322 E ANDR-PERF-RESOURCEQS: Failed to apply optimization [6, 8]
04-02 22:34:12.114  1158  1322 E ANDR-PERF-OPTSHANDLER: Perflock resource SPECIAL_NODE - cpubw_hwmon_hyst_opt not supported
04-02 22:34:12.114  1158  1322 E ANDR-PERF-RESOURCEQS: Failed to apply optimization [6, 3]
04-02 22:34:12.114  1158  1322 E ANDR-PERF-OPTSHANDLER: Perflock resource /sys/class/devfreq/soc:qcom,cpubw/min_freq not supported
04-02 22:34:12.114  1158  1322 E ANDR-PERF-RESOURCEQS: Failed to apply optimization [6, 0]
04-02 22:34:12.114  1158  1322 E ANDR-PERF-OPTSHANDLER: Perflock resource /sys/class/devfreq/soc:qcom,llccbw/min_freq not supported
04-02 22:34:12.114  1158  1322 E ANDR-PERF-RESOURCEQS: Failed to apply optimization [12, 0]
04-02 22:34:12.115  1158  1322 E ANDR-PERF-OPTSHANDLER: Perflock resource /sys/class/devfreq/soc:qcom,llccbw/bw_hwmon/io_percent not supported
04-02 22:34:12.115  1158  1322 E ANDR-PERF-RESOURCEQS: Failed to apply optimization [12, 1]
04-02 22:34:12.115  1158  1322 E ANDR-PERF-OPTSHANDLER: Perflock resource /sys/class/devfreq/soc:qcom,llccbw/bw_hwmon/sample_ms not supported
04-02 22:34:12.115  1158  1322 E ANDR-PERF-RESOURCEQS: Failed to apply optimization [12, 3]
04-02 22:34:12.115  1158  1322 E ANDR-PERF-OPTSHANDLER: Perflock resource SPECIAL_NODE - llcbw_hwmon_hyst_opt not supported
04-02 22:34:12.115  1158  1322 E ANDR-PERF-RESOURCEQS: Failed to apply optimization [12, 2]
04-02 22:34:12.115  1158  1322 E ANDR-PERF-OPTSHANDLER: Min bounds check failed
04-02 22:34:12.115  1158  1322 E ANDR-PERF-OPTSHANDLER: Error! Perflock failed, invalid request value 79
04-02 22:34:12.115  1158  1322 E ANDR-PERF-RESOURCEQS: Failed to apply optimization [12, 6]
04-02 22:34:12.132 14562 15572 D VRI[VulnerabilityListActivity]: Received frameCommittedCallback lastAttemptedDrawFrameNum=1 didProduceBuffer=true syncBuffer=false
04-02 22:34:12.133 14562 15572 W Parcel  : Expecting binder but got null!
04-02 22:34:12.133 14562 14562 D VRI[VulnerabilityListActivity]: draw finished.
04-02 22:34:12.135  1303  1303 D OplusLayer: (158913,org.dpdns.sqxy090123.kit.vulnkit/org.dpdns.sqxy090123.kit.vulnkit.VulnerabilityListActivity#158913,org.dpdns.sqxy090123.kit.vulnkit) setBuffer
04-02 22:34:12.136  1841  2882 I WindowManager: Window{30e87f7 u0 org.dpdns.sqxy090123.kit.vulnkit/org.dpdns.sqxy090123.kit.vulnkit.VulnerabilityListActivity} state from DRAW_PENDING to COMMIT_DRAW_PENDING; reason: finishDrawingLocked
04-02 22:34:12.136  1841  2882 D WindowManager: finishDrawingLocked forceApplyNow=false,2,Window{30e87f7 u0 org.dpdns.sqxy090123.kit.vulnkit/org.dpdns.sqxy090123.kit.vulnkit.VulnerabilityListActivity}
04-02 22:34:12.136 14562 14562 D VRI[MainActivity]: handleWindowFocusChanged mWindowFocusChanged true mUpcomingWindowFocus false mAdded true
04-02 22:34:12.137  1841  2275 I WindowManager: Window{30e87f7 u0 org.dpdns.sqxy090123.kit.vulnkit/org.dpdns.sqxy090123.kit.vulnkit.VulnerabilityListActivity} state from COMMIT_DRAW_PENDING to READY_TO_SHOW; reason: commitFinishDrawingLocked
04-02 22:34:12.140 14562 14562 I Quality : Skipped: false 12 cost 143.96011 refreshRate 11250413 bit true processName org.dpdns.sqxy090123.kit.vulnkit
04-02 22:34:12.142  1841  2275 I SurfaceAnimationRunner: startAnimation requiresEdgeExtension=true, animationLeash=Surface(name=Surface(name=ActivityRecord{2b5b50e u0 org.dpdns.sqxy090123.kit.vulnkit/.VulnerabilityListActivity})/@0x689cc01 - animation-leash of app_transition)/@0xe9a5aa6, runningAnim=com.android.server.wm.SurfaceAnimationRunner$RunningAnimation@1bb5ce7, mPreProcessingAnimations={}
04-02 22:34:12.147  1841  2275 I SurfaceAnimationRunner: startAnimation requiresEdgeExtension=true, animationLeash=Surface(name=Surface(name=ActivityRecord{6f5365b u0 org.dpdns.sqxy090123.kit.vulnkit/.MainActivity})/@0x656e083 - animation-leash of app_transition)/@0x3b7b200, runningAnim=com.android.server.wm.SurfaceAnimationRunner$RunningAnimation@972fa39, mPreProcessingAnimations={Surface(name=Surface(name=ActivityRecord{2b5b50e u0 org.dpdns.sqxy090123.kit.vulnkit/.VulnerabilityListActivity})/@0x689cc01 - animation-leash of app_transition)/@0xe9a5aa6=com.android.server.wm.SurfaceAnimationRunner$RunningAnimation@1bb5ce7}
04-02 22:34:12.147  1841  2275 I WindowManager: Window{30e87f7 u0 org.dpdns.sqxy090123.kit.vulnkit/org.dpdns.sqxy090123.kit.vulnkit.VulnerabilityListActivity} state from READY_TO_SHOW to HAS_DRAWN; reason: performShowLocked
04-02 22:34:12.149  1841  2257 I ActivityTaskManager: Displayed org.dpdns.sqxy090123.kit.vulnkit/.VulnerabilityListActivity: +279ms
04-02 22:34:12.151   690   690 I hwservicemanager: getTransport: Cannot find entry vendor.qti.hardware.iop@2.0::IIop/default in either framework or device VINTF manifest.
04-02 22:34:12.153   690   690 I hwservicemanager: getTransport: Cannot find entry vendor.qti.hardware.iop@2.0::IIop/default in either framework or device VINTF manifest.
04-02 22:34:12.154 14562 14562 D VRI[VulnerabilityListActivity]: registerCallbacksForSync syncBuffer=false
04-02 22:34:12.159 14562 15572 D VRI[VulnerabilityListActivity]: Received frameCommittedCallback lastAttemptedDrawFrameNum=3 didProduceBuffer=true syncBuffer=false
04-02 22:34:12.160 14562 14562 D VRI[VulnerabilityListActivity]: draw finished.
04-02 22:34:12.167  1841  2412 D CameraDelegate: handleMessage MSG_MODE_RECOVERY_BRIGHTNESS
04-02 22:34:12.175  1841 11911 D BufferQueueConsumer: [](id:73100000b84,api:0,p:-1,c:1841) connect: controlledByApp=false
04-02 22:34:12.177  1158  6371 E ANDR-PERF-LM: VmRssMeter:: start() 447: Could not find pid, can not collect vmrss data
04-02 22:34:12.177  1158  6372 E ANDR-PERF-LM: VmRssMeter:: start() 447: Could not find pid, can not collect vmrss data
04-02 22:34:12.177  1158  6372 E ANDR-PERF-LM: AdaptiveLaunch: writeToDataBase() 64: Meter aborted or could not get meter data for this run
04-02 22:34:12.177  1841 11911 E IPCThreadState: attemptIncStrongHandle(4413): Not supported
04-02 22:34:12.178  1841 11911 E IPCThreadState: attemptIncStrongHandle(4625): Not supported
04-02 22:34:12.178  1841 11911 D BufferQueueProducer: [bbq-adapter#2360(BLAST Consumer)2360](id:73100000b84,api:2,p:1841,c:1841) connect: api=2 producerControlledByApp=true
04-02 22:34:12.179  1841 11912 D BufferQueueConsumer: [](id:73100000b85,api:0,p:-1,c:1841) connect: controlledByApp=false
04-02 22:34:12.179  1841 11911 D BufferQueueProducer: [bbq-adapter#2360(BLAST Consumer)2360](id:73100000b84,api:2,p:1841,c:1841) disconnect: api 2
04-02 22:34:12.179  1841 11911 I SurfaceAnimationRunner: startAnimation EdgeExtensionExecutor, animationLeash=Surface(name=Surface(name=ActivityRecord{6f5365b u0 org.dpdns.sqxy090123.kit.vulnkit/.MainActivity})/@0x656e083 - animation-leash of app_transition)/@0x3b7b200, runningAnim=com.android.server.wm.SurfaceAnimationRunner$RunningAnimation@972fa39, mPreProcessingAnimations.get(animationLeash)=com.android.server.wm.SurfaceAnimationRunner$RunningAnimation@972fa39, mPreProcessingAnimations.containsValue(runningAnim)=true, mPreProcessingAnimations={Surface(name=Surface(name=ActivityRecord{6f5365b u0 org.dpdns.sqxy090123.kit.vulnkit/.MainActivity})/@0x656e083 - animation-leash of app_transition)/@0x3b7b200=com.android.server.wm.SurfaceAnimationRunner$RunningAnimation@972fa39, Surface(name=Surface(name=ActivityRecord{2b5b50e u0 org.dpdns.sqxy090123.kit.vulnkit/.VulnerabilityListActivity})/@0x689cc01 - animation-leash of app_transition)/@0xe9a5aa6=com.android.server.wm.SurfaceAnimationRunner$RunningAnimation@1bb5ce7}
04-02 22:34:12.179  1841 11912 D BufferQueueProducer: [bbq-adapter#2361(BLAST Consumer)2361](id:73100000b85,api:2,p:1841,c:1841) connect: api=2 producerControlledByApp=true
04-02 22:34:12.179  1841 11912 D BufferQueueProducer: [bbq-adapter#2361(BLAST Consumer)2361](id:73100000b85,api:2,p:1841,c:1841) disconnect: api 2
04-02 22:34:12.181  1841 11912 I SurfaceAnimationRunner: startAnimation EdgeExtensionExecutor, animationLeash=Surface(name=Surface(name=ActivityRecord{2b5b50e u0 org.dpdns.sqxy090123.kit.vulnkit/.VulnerabilityListActivity})/@0x689cc01 - animation-leash of app_transition)/@0xe9a5aa6, runningAnim=com.android.server.wm.SurfaceAnimationRunner$RunningAnimation@1bb5ce7, mPreProcessingAnimations.get(animationLeash)=com.android.server.wm.SurfaceAnimationRunner$RunningAnimation@1bb5ce7, mPreProcessingAnimations.containsValue(runningAnim)=true, mPreProcessingAnimations={Surface(name=Surface(name=ActivityRecord{2b5b50e u0 org.dpdns.sqxy090123.kit.vulnkit/.VulnerabilityListActivity})/@0x689cc01 - animation-leash of app_transition)/@0xe9a5aa6=com.android.server.wm.SurfaceAnimationRunner$RunningAnimation@1bb5ce7}
04-02 22:34:12.181  1303  1303 D OplusLayer: (158924,bbq-wrapper#158924 Right Edge Extension#158923,system_server) setBuffer
04-02 22:34:12.182  1303  1303 D OplusLayer: (158926,bbq-wrapper#158926 Left Edge Extension#158925,system_server) setBuffer
04-02 22:34:12.192  1841  2282 D SurfaceAnimationRunner: onAnimationStart:Surface(name=Surface(name=ActivityRecord{2b5b50e u0 org.dpdns.sqxy090123.kit.vulnkit/.VulnerabilityListActivity})/@0x689cc01 - animation-leash of app_transition)/@0xe9a5aa6
04-02 22:34:12.192  1841  2282 D SurfaceAnimationRunner: onAnimationStart:Surface(name=Surface(name=ActivityRecord{6f5365b u0 org.dpdns.sqxy090123.kit.vulnkit/.MainActivity})/@0x656e083 - animation-leash of app_transition)/@0x3b7b200
04-02 22:34:12.250  1841  2882 I FocusResolver: updateFocusedWindow, 30e87f7 org.dpdns.sqxy090123.kit.vulnkit/org.dpdns.sqxy090123.kit.vulnkit.VulnerabilityListActivity on display 0, reason: Window became focusable. Previous reason: NOT_VISIBLE, result:   FocusedWindows:
04-02 22:34:12.250  1841  2882 I FocusResolver:     displayId=0, name='30e87f7 org.dpdns.sqxy090123.kit.vulnkit/org.dpdns.sqxy090123.kit.vulnkit.VulnerabilityListActivity'
04-02 22:34:12.251 14562 14562 D VRI[VulnerabilityListActivity]: onFocusEvent true
04-02 22:34:12.251 14562 14562 D VRI[VulnerabilityListActivity]: send msg MSG_WINDOW_FOCUS_CHANGED with caller android.view.ViewRootImplExtImpl.markAndDumpWindowFocusChangeMsg:956 android.view.ViewRootImpl.windowFocusChanged:9837 android.view.ViewRootImpl$WindowInputEventReceiver.onFocusEvent:9550 android.os.MessageQueue.nativePollOnce:-2 android.os.MessageQueue.next:349 android.os.Looper.loopOnce:186 android.os.Looper.loop:351 android.app.ActivityThread.main:8422 java.lang.reflect.Method.invoke:-2 com.android.internal.os.RuntimeInit$MethodAndArgsCaller.run:584 com.android.internal.os.ZygoteInit.main:1013 <bottom of call stack> <bottom of call stack> <bottom of call stack> <bottom of call stack> <bottom of call stack> <bottom of call stack> <bottom of call stack> <bottom of call stack> <bottom of call stack> 
04-02 22:34:12.251 14562 14562 D VRI[VulnerabilityListActivity]: handleWindowFocusChanged mWindowFocusChanged true mUpcomingWindowFocus true mAdded true
04-02 22:34:12.254  1841  2882 D InputMethodManagerService: isSecurity: attribute.packageName = org.dpdns.sqxy090123.kit.vulnkit mCurMethodId = com.baidu.input_oppo/.ImeService isSecurity = false ( enable = true needShow = false inBlackList = false isExist = true )
04-02 22:34:12.258  6886  6886 I bdoppoime: onStartInput called, org.dpdns.sqxy090123.kit.vulnkit
04-02 22:34:12.265  6886  6886 I bdoppoime: multiWindow: false
04-02 22:34:12.265  6886  6886 I bdoppoime: multiWindow: false
04-02 22:34:12.265  6886  7065 I bdoppoime: start init data statistics
04-02 22:34:12.266  6886  7065 I bdoppoime: end init data statistics
04-02 22:34:12.266  6886  6886 I bdoppoime: multiWindow: false
04-02 22:34:12.268  6886  6886 I bdoppoime: SysInfo.getSysParam: orientation=1||config d=480,w=1080,h=2285||metrics d=3.0, densityDpi =480||sdk=33,stausH=115||appScale=3.3, selfScacle=3.3, sysScale=3.0,isPadMode=false, boardw=1080, boardH=637, candH=144, boardL=0, boardR=1080, ver=8.5.30.503, realW=1080, realH=2400, lang=zh, region=CN, split=false, miniMapMode: 0, splitScreenLeftRect=null, inputWay: 0, isFoldExpand: false, CUID: 9396F6-4GFBF8-9D5494-3498G0-521347-23
04-02 22:34:12.270  1303  1303 D Layer   : reparent to null sequence=158910, seq[3], name=Surface(name=2865487 InputMethod)/@0xbfc0f52 - animation-leash of insets_animation#158910
04-02 22:34:12.271  6886  6886 I bdoppoime: isPureMode: false
04-02 22:34:12.373  1158  1322 E ANDR-PERF-OPTSHANDLER: Perflock resource /sys/class/devfreq/soc:qcom,cpubw/bw_hwmon/io_percent not supported
04-02 22:34:12.373  1158  1322 E ANDR-PERF-RESOURCEQS: Failed to apply optimization [6, 2]
04-02 22:34:12.373  1158  1322 E ANDR-PERF-OPTSHANDLER: Perflock resource /sys/class/devfreq/soc:qcom,cpubw/bw_hwmon/sample_ms not supported
04-02 22:34:12.373  1158  1322 E ANDR-PERF-RESOURCEQS: Failed to apply optimization [6, 8]
04-02 22:34:12.373  1158  1322 E ANDR-PERF-OPTSHANDLER: Perflock resource SPECIAL_NODE - cpubw_hwmon_hyst_opt not supported
04-02 22:34:12.373  1158  1322 E ANDR-PERF-RESOURCEQS: Failed to apply optimization [6, 3]
04-02 22:34:12.373  1158  1322 E ANDR-PERF-OPTSHANDLER: Perflock resource /sys/class/devfreq/soc:qcom,cpubw/min_freq not supported
04-02 22:34:12.373  1158  1322 E ANDR-PERF-RESOURCEQS: Failed to apply optimization [6, 0]
04-02 22:34:12.373  1158  1322 E ANDR-PERF-OPTSHANDLER: Perflock resource /sys/class/devfreq/soc:qcom,llccbw/min_freq not supported
04-02 22:34:12.373  1158  1322 E ANDR-PERF-RESOURCEQS: Failed to apply optimization [12, 0]
04-02 22:34:12.374  1158  1322 E ANDR-PERF-OPTSHANDLER: Perflock resource /sys/class/devfreq/soc:qcom,llccbw/bw_hwmon/io_percent not supported
04-02 22:34:12.374  1158  1322 E ANDR-PERF-RESOURCEQS: Failed to apply optimization [12, 1]
04-02 22:34:12.374  1158  1322 E ANDR-PERF-OPTSHANDLER: Perflock resource /sys/class/devfreq/soc:qcom,llccbw/bw_hwmon/sample_ms not supported
04-02 22:34:12.374  1158  1322 E ANDR-PERF-RESOURCEQS: Failed to apply optimization [12, 3]
04-02 22:34:12.374  1158  1322 E ANDR-PERF-OPTSHANDLER: Perflock resource SPECIAL_NODE - llcbw_hwmon_hyst_opt not supported
04-02 22:34:12.374  1158  1322 E ANDR-PERF-RESOURCEQS: Failed to apply optimization [12, 2]
04-02 22:34:12.374  1158  1322 E ANDR-PERF-OPTSHANDLER: Min bounds check failed
04-02 22:34:12.374  1158  1322 E ANDR-PERF-OPTSHANDLER: Error! Perflock failed, invalid request value 79
04-02 22:34:12.374  1158  1322 E ANDR-PERF-RESOURCEQS: Failed to apply optimization [12, 6]
04-02 22:34:12.418  3854  4107 D NBLOG   : log is 2026-04-02 22:34:12.418 3854-4107 I/NMAudioPlayer: AndroidAudioPlayer: Get current PlayedTime: 52219
04-02 22:34:12.420 29351 29376 D QtiRadiohidlIndication: onSignalStrengthChange: slotId = 1
04-02 22:34:12.420 29351 29376 D QtiRadioProxy: onSignalStrength slotId = 1 signalStrength = SignalStrength: Rsrp: -89 Snr: 200
04-02 22:34:12.421 29351 29389 D QtiRadioProxyHandler: : handleMessage msg.what = 11
04-02 22:34:12.421 29351 29389 D QtiRadioProxyHandler: : EVENT_ON_SIGNAL_STRENGTH
04-02 22:34:12.421 29351 29389 D QtiRadioProxy: onSignalStrength: Responding back for transaction = null
04-02 22:34:12.421  5196  5230 D NrNetworkService: onSignalStrength: slotId=1 token=Token: -1 status=Status: 1 signalStrength=SignalStrength: Rsrp: -89 Snr: 200
04-02 22:34:12.422 29351 29389 D QtiRadioProxy: onSignalStrength: Responding back for transaction = null
04-02 22:34:12.422  4961  1635 D ExtPhoneCallbackBase: UNIMPLEMENTED: onSignalStrength: slotId = 1 token = Token: -1 statusStatus: 1 signalStrength = SignalStrength: Rsrp: -89 Snr: 200
04-02 22:34:12.422 29351 29389 D QtiRadioProxy: onSignalStrength: Responding back for transaction = null
04-02 22:34:12.422  4961  1635 D ExtPhoneCallbackBase: UNIMPLEMENTED: onSignalStrength: slotId = 1 token = Token: -1 statusStatus: 1 signalStrength = SignalStrength: Rsrp: -89 Snr: 200
04-02 22:34:12.422 29351 29389 D QtiRadioProxy: onSignalStrength: Responding back for transaction = null
04-02 22:34:12.423  4961  1635 D ExtPhoneCallbackBase: UNIMPLEMENTED: onSignalStrength: slotId = 1 token = Token: -1 statusStatus: 1 signalStrength = SignalStrength: Rsrp: -89 Snr: 200
04-02 22:34:12.423 29351 29389 D QtiRadioProxy: onSignalStrength: Responding back for transaction = null
04-02 22:34:12.423  4961  1635 D ExtPhoneCallbackBase: UNIMPLEMENTED: onSignalStrength: slotId = 1 token = Token: -1 statusStatus: 1 signalStrength = SignalStrength: Rsrp: -89 Snr: 200
04-02 22:34:12.423 29351 29389 D QtiRadioProxy: onSignalStrength: Responding back for transaction = null
04-02 22:34:12.423  4961  1635 D ExtPhoneCallbackBase: UNIMPLEMENTED: onSignalStrength: slotId = 1 token = Token: -1 statusStatus: 1 signalStrength = SignalStrength: Rsrp: -89 Snr: 200
04-02 22:34:12.423 29351 29389 D QtiRadioProxy: onSignalStrength: Responding back for transaction = null
04-02 22:34:12.423  4961  1635 D ExtPhoneCallbackBase: UNIMPLEMENTED: onSignalStrength: slotId = 1 token = Token: -1 statusStatus: 1 signalStrength = SignalStrength: Rsrp: -89 Snr: 200
04-02 22:34:12.423 29351 29389 D QtiRadioProxy: onSignalStrength: Responding back for transaction = null
04-02 22:34:12.428  4961  4961 D OplusTelephonyController: onSignalStrengthChanged: SignalStrength=SignalStrength:{mCdma=CellSignalStrengthCdma: cdmaDbm=2147483647 cdmaEcio=2147483647 evdoDbm=2147483647 evdoEcio=2147483647 evdoSnr=2147483647 level=0,mGsm=CellSignalStrengthGsm: rssi=2147483647 ber=2147483647 mTa=2147483647 mLevel=0,mWcdma=CellSignalStrengthWcdma: ss=2147483647 ber=2147483647 rscp=2147483647 ecno=2147483647 level=0,mTdscdma=CellSignalStrengthTdscdma: rssi=2147483647 ber=2147483647 rscp=2147483647 level=0,mLte=CellSignalStrengthLte: rssi=2147483647 rsrp=2147483647 rsrq=2147483647 rssnr=2147483647 cqiTableIndex=2147483647 cqi=2147483647 ta=2147483647 level=0 parametersUseForLevel=0,mNr=CellSignalStrengthNr:{ csiRsrp = 2147483647 csiRsrq = 2147483647 csiCqiTableIndex = 2147483647 csiCqiReport = [] ssRsrp = -89 ssRsrq = -11 ssSinr = 2147483647 level = 2 parametersUseForLevel = 0 },primary=CellSignalStrengthNr}
04-02 22:34:12.461  5073 10767 D AppStateRecord: handleMessage: EVENT_FOREGROUND_APP_CHANGE
04-02 22:34:12.461  5073 10767 D AppStateRecord: isFgAppInStuckList
04-02 22:34:12.461  5073 10767 D AppStateRecord: getFgAppInStuckList: fgApp org.dpdns.sqxy090123.kit.vulnkit
04-02 22:34:12.463  5073 10767 D AppStateRecord: handleMessage: not fg stuck app, updateQoeEvent false
04-02 22:34:12.500  1158  1322 E ANDR-PERF-OPTSHANDLER: Perflock resource /sys/class/devfreq/soc:qcom,cpubw/bw_hwmon/io_percent not supported
04-02 22:34:12.500  1158  1322 E ANDR-PERF-RESOURCEQS: Failed to apply optimization [6, 2]
04-02 22:34:12.500  1158  1322 E ANDR-PERF-OPTSHANDLER: Perflock resource /sys/class/devfreq/soc:qcom,cpubw/bw_hwmon/sample_ms not supported
04-02 22:34:12.500  1158  1322 E ANDR-PERF-RESOURCEQS: Failed to apply optimization [6, 8]
04-02 22:34:12.500  1158  1322 E ANDR-PERF-OPTSHANDLER: Perflock resource SPECIAL_NODE - cpubw_hwmon_hyst_opt not supported
04-02 22:34:12.500  1158  1322 E ANDR-PERF-RESOURCEQS: Failed to apply optimization [6, 3]
04-02 22:34:12.500  1158  1322 E ANDR-PERF-OPTSHANDLER: Perflock resource /sys/class/devfreq/soc:qcom,cpubw/min_freq not supported
04-02 22:34:12.500  1158  1322 E ANDR-PERF-RESOURCEQS: Failed to apply optimization [6, 0]
04-02 22:34:12.500  1158  1322 E ANDR-PERF-OPTSHANDLER: Perflock resource /sys/class/devfreq/soc:qcom,llccbw/min_freq not supported
04-02 22:34:12.500  1158  1322 E ANDR-PERF-RESOURCEQS: Failed to apply optimization [12, 0]
04-02 22:34:12.500  1158  1322 E ANDR-PERF-OPTSHANDLER: Perflock resource /sys/class/devfreq/soc:qcom,llccbw/bw_hwmon/io_percent not supported
04-02 22:34:12.501  1158  1322 E ANDR-PERF-RESOURCEQS: Failed to apply optimization [12, 1]
04-02 22:34:12.501  1158  1322 E ANDR-PERF-OPTSHANDLER: Perflock resource /sys/class/devfreq/soc:qcom,llccbw/bw_hwmon/sample_ms not supported
04-02 22:34:12.501  1158  1322 E ANDR-PERF-RESOURCEQS: Failed to apply optimization [12, 3]
04-02 22:34:12.501  1158  1322 E ANDR-PERF-OPTSHANDLER: Perflock resource SPECIAL_NODE - llcbw_hwmon_hyst_opt not supported
04-02 22:34:12.501  1158  1322 E ANDR-PERF-RESOURCEQS: Failed to apply optimization [12, 2]
