04-02 22:34:10.918  1841  5227 D OplusAppSwitchListener: Detect com.android.permissioncontroller switch to background
04-02 22:34:10.919  1841  5227 D OplusEapManager: mTargetExitName :com.android.permissioncontroller
04-02 22:34:10.919  1841  8016 V WindowManager: Changing focus from null to Window{5c73ae8 u0 org.dpdns.sqxy090123.kit.vulnkit/org.dpdns.sqxy090123.kit.vulnkit.MainActivity},diplayid=0
04-02 22:34:10.919  1841  2270 D OplusUIFirst_FB: org.dpdns.sqxy090123.kit.vulnkit toForeOps: []
04-02 22:34:10.919  1841  2270 D OplusUIFirst_FB: List of ThreadOp: size=0 []
04-02 22:34:10.920  1841  5227 V DCSEX-AppSwitchManager: OnAppSwitchObserver: onAppExit, resuming = org.dpdns.sqxy090123.kit.vulnkit, target = com.android.permissioncontroller, is ResumingFirstStart =  false, is ResumingMultiApp =  false, extensionInfo =  Bundle[{taskId=751, uid=10362}]
04-02 22:34:10.920  1841 10758 D DCSEX-AppLaunchEventRecorder: onAppSwitch from = com.android.permissioncontroller to = org.dpdns.sqxy090123.kit.vulnkit
04-02 22:34:10.920  1841  5227 D VRR [OPlusFrontAppManager]: OnAppSwitchObserver: onAppExit , info.targetName = com.android.permissioncontroller
04-02 22:34:10.920  1841  5227 D VRR [OPlusFrontAppManager]: packageName: null
04-02 22:34:10.921  1841  2550 D VRR [OPlusRefreshRateService]: handleFrontAppChange pkgName: null
04-02 22:34:10.921  1841  2550 D VRR [OPlusExternalRefreshRateManager]: setFrontPackageName pkgName: null CurPkgName: com.android.permissioncontroller
04-02 22:34:10.923  1841  8016 D Theia.NoFocusWindow: FocusWindowErrorScene cancelCheckFreezeScreen
04-02 22:34:10.924  6538 29375 W Battery : ThermalControlUtils: mForegroundPkg=org.dpdns.sqxy090123.kit.vulnkit
04-02 22:34:10.925  1841  8016 I TaskOrganizerController: onTaskInfoChanged taskid 751 config { mBounds=Rect(0, 0 - 1080, 2400) mAppBounds=Rect(0, 115 - 1080, 2400) mMaxBounds=Rect(0, 0 - 1080, 2400) mDisplayRotation=ROTATION_0 mWindowingMode=fullscreen mDisplayWindowingMode=fullscreen mActivityType=standard mAlwaysOnTop=undefined mRotation=ROTATION_0}
04-02 22:34:10.925  1841  8016 D TaskFragmentExtImpl: addColorModeOnResume resume=true pkg = org.dpdns.sqxy090123.kit.vulnkit
04-02 22:34:10.925  4323  4413 D ShellTaskOrganizerExt: isOnCanvas size:0
04-02 22:34:10.926  4323  4413 D ShellTaskOrganizerExt: isOnThreeFlexibleCanvas size:0
04-02 22:34:10.926  4323  4413 D ShellTaskOrganizerExt: visibleFlexibleTaskInfos delete:751
04-02 22:34:10.927  1841  5227 D OplusAppSwitchListener: Detect org.dpdns.sqxy090123.kit.vulnkit switch to foreground
04-02 22:34:10.927  1841  5227 D OplusEapManager: mTargetEnterName :org.dpdns.sqxy090123.kit.vulnkit
04-02 22:34:10.927  6538 29375 W Battery : ThermalControllHandler: tempLevel=4,userMode=2,gameUserMode=7,appType=-1,envTempType=0,appStates=[],appSwitchSafetyMode=false
04-02 22:34:10.927  1841  5227 D OplusLatencyOptimizerManager: enter pkg: org.dpdns.sqxy090123.kit.vulnkit isPrevBlackAppTop: false mIsBlackAppTop: false
04-02 22:34:10.927  1841  2270 I ActivityManager: updateOomAdj start time is before than pendingPid added, don't delete it
04-02 22:34:10.927  1841  5227 V DCSEX-AppSwitchManager: OnAppSwitchObserver: onAppEnter, launchedFrom =  com.android.launcher, target =  org.dpdns.sqxy090123.kit.vulnkit, is firstStart =  false, is multiApp =  false, extensionInfo =  Bundle[{taskId=751, pid=14562, uid=10362, versionCode=1}]
04-02 22:34:10.927  1841  5227 D VRR [OPlusFrontAppManager]: OnAppSwitchObserver: onAppEnter , info.targetName = org.dpdns.sqxy090123.kit.vulnkit
04-02 22:34:10.927  1841  5227 D VRR [OPlusFrontAppManager]: packageName: org.dpdns.sqxy090123.kit.vulnkit
04-02 22:34:10.927  1841  3040 E Athena  : MemoryGuardAction: handleAppChange
04-02 22:34:10.927  1841  2550 D VRR [OPlusRefreshRateService]: handleFrontAppChange pkgName: org.dpdns.sqxy090123.kit.vulnkit
04-02 22:34:10.927  1841  2550 D VRR [OPlusExternalRefreshRateManager]: setFrontPackageName pkgName: org.dpdns.sqxy090123.kit.vulnkit CurPkgName: null
04-02 22:34:10.928  4845  4871 I Athena  : AthenaDynamicReceiver: pre_app:com.android.permissioncontroller, next_app:org.dpdns.sqxy090123.kit.vulnkit(10362|14562)
04-02 22:34:10.928  6538 29375 W Battery : ThermalControllHandler: tempGear=4,configItemName=common_config
04-02 22:34:10.929  1841  2376 E OplusThermalStats: Error getting package info: org.dpdns.sqxy090123.kit.vulnkit
04-02 22:34:10.930  6538  7258 W Battery : ThermalControllHandler: MSG_THERMAL_CONTROL_CATEGORY_CHANGED
04-02 22:34:10.930  1841  6003 D NotificationService--OplusNotificationManagerServiceExtImpl: shouldInterceptToast: 
04-02 22:34:10.931  8088  8099 E IHansComunication: HANS printMessageBody: RCV message: type = 0,port = 86870,caller_pid = 1604,caller_uid = 1047,target_pid = 14950,target_uid = 10303,pkg_cmd = -1,rpc = android.hardware.ICameraServiceListener/5
04-02 22:34:10.931  8088  8099 E IHansComunication: HANS printMessageBody: RCV message: type = 0,port = 86870,caller_pid = 1604,caller_uid = 1047,target_pid = 15910,target_uid = 10303,pkg_cmd = -1,rpc = android.hardware.ICameraServiceListener/5
04-02 22:34:10.931  8088  8099 E IHansComunication: HANS printMessageBody: RCV message: type = 0,port = 86870,caller_pid = 1604,caller_uid = 1047,target_pid = 30927,target_uid = 10215,pkg_cmd = -1,rpc = android.hardware.ICameraServiceListener/5
04-02 22:34:10.931  8088  8099 E IHansComunication: HANS printMessageBody: RCV message: type = 0,port = 86870,caller_pid = 1604,caller_uid = 1047,target_pid = 14950,target_uid = 10303,pkg_cmd = -1,rpc = android.hardware.ICameraServiceListener/5
04-02 22:34:10.931  8088  8099 E IHansComunication: HANS printMessageBody: RCV message: type = 0,port = 86870,caller_pid = 1604,caller_uid = 1047,target_pid = 15910,target_uid = 10303,pkg_cmd = -1,rpc = android.hardware.ICameraServiceListener/5
04-02 22:34:10.931  8088  8099 E IHansComunication: HANS printMessageBody: RCV message: type = 0,port = 86870,caller_pid = 1604,caller_uid = 1047,target_pid = 30927,target_uid = 10215,pkg_cmd = -1,rpc = android.hardware.ICameraServiceListener/5
04-02 22:34:10.931  1303  1303 D Layer   : reparent to null sequence=158893, seq[1], name=Surface(name=7aa83e0 StatusBar)/@0x8013219 - animation-leash of insets_animation#158893
04-02 22:34:10.931  1303  1303 D Layer   : reparent to null sequence=158894, seq[2], name=Surface(name=87b4cd NavigationBar0)/@0xa4eacbf - animation-leash of insets_animation#158894
04-02 22:34:10.935  1841  4208 D OplusBpfNetworkStats: succ update config 1,10362,0 over
04-02 22:34:10.941  1841  6012 D NotificationService--OplusNotificationManagerServiceExtImpl: shouldInterceptToast: 
04-02 22:34:10.942 15600 15600 D LoadedApk: mApplicationInfo overrideDisplayId:null
04-02 22:34:10.945  5073  5091 W System  : A resource failed to call release. 
04-02 22:34:10.945  5073  5091 W System  : A resource failed to call release. 
04-02 22:34:10.945  5073  5091 W System  : A resource failed to call release. 
04-02 22:34:10.945  5073  5091 W System  : A resource failed to call release. 
04-02 22:34:10.945  5073  5091 W System  : A resource failed to call release. 
04-02 22:34:10.945  5073  5091 W System  : A resource failed to call release. 
04-02 22:34:10.945  5073  5091 W System  : A resource failed to call release. 
04-02 22:34:10.945  5073  5091 W System  : A resource failed to call release. 
04-02 22:34:10.945  5073  5091 W System  : A resource failed to call release. 
04-02 22:34:10.945  5073  5091 W System  : A resource failed to call release. 
04-02 22:34:10.945  5073  5091 W System  : A resource failed to call release. 
04-02 22:34:10.945  5073  5091 W System  : A resource failed to call release. 
04-02 22:34:10.945  5073  5091 W System  : A resource failed to call release. 
04-02 22:34:10.945  5073  5091 W System  : A resource failed to call release. 
04-02 22:34:10.945  5073  5091 W System  : A resource failed to call release. 
04-02 22:34:10.946  5073  5091 W System  : A resource failed to call release. 
04-02 22:34:10.946  5073  5091 W System  : A resource failed to call release. 
04-02 22:34:10.946  5073  5091 W System  : A resource failed to call release. 
04-02 22:34:10.946  5073  5091 W System  : A resource failed to call release. 
04-02 22:34:10.946  5073  5091 W System  : A resource failed to call release. 
04-02 22:34:10.946  5073  5091 W System  : A resource failed to call release. 
04-02 22:34:10.946  5073  5091 W System  : A resource failed to call release. 
04-02 22:34:10.946  5073  5091 W System  : A resource failed to call release. 
04-02 22:34:10.946  5073  5091 W System  : A resource failed to call release. 
04-02 22:34:10.946  5073  5091 W System  : A resource failed to call release. 
04-02 22:34:10.946  5073  5091 W System  : A resource failed to call release. 
04-02 22:34:10.946  5073  5091 W System  : A resource failed to call release. 
04-02 22:34:10.946  5073  5091 W System  : A resource failed to call release. 
04-02 22:34:10.946  5073  5091 W System  : A resource failed to call release. 
04-02 22:34:10.946  5073  5091 W System  : A resource failed to call release. 
04-02 22:34:10.946  5073  5091 W System  : A resource failed to call release. 
04-02 22:34:10.946  5073  5091 W System  : A resource failed to call release. 
04-02 22:34:10.946 15600 15600 W ziparchive: Unable to open '/data/app/~~tx9nsfOrQwny2e9O1Y5MKg==/org.dpdns.sqxy090123.kit.vulnkit-RSQY61scmx8q6mxMRSX9hw==/base.dm': No such file or directory
04-02 22:34:10.946  5073  5091 W System  : A resource failed to call release. 
04-02 22:34:10.946  5073  5091 W System  : A resource failed to call release. 
04-02 22:34:10.946 15600 15600 W ziparchive: Unable to open '/data/app/~~tx9nsfOrQwny2e9O1Y5MKg==/org.dpdns.sqxy090123.kit.vulnkit-RSQY61scmx8q6mxMRSX9hw==/base.dm': No such file or directory
04-02 22:34:10.946  5073  5091 W System  : A resource failed to call release. 
04-02 22:34:10.946  5073  5091 W System  : A resource failed to call release. 
04-02 22:34:10.946  5073  5091 W System  : A resource failed to call release. 
04-02 22:34:10.946  5073  5091 W System  : A resource failed to call release. 
04-02 22:34:10.946  5073  5091 W System  : A resource failed to call release. 
04-02 22:34:10.946  1841  4748 I ActivityTaskManager: START u0 {act=android.content.pm.action.REQUEST_PERMISSIONS pkg=com.android.permissioncontroller cmp=com.android.permissioncontroller/.permission.ui.GrantPermissionsActivity (has extras) mCallingUid=10362} from uid 10362
04-02 22:34:10.946  5073  5091 W System  : A resource failed to call release. 
04-02 22:34:10.946  5073  5091 W System  : A resource failed to call release. 
04-02 22:34:10.946  5073  5091 W System  : A resource failed to call release. 
04-02 22:34:10.946  5073  5091 W System  : A resource failed to call release. 
04-02 22:34:10.946  5073  5091 W System  : A resource failed to call release. 
04-02 22:34:10.946  5073  5091 W System  : A resource failed to call release. 
04-02 22:34:10.946  5073  5091 W System  : A resource failed to call release. 
04-02 22:34:10.946  5073  5091 W System  : A resource failed to call release. 
04-02 22:34:10.946  5073  5091 W System  : A resource failed to call release. 
04-02 22:34:10.946  5073  5091 W System  : A resource failed to call release. 
04-02 22:34:10.947  5073  5091 W System  : A resource failed to call release. 
04-02 22:34:10.947  5073  5091 W System  : A resource failed to call release. 
04-02 22:34:10.947  5073  5091 W System  : A resource failed to call release. 
04-02 22:34:10.947  5073  5091 W System  : A resource failed to call release. 
04-02 22:34:10.947  5073  5091 W System  : A resource failed to call release. 
04-02 22:34:10.947  5073  5091 W System  : A resource failed to call release. 
04-02 22:34:10.947  5073  5091 W System  : A resource failed to call release. 
04-02 22:34:10.947  5073  5091 W System  : A resource failed to call release. 
04-02 22:34:10.947  5073  5091 W System  : A resource failed to call release. 
04-02 22:34:10.947  5073  5091 W System  : A resource failed to call release. 
04-02 22:34:10.947  5073  5091 W System  : A resource failed to call release. 
04-02 22:34:10.947  5073  5091 W System  : A resource failed to call release. 
04-02 22:34:10.947  5073  5091 W System  : A resource failed to call release. 
04-02 22:34:10.947  5073  5091 W System  : A resource failed to call release. 
04-02 22:34:10.947  5073  5091 W System  : A resource failed to call release. 
04-02 22:34:10.947  5073  5091 W System  : A resource failed to call release. 
04-02 22:34:10.947  5073  5091 W System  : A resource failed to call release. 
04-02 22:34:10.947  5073  5091 W System  : A resource failed to call release. 
04-02 22:34:10.947  5073  5091 W System  : A resource failed to call release. 
04-02 22:34:10.947  5073  5091 W System  : A resource failed to call release. 
04-02 22:34:10.947  5073  5091 W System  : A resource failed to call release. 
04-02 22:34:10.948  5073  5091 W System  : A resource failed to call release. 
04-02 22:34:10.948  5073  5091 W System  : A resource failed to call release. 
04-02 22:34:10.948  5073  5091 W System  : A resource failed to call release. 
04-02 22:34:10.948  5073  5091 W System  : A resource failed to call release. 
04-02 22:34:10.948  5073  5091 W System  : A resource failed to call release. 
04-02 22:34:10.948  5073  5091 W System  : A resource failed to call release. 
04-02 22:34:10.948  1303  2549 I SurfaceFlinger: [SF client] REMOVE (0xb4000071858a0f40) for (1841:system_server)
04-02 22:34:10.948  1841  4748 D OplusZoomWindowRUSConfigManager: isSupportZoomModeWithPolicyLocked: target = com.android.permissioncontroller/.permission.ui.GrantPermissionsActivity
04-02 22:34:10.948  5073  5091 W System  : A resource failed to call release. 
04-02 22:34:10.948  1841  4748 D OplusZoomWindowRUSConfigManager: targetPkg = com.android.permissioncontroller
04-02 22:34:10.948  5073  5091 W System  : A resource failed to call release. 
04-02 22:34:10.948  5073  5091 W System  : A resource failed to call release. 
04-02 22:34:10.948  5073  5091 W System  : A resource failed to call release. 
04-02 22:34:10.948  5073  5091 W System  : A resource failed to call release. 
04-02 22:34:10.948  5073  5091 W System  : A resource failed to call release. 
04-02 22:34:10.948  5073  5091 W System  : A resource failed to call release. 
04-02 22:34:10.948  5073  5091 W System  : A resource failed to call release. 
04-02 22:34:10.948  5073  5091 W System  : A resource failed to call release. 
04-02 22:34:10.948  5073  5091 W System  : A resource failed to call release. 
04-02 22:34:10.948  5073  5091 W System  : A resource failed to call release. 
04-02 22:34:10.948  5073  5091 W System  : A resource failed to call release. 
04-02 22:34:10.948  5073  5091 W System  : A resource failed to call release. 
04-02 22:34:10.948  5073  5091 W System  : A resource failed to call release. 
04-02 22:34:10.948  5073  5091 W System  : A resource failed to call release. 
04-02 22:34:10.948  5073  5091 W System  : A resource failed to call release. 
04-02 22:34:10.948  5073  5091 W System  : A resource failed to call release. 
04-02 22:34:10.948  5073  5091 W System  : A resource failed to call release. 
04-02 22:34:10.948  5073  5091 W System  : A resource failed to call release. 
04-02 22:34:10.948  5073  5091 W System  : A resource failed to call release. 
04-02 22:34:10.948  5073  5091 W System  : A resource failed to call release. 
04-02 22:34:10.949  5073  5091 W System  : A resource failed to call release. 
04-02 22:34:10.949  5073  5091 W System  : A resource failed to call release. 
04-02 22:34:10.949  5073  5091 W System  : A resource failed to call release. 
04-02 22:34:10.949  5073  5091 W System  : A resource failed to call release. 
04-02 22:34:10.949  5073  5091 W System  : A resource failed to call release. 
04-02 22:34:10.949  5073  5091 W System  : A resource failed to call release. 
04-02 22:34:10.949  5073  5091 W System  : A resource failed to call release. 
04-02 22:34:10.949  5073  5091 W System  : A resource failed to call release. 
04-02 22:34:10.949  5073  5091 W System  : A resource failed to call release. 
04-02 22:34:10.949  5073  5091 W System  : A resource failed to call release. 
04-02 22:34:10.949  5073  5091 W System  : A resource failed to call release. 
04-02 22:34:10.949  5073  5091 W System  : A resource failed to call release. 
04-02 22:34:10.949  5073  5091 W System  : A resource failed to call release. 
04-02 22:34:10.949  5073  5091 W System  : A resource failed to call release. 
04-02 22:34:10.949  5073  5091 W System  : A resource failed to call release. 
04-02 22:34:10.949  5073  5091 W System  : A resource failed to call release. 
04-02 22:34:10.949  5073  5091 W System  : A resource failed to call release. 
04-02 22:34:10.949  5073  5091 W System  : A resource failed to call release. 
04-02 22:34:10.949  5073  5091 W System  : A resource failed to call release. 
04-02 22:34:10.949  5073  5091 W System  : A resource failed to call release. 
04-02 22:34:10.949  5073  5091 W System  : A resource failed to call release. 
04-02 22:34:10.949  5073  5091 W System  : A resource failed to call release. 
04-02 22:34:10.949  5073  5091 W System  : A resource failed to call release. 
04-02 22:34:10.949  5073  5091 W System  : A resource failed to call release. 
04-02 22:34:10.949  5073  5091 W System  : A resource failed to call release. 
04-02 22:34:10.949  5073  5091 W System  : A resource failed to call release. 
04-02 22:34:10.949  5073  5091 W System  : A resource failed to call release. 
04-02 22:34:10.949  5073  5091 W System  : A resource failed to call release. 
04-02 22:34:10.949  5073  5091 W System  : A resource failed to call release. 
04-02 22:34:10.949  5073  5091 W System  : A resource failed to call release. 
04-02 22:34:10.949  5073  5091 W System  : A resource failed to call release. 
04-02 22:34:10.949  5073  5091 W System  : A resource failed to call release. 
04-02 22:34:10.949  5073  5091 W System  : A resource failed to call release. 
04-02 22:34:10.949  1158  1322 E ANDR-PERF-OPTSHANDLER: Perflock resource /sys/class/devfreq/soc:qcom,cpubw/bw_hwmon/io_percent not supported
04-02 22:34:10.949  5073  5091 W System  : A resource failed to call release. 
04-02 22:34:10.949  1158  1322 E ANDR-PERF-RESOURCEQS: Failed to apply optimization [6, 2]
04-02 22:34:10.949  1158  1322 E ANDR-PERF-OPTSHANDLER: Perflock resource /sys/class/devfreq/soc:qcom,cpubw/bw_hwmon/sample_ms not supported
04-02 22:34:10.949  1158  1322 E ANDR-PERF-RESOURCEQS: Failed to apply optimization [6, 8]
04-02 22:34:10.949  5073  5091 W System  : A resource failed to call release. 
04-02 22:34:10.949  1158  1322 E ANDR-PERF-OPTSHANDLER: Perflock resource SPECIAL_NODE - cpubw_hwmon_hyst_opt not supported
04-02 22:34:10.949  1158  1322 E ANDR-PERF-RESOURCEQS: Failed to apply optimization [6, 3]
04-02 22:34:10.949  5073  5091 W System  : A resource failed to call release. 
04-02 22:34:10.949  1158  1322 E ANDR-PERF-OPTSHANDLER: Perflock resource /sys/class/devfreq/soc:qcom,cpubw/min_freq not supported
04-02 22:34:10.949  1158  1322 E ANDR-PERF-RESOURCEQS: Failed to apply optimization [6, 0]
04-02 22:34:10.949  5073  5091 W System  : A resource failed to call release. 
04-02 22:34:10.949  1158  1322 E ANDR-PERF-OPTSHANDLER: Perflock resource /sys/class/devfreq/soc:qcom,llccbw/min_freq not supported
04-02 22:34:10.949  1158  1322 E ANDR-PERF-RESOURCEQS: Failed to apply optimization [12, 0]
04-02 22:34:10.949  5073  5091 W System  : A resource failed to call release. 
04-02 22:34:10.949  5073  5091 W System  : A resource failed to call release. 
04-02 22:34:10.949  5073  5091 W System  : A resource failed to call release. 
04-02 22:34:10.949  5073  5091 W System  : A resource failed to call release. 
04-02 22:34:10.950  1158  1322 E ANDR-PERF-OPTSHANDLER: Perflock resource /sys/class/devfreq/soc:qcom,llccbw/bw_hwmon/io_percent not supported
04-02 22:34:10.950  1158  1322 E ANDR-PERF-RESOURCEQS: Failed to apply optimization [12, 1]
04-02 22:34:10.950  1158  1322 E ANDR-PERF-OPTSHANDLER: Perflock resource /sys/class/devfreq/soc:qcom,llccbw/bw_hwmon/sample_ms not supported
04-02 22:34:10.950  1158  1322 E ANDR-PERF-RESOURCEQS: Failed to apply optimization [12, 3]
04-02 22:34:10.950  1158  1322 E ANDR-PERF-OPTSHANDLER: Perflock resource SPECIAL_NODE - llcbw_hwmon_hyst_opt not supported
04-02 22:34:10.950  1158  1322 E ANDR-PERF-RESOURCEQS: Failed to apply optimization [12, 2]
04-02 22:34:10.950  1158  1322 E ANDR-PERF-OPTSHANDLER: Min bounds check failed
04-02 22:34:10.950  1158  1322 E ANDR-PERF-OPTSHANDLER: Error! Perflock failed, invalid request value 79
04-02 22:34:10.950  1158  1322 E ANDR-PERF-RESOURCEQS: Failed to apply optimization [12, 6]
04-02 22:34:10.950  5073  5091 W System  : A resource failed to call release. 
04-02 22:34:10.950  5073  5091 W System  : A resource failed to call release. 
04-02 22:34:10.950  5073  5091 W System  : A resource failed to call release. 
04-02 22:34:10.950  5073  5091 W System  : A resource failed to call release. 
04-02 22:34:10.950  5073  5091 W System  : A resource failed to call release. 
04-02 22:34:10.950  5073  5091 W System  : A resource failed to call release. 
04-02 22:34:10.950  5073  5091 W System  : A resource failed to call release. 
04-02 22:34:10.950  5073  5091 W System  : A resource failed to call release. 
04-02 22:34:10.950  5073  5091 W System  : A resource failed to call release. 
04-02 22:34:10.950  5073  5091 W System  : A resource failed to call release. 
04-02 22:34:10.950  5073  5091 W System  : A resource failed to call release. 
04-02 22:34:10.950  5073  5091 W System  : A resource failed to call release. 
04-02 22:34:10.950  5073  5091 W System  : A resource failed to call release. 
04-02 22:34:10.950  5073  5091 W System  : A resource failed to call release. 
04-02 22:34:10.950  5073  5091 W System  : A resource failed to call release. 
04-02 22:34:10.950  5073  5091 W System  : A resource failed to call release. 
04-02 22:34:10.950  5073  5091 W System  : A resource failed to call release. 
04-02 22:34:10.950  5073  5091 W System  : A resource failed to call release. 
04-02 22:34:10.950  5073  5091 W System  : A resource failed to call release. 
04-02 22:34:10.950  1841  4748 D TaskFragmentExtImpl: add ActivityRecord{59dd2dd u0 com.android.permissioncontroller/.permission.ui.GrantPermissionsActivity} t751} to mActivityRecordSum = Counter{ org.dpdns.sqxy090123.kit.vulnkit/.MainActivity(1) com.android.permissioncontroller/.permission.ui.GrantPermissionsActivity(3) }
04-02 22:34:10.950  5073  5091 W System  : A resource failed to call release. 
04-02 22:34:10.950  5073  5091 W System  : A resource failed to call release. 
04-02 22:34:10.950  5073  5091 W System  : A resource failed to call release. 
04-02 22:34:10.950  5073  5091 W System  : A resource failed to call release. 
04-02 22:34:10.950  5073  5091 W System  : A resource failed to call release. 
04-02 22:34:10.950  5073  5091 W System  : A resource failed to call release. 
04-02 22:34:10.950  5073  5091 W System  : A resource failed to call release. 
04-02 22:34:10.950  5073  5091 W System  : A resource failed to call release. 
04-02 22:34:10.950  5073  5091 W System  : A resource failed to call release. 
04-02 22:34:10.950  5073  5091 W System  : A resource failed to call release. 
04-02 22:34:10.950  5073  5091 W System  : A resource failed to call release. 
04-02 22:34:10.950  5073  5091 W System  : A resource failed to call release. 
04-02 22:34:10.950  5073  5091 W System  : A resource failed to call release. 
04-02 22:34:10.950  5073  5091 W System  : A resource failed to call release. 
04-02 22:34:10.951  5073  5091 W System  : A resource failed to call release. 
04-02 22:34:10.951  5073  5091 W System  : A resource failed to call release. 
04-02 22:34:10.951  5073  5091 W System  : A resource failed to call release. 
04-02 22:34:10.951  5073  5091 W System  : A resource failed to call release. 
04-02 22:34:10.951  5073  5091 W System  : A resource failed to call release. 
04-02 22:34:10.951  5073  5091 W System  : A resource failed to call release. 
04-02 22:34:10.951  5073  5091 W System  : A resource failed to call release. 
04-02 22:34:10.951  5073  5091 W System  : A resource failed to call release. 
04-02 22:34:10.951  5073  5091 W System  : A resource failed to call release. 
04-02 22:34:10.951  5073  5091 W System  : A resource failed to call release. 
04-02 22:34:10.951  5073  5091 W System  : A resource failed to call release. 
04-02 22:34:10.951  5073  5091 W System  : A resource failed to call release. 
04-02 22:34:10.951  5073  5091 W System  : A resource failed to call release. 
04-02 22:34:10.951  5073  5091 W System  : A resource failed to call release. 
04-02 22:34:10.951  5073  5091 W System  : A resource failed to call release. 
04-02 22:34:10.951  1841  4748 D ActivityTaskManager: getStartingWindowType: newTask=false, taskSwitch=false, processRunning=true, allowTaskSnapshot=true, activityCreated=false, snapshot=null, record:ActivityRecord{59dd2dd u0 com.android.permissioncontroller/.permission.ui.GrantPermissionsActivity} t751}
04-02 22:34:10.951  5073  5091 W System  : A resource failed to call release. 
04-02 22:34:10.951  1841  4748 D ActivityRecordExtImpl: handleStartingWindowForCompactWindow origin type:0, adjustType : 0
04-02 22:34:10.951  5073  5091 W System  : A resource failed to call release. 
04-02 22:34:10.951  5073  5091 W System  : A resource failed to call release. 
04-02 22:34:10.951  1841  4748 D OplusZoomWindowRUSConfigManager: isSupportZoomModeWithPolicyLocked: target = com.android.permissioncontroller/.permission.ui.GrantPermissionsActivity
04-02 22:34:10.951  1841  4748 D OplusZoomWindowRUSConfigManager: targetPkg = com.android.permissioncontroller
04-02 22:34:10.951  5073  5091 W System  : A resource failed to call release. 
04-02 22:34:10.951  5073  5091 W System  : A resource failed to call release. 
04-02 22:34:10.951  5073  5091 W System  : A resource failed to call release. 
04-02 22:34:10.951  5073  5091 W System  : A resource failed to call release. 
04-02 22:34:10.951  5073  5091 W System  : A resource failed to call release. 
04-02 22:34:10.951  5073  5091 W System  : A resource failed to call release. 
04-02 22:34:10.951  5073  5091 W System  : A resource failed to call release. 
04-02 22:34:10.951  5073  5091 W System  : A resource failed to call release. 
04-02 22:34:10.951  5073  5091 W System  : A resource failed to call release. 
04-02 22:34:10.951  5073  5091 W System  : A resource failed to call release. 
04-02 22:34:10.951  1841  4748 D ActivityTrigger: ActivityTrigger activityPauseTrigger 
04-02 22:34:10.951  5073  5091 W System  : A resource failed to call release. 
04-02 22:34:10.951  5073  5091 W System  : A resource failed to call release. 
04-02 22:34:10.951  5073  5091 W System  : A resource failed to call release. 
04-02 22:34:10.951  5073  5091 W System  : A resource failed to call release. 
04-02 22:34:10.951  5073  5091 W System  : A resource failed to call release. 
04-02 22:34:10.951  5073  5091 W System  : A resource failed to call release. 
04-02 22:34:10.952  5073  5091 W System  : A resource failed to call release. 
04-02 22:34:10.952  5073  5091 W System  : A resource failed to call release. 
04-02 22:34:10.952  5073  5091 W System  : A resource failed to call release. 
04-02 22:34:10.952  5073  5091 W System  : A resource failed to call release. 
04-02 22:34:10.952  5073  5091 W System  : A resource failed to call release. 
04-02 22:34:10.952  5073  5091 W System  : A resource failed to call release. 
04-02 22:34:10.952  5073  5091 W System  : A resource failed to call release. 
04-02 22:34:10.952  1303  2549 I SurfaceFlinger: [SF client] REMOVE (0xb40000718594f340) for (1841:system_server)
04-02 22:34:10.952  5073  5091 W System  : A resource failed to call release. 
04-02 22:34:10.952  5073  5091 W System  : A resource failed to call release. 
04-02 22:34:10.952  5073  5091 W System  : A resource failed to call release. 
04-02 22:34:10.952  5073  5091 W System  : A resource failed to call release. 
04-02 22:34:10.952  5073  5091 W System  : A resource failed to call release. 
04-02 22:34:10.952  5073  5091 W System  : A resource failed to call release. 
04-02 22:34:10.952  5073  5091 W System  : A resource failed to call release. 
04-02 22:34:10.952  5073  5091 W System  : A resource failed to call release. 
04-02 22:34:10.952  5073  5091 W System  : A resource failed to call release. 
04-02 22:34:10.952  5073  5091 W System  : A resource failed to call release. 
04-02 22:34:10.953  5073  5091 W System  : A resource failed to call release. 
04-02 22:34:10.953  5073  5091 W System  : A resource failed to call release. 
04-02 22:34:10.953  5073  5091 W System  : A resource failed to call release. 
04-02 22:34:10.953  5073  5091 W System  : A resource failed to call release. 
04-02 22:34:10.953  5073  5091 W System  : A resource failed to call release. 
04-02 22:34:10.953  5073  5091 W System  : A resource failed to call release. 
04-02 22:34:10.953  5073  5091 W System  : A resource failed to call release. 
04-02 22:34:10.953  5073  5091 W System  : A resource failed to call release. 
04-02 22:34:10.953  5073  5091 W System  : A resource failed to call release. 
04-02 22:34:10.953  5073  5091 W System  : A resource failed to call release. 
04-02 22:34:10.953  5073  5091 W System  : A resource failed to call release. 
04-02 22:34:10.953  5073  5091 W System  : A resource failed to call release. 
04-02 22:34:10.953  5073  5091 W System  : A resource failed to call release. 
04-02 22:34:10.953  5073  5091 W System  : A resource failed to call release. 
04-02 22:34:10.953  5073  5091 W System  : A resource failed to call release. 
04-02 22:34:10.953  5073  5091 W System  : A resource failed to call release. 
04-02 22:34:10.953  5073  5091 W System  : A resource failed to call release. 
04-02 22:34:10.953  5073  5091 W System  : A resource failed to call release. 
04-02 22:34:10.953  5073  5091 W System  : A resource failed to call release. 
04-02 22:34:10.953  5073  5091 W System  : A resource failed to call release. 
04-02 22:34:10.953  5073  5091 W System  : A resource failed to call release. 
04-02 22:34:10.953  5073  5091 W System  : A resource failed to call release. 
04-02 22:34:10.953  5073  5091 W System  : A resource failed to call release. 
04-02 22:34:10.953  5073  5091 W System  : A resource failed to call release. 
04-02 22:34:10.953  5073  5091 W System  : A resource failed to call release. 
04-02 22:34:10.953  5073  5091 W System  : A resource failed to call release. 
04-02 22:34:10.953  5073  5091 W System  : A resource failed to call release. 
04-02 22:34:10.953  5073  5091 W System  : A resource failed to call release. 
04-02 22:34:10.953  5073  5091 W System  : A resource failed to call release. 
04-02 22:34:10.954  5073  5091 W System  : A resource failed to call release. 
04-02 22:34:10.954  5073  5091 W System  : A resource failed to call release. 
04-02 22:34:10.954  5073  5091 W System  : A resource failed to call release. 
04-02 22:34:10.954  5073  5091 W System  : A resource failed to call release. 
04-02 22:34:10.954  5073  5091 W System  : A resource failed to call release. 
04-02 22:34:10.954  5073  5091 W System  : A resource failed to call release. 
04-02 22:34:10.954  5073  5091 W System  : A resource failed to call release. 
04-02 22:34:10.954  5073  5091 W System  : A resource failed to call release. 
04-02 22:34:10.954  5073  5091 W System  : A resource failed to call release. 
04-02 22:34:10.954  5073  5091 W System  : A resource failed to call release. 
04-02 22:34:10.954  5073  5091 W System  : A resource failed to call release. 
04-02 22:34:10.954  5073  5091 W System  : A resource failed to call release. 
04-02 22:34:10.954  5073  5091 W System  : A resource failed to call release. 
04-02 22:34:10.954  5073  5091 W System  : A resource failed to call release. 
04-02 22:34:10.954  5073  5091 W System  : A resource failed to call release. 
04-02 22:34:10.954  5073  5091 W System  : A resource failed to call release. 
04-02 22:34:10.954  5073  5091 W System  : A resource failed to call release. 
04-02 22:34:10.954  5073  5091 W System  : A resource failed to call release. 
04-02 22:34:10.954  5073  5091 W System  : A resource failed to call release. 
04-02 22:34:10.954  5073  5091 W System  : A resource failed to call release. 
04-02 22:34:10.954  5073  5091 W System  : A resource failed to call release. 
04-02 22:34:10.954  5073  5091 W System  : A resource failed to call release. 
04-02 22:34:10.954  5073  5091 W System  : A resource failed to call release. 
04-02 22:34:10.954  5073  5091 W System  : A resource failed to call release. 
04-02 22:34:10.954  5073  5091 W System  : A resource failed to call release. 
04-02 22:34:10.954  5073  5091 W System  : A resource failed to call release. 
04-02 22:34:10.954  5073  5091 W System  : A resource failed to call release. 
04-02 22:34:10.954  5073  5091 W System  : A resource failed to call release. 
04-02 22:34:10.954  5073  5091 W System  : A resource failed to call release. 
04-02 22:34:10.954  5073  5091 W System  : A resource failed to call release. 
04-02 22:34:10.954  5073  5091 W System  : A resource failed to call release. 
04-02 22:34:10.954  5073  5091 W System  : A resource failed to call release. 
04-02 22:34:10.954  5073  5091 W System  : A resource failed to call release. 
04-02 22:34:10.954  5073  5091 W System  : A resource failed to call release. 
04-02 22:34:10.954  5073  5091 W System  : A resource failed to call release. 
04-02 22:34:10.954  5073  5091 W System  : A resource failed to call release. 
04-02 22:34:10.954  5073  5091 W System  : A resource failed to call release. 
04-02 22:34:10.954  5073  5091 W System  : A resource failed to call release. 
04-02 22:34:10.954  1841  4748 D OplusUIFirst_FB: com.android.permissioncontroller activity event: []
04-02 22:34:10.954  5073  5091 W System  : A resource failed to call release. 
04-02 22:34:10.954  1841  4748 D OplusUIFirst_FB: List of ThreadOp: size=0 []
04-02 22:34:10.954  5073  5091 W System  : A resource failed to call release. 
04-02 22:34:10.954  5073  5091 W System  : A resource failed to call release. 
04-02 22:34:10.954  5073  5091 W System  : A resource failed to call release. 
04-02 22:34:10.954  5073  5091 W System  : A resource failed to call release. 
04-02 22:34:10.954  5073  5091 W System  : A resource failed to call release. 
04-02 22:34:10.955  5073  5091 W System  : A resource failed to call release. 
04-02 22:34:10.955  5073  5091 W System  : A resource failed to call release. 
04-02 22:34:10.955  5073  5091 W System  : A resource failed to call release. 
04-02 22:34:10.955  5073  5091 W System  : A resource failed to call release. 
04-02 22:34:10.955  5073  5091 W System  : A resource failed to call release. 
04-02 22:34:10.955  5073  5091 W System  : A resource failed to call release. 
04-02 22:34:10.955  5073  5091 W System  : A resource failed to call release. 
04-02 22:34:10.955  1841  2282 D SurfaceAnimationRunner: onAnimationEnd:Surface(name=Surface(name=ActivityRecord{a081364 u0 com.android.permissioncontroller/.permission.ui.GrantPermissionsActivity})/@0xd2f07e1 - animation-leash of app_transition)/@0x2d24553
04-02 22:34:10.955  5073  5091 W System  : A resource failed to call release. 
04-02 22:34:10.955  5073  5091 W System  : A resource failed to call release. 
04-02 22:34:10.955  5073  5091 W System  : A resource failed to call release. 
04-02 22:34:10.955  5073  5091 W System  : A resource failed to call release. 
04-02 22:34:10.955  5073  5091 W System  : A resource failed to call release. 
04-02 22:34:10.955  5073  5091 W System  : A resource failed to call release. 
04-02 22:34:10.955  5073  5091 W System  : A resource failed to call release. 
04-02 22:34:10.955  5073  5091 W System  : A resource failed to call release. 
04-02 22:34:10.955  5073  5091 W System  : A resource failed to call release. 
04-02 22:34:10.955  5073  5091 W System  : A resource failed to call release. 
04-02 22:34:10.955  5073  5091 W System  : A resource failed to call release. 
04-02 22:34:10.955  5073  5091 W System  : A resource failed to call release. 
04-02 22:34:10.955  5073  5091 W System  : A resource failed to call release. 
04-02 22:34:10.955  5073  5091 W System  : A resource failed to call release. 
04-02 22:34:10.955  5073  5091 W System  : A resource failed to call release. 
04-02 22:34:10.955  5073  5091 W System  : A resource failed to call release. 
04-02 22:34:10.955  5073  5091 W System  : A resource failed to call release. 
04-02 22:34:10.955  5073  5091 W System  : A resource failed to call release. 
04-02 22:34:10.955  5073  5091 W System  : A resource failed to call release. 
04-02 22:34:10.955  5073  5091 W System  : A resource failed to call release. 
04-02 22:34:10.955  5073  5091 W System  : A resource failed to call release. 
04-02 22:34:10.955  5073  5091 W System  : A resource failed to call release. 
04-02 22:34:10.955  5073  5091 W System  : A resource failed to call release. 
04-02 22:34:10.955  5073  5091 W System  : A resource failed to call release. 
04-02 22:34:10.955  5073  5091 W System  : A resource failed to call release. 
04-02 22:34:10.955  5073  5091 W System  : A resource failed to call release. 
04-02 22:34:10.955  5073  5091 W System  : A resource failed to call release. 
04-02 22:34:10.955  5073  5091 W System  : A resource failed to call release. 
04-02 22:34:10.955  5073  5091 W System  : A resource failed to call release. 
04-02 22:34:10.955  5073  5091 W System  : A resource failed to call release. 
04-02 22:34:10.955  5073  5091 W System  : A resource failed to call release. 
04-02 22:34:10.955  5073  5091 W System  : A resource failed to call release. 
04-02 22:34:10.955  5073  5091 W System  : A resource failed to call release. 
04-02 22:34:10.955  5073  5091 W System  : A resource failed to call release. 
04-02 22:34:10.955  5073  5091 W System  : A resource failed to call release. 
04-02 22:34:10.955  5073  5091 W System  : A resource failed to call release. 
04-02 22:34:10.955  5073  5091 W System  : A resource failed to call release. 
04-02 22:34:10.955  5073  5091 W System  : A resource failed to call release. 
04-02 22:34:10.956  5073  5091 W System  : A resource failed to call release. 
04-02 22:34:10.956  5073  5091 W System  : A resource failed to call release. 
04-02 22:34:10.956  5073  5091 W System  : A resource failed to call release. 
04-02 22:34:10.956  5073  5091 W System  : A resource failed to call release. 
04-02 22:34:10.956  5073  5091 W System  : A resource failed to call release. 
04-02 22:34:10.956  5073  5091 W System  : A resource failed to call release. 
04-02 22:34:10.956  5073  5091 W System  : A resource failed to call release. 
04-02 22:34:10.956  5073  5091 W System  : A resource failed to call release. 
04-02 22:34:10.956  5073  5091 W System  : A resource failed to call release. 
04-02 22:34:10.956  5073  5091 W System  : A resource failed to call release. 
04-02 22:34:10.956  5073  5091 W System  : A resource failed to call release. 
04-02 22:34:10.956  5073  5091 W System  : A resource failed to call release. 
04-02 22:34:10.956  5073  5091 W System  : A resource failed to call release. 
04-02 22:34:10.956  5073  5091 W System  : A resource failed to call release. 
04-02 22:34:10.956  5073  5091 W System  : A resource failed to call release. 
04-02 22:34:10.956  5073  5091 W System  : A resource failed to call release. 
04-02 22:34:10.956  5073  5091 W System  : A resource failed to call release. 
04-02 22:34:10.956  5073  5091 W System  : A resource failed to call release. 
04-02 22:34:10.956  5073  5091 W System  : A resource failed to call release. 
04-02 22:34:10.956  5073  5091 W System  : A resource failed to call release. 
04-02 22:34:10.956  5073  5091 W System  : A resource failed to call release. 
04-02 22:34:10.956  5073  5091 W System  : A resource failed to call release. 
04-02 22:34:10.956  5073  5091 W System  : A resource failed to call release. 
04-02 22:34:10.956  5073  5091 W System  : A resource failed to call release. 
04-02 22:34:10.956  1841  2270 D OplusKeepAliveManager: TOP_APP is ProcessRecord{bedf3c2 14562:org.dpdns.sqxy090123.kit.vulnkit/u0a362} uid is 10362
04-02 22:34:10.957  5073  5091 W System  : A resource failed to call release. 
04-02 22:34:10.957  5073  5091 W System  : A resource failed to call release. 
04-02 22:34:10.957 14562 14562 I Quality : Skipped: false 0 cost 1.529635 refreshRate 11251649 bit true processName org.dpdns.sqxy090123.kit.vulnkit
04-02 22:34:10.957  5073  5091 W System  : A resource failed to call release. 
04-02 22:34:10.957  5073  5091 W System  : A resource failed to call release. 
04-02 22:34:10.957  5073  5091 W System  : A resource failed to call release. 
04-02 22:34:10.957  5073  5091 W System  : A resource failed to call release. 
04-02 22:34:10.957  5073  5091 W System  : A resource failed to call release. 
04-02 22:34:10.957  5073  5091 W System  : A resource failed to call release. 
04-02 22:34:10.957  5073  5091 W System  : A resource failed to call release. 
04-02 22:34:10.957  5073  5091 W System  : A resource failed to call release. 
04-02 22:34:10.957  5073  5091 W System  : A resource failed to call release. 
04-02 22:34:10.958  5073  5091 W System  : A resource failed to call release. 
04-02 22:34:10.958  5073  5091 W System  : A resource failed to call release. 
04-02 22:34:10.958  5073  5091 W System  : A resource failed to call release. 
04-02 22:34:10.958  5073  5091 W System  : A resource failed to call release. 
04-02 22:34:10.958  1841  8016 I FocusResolver: updateFocusedWindow, 5c73ae8 org.dpdns.sqxy090123.kit.vulnkit/org.dpdns.sqxy090123.kit.vulnkit.MainActivity on display 0, reason: setFocusedWindow, result:   FocusedWindows:
04-02 22:34:10.958  1841  8016 I FocusResolver:     displayId=0, name='5c73ae8 org.dpdns.sqxy090123.kit.vulnkit/org.dpdns.sqxy090123.kit.vulnkit.MainActivity'
04-02 22:34:10.958  5073  5091 W System  : A resource failed to call release. 
04-02 22:34:10.958  5073  5091 W System  : A resource failed to call release. 
04-02 22:34:10.958  5073  5091 W System  : A resource failed to call release. 
04-02 22:34:10.958  5073  5091 W System  : A resource failed to call release. 
04-02 22:34:10.958  5073  5091 W System  : A resource failed to call release. 
04-02 22:34:10.959  5073  5091 W System  : A resource failed to call release. 
04-02 22:34:10.959  5073  5091 W System  : A resource failed to call release. 
04-02 22:34:10.959  5073  5091 W System  : A resource failed to call release. 
04-02 22:34:10.959  5073  5091 W System  : A resource failed to call release. 
04-02 22:34:10.959  5073  5091 W System  : A resource failed to call release. 
04-02 22:34:10.959  1841  8016 D OplusFullScreenDisplayManager: adjustWindowParamsLw org.dpdns.sqxy090123.kit.vulnkit, no change cutoutMode: 0
04-02 22:34:10.959  5073  5091 W System  : A resource failed to call release. 
04-02 22:34:10.959  1841  8016 V WindowManager: Relayout Window{5c73ae8 u0 org.dpdns.sqxy090123.kit.vulnkit/org.dpdns.sqxy090123.kit.vulnkit.MainActivity}: viewVisibility=0, oldvis=0, req=1080x2400
04-02 22:34:10.959  5073  5091 W System  : A resource failed to call release. 
04-02 22:34:10.959  5073  5091 W System  : A resource failed to call release. 
04-02 22:34:10.959  5073  5091 W System  : A resource failed to call release. 
04-02 22:34:10.959  5073  5091 W System  : A resource failed to call release. 
04-02 22:34:10.959  5073  5091 W System  : A resource failed to call release. 
04-02 22:34:10.959  5073  5091 W System  : A resource failed to call release. 
04-02 22:34:10.959  5073  5091 W System  : A resource failed to call release. 
04-02 22:34:10.959  5073  5091 W System  : A resource failed to call release. 
04-02 22:34:10.959  5073  5091 W System  : A resource failed to call release. 
04-02 22:34:10.959  5073  5091 W System  : A resource failed to call release. 
04-02 22:34:10.959  5073  5091 W System  : A resource failed to call release. 
04-02 22:34:10.959  5073  5091 W System  : A resource failed to call release. 
04-02 22:34:10.959  5073  5091 W System  : A resource failed to call release. 
04-02 22:34:10.959  5073  5091 W System  : A resource failed to call release. 
04-02 22:34:10.959  5073  5091 W System  : A resource failed to call release. 
04-02 22:34:10.959  5073  5091 W System  : A resource failed to call release. 
04-02 22:34:10.959  5073  5091 W System  : A resource failed to call release. 
04-02 22:34:10.960  5073  5091 W System  : A resource failed to call release. 
04-02 22:34:10.960  5073  5091 W System  : A resource failed to call release. 
04-02 22:34:10.960  5073  5091 W System  : A resource failed to call release. 
04-02 22:34:10.960  5073  5091 W System  : A resource failed to call release. 
04-02 22:34:10.960  5073  5091 W System  : A resource failed to call release. 
04-02 22:34:10.960  5073  5091 W System  : A resource failed to call release. 
04-02 22:34:10.960  5073  5091 W System  : A resource failed to call release. 
04-02 22:34:10.960  5073  5091 W System  : A resource failed to call release. 
04-02 22:34:10.960  5073  5091 W System  : A resource failed to call release. 
04-02 22:34:10.960  5073  5091 W System  : A resource failed to call release. 
04-02 22:34:10.960  5073  5091 W System  : A resource failed to call release. 
04-02 22:34:10.960  5073  5091 W System  : A resource failed to call release. 
04-02 22:34:10.960  5073  5091 W System  : A resource failed to call release. 
04-02 22:34:10.960  5073  5091 W System  : A resource failed to call release. 
04-02 22:34:10.960  5073  5091 W System  : A resource failed to call release. 
04-02 22:34:10.960  5073  5091 W System  : A resource failed to call release. 
04-02 22:34:10.960  5073  5091 W System  : A resource failed to call release. 
04-02 22:34:10.960  5073  5091 W System  : A resource failed to call release. 
04-02 22:34:10.960  5073  5091 W System  : A resource failed to call release. 
04-02 22:34:10.961  5073  5091 W System  : A resource failed to call release. 
04-02 22:34:10.961  5073  5091 W System  : A resource failed to call release. 
04-02 22:34:10.961  5073  5091 W System  : A resource failed to call release. 
04-02 22:34:10.961  5073  5091 W System  : A resource failed to call release. 
04-02 22:34:10.961  5073  5091 W System  : A resource failed to call release. 
04-02 22:34:10.961  5073  5091 W System  : A resource failed to call release. 
04-02 22:34:10.961  5073  5091 W System  : A resource failed to call release. 
04-02 22:34:10.961  5073  5091 W System  : A resource failed to call release. 
04-02 22:34:10.961  5073  5091 W System  : A resource failed to call release. 
04-02 22:34:10.961  5073  5091 W System  : A resource failed to call release. 
04-02 22:34:10.961  5073  5091 W System  : A resource failed to call release. 
04-02 22:34:10.961  5073  5091 W System  : A resource failed to call release. 
04-02 22:34:10.961  5073  5091 W System  : A resource failed to call release. 
04-02 22:34:10.961  5073  5091 W System  : A resource failed to call release. 
04-02 22:34:10.961  5073  5091 W System  : A resource failed to call release. 
04-02 22:34:10.961  5073  5091 W System  : A resource failed to call release. 
04-02 22:34:10.961  5073  5091 W System  : A resource failed to call release. 
04-02 22:34:10.961  5073  5091 W System  : A resource failed to call release. 
04-02 22:34:10.961  1841  2270 D OplusUIFirst_FB: org.dpdns.sqxy090123.kit.vulnkit toForeOps: []
04-02 22:34:10.961  5073  5091 W System  : A resource failed to call release. 
04-02 22:34:10.961  1841  2270 D OplusUIFirst_FB: List of ThreadOp: size=0 []
04-02 22:34:10.961  5073  5091 W System  : A resource failed to call release. 
04-02 22:34:10.961  5073  5091 W System  : A resource failed to call release. 
04-02 22:34:10.961  5073  5091 W System  : A resource failed to call release. 
04-02 22:34:10.961  5073  5091 W System  : A resource failed to call release. 
04-02 22:34:10.961  5073  5091 W System  : A resource failed to call release. 
04-02 22:34:10.961  5073  5091 W System  : A resource failed to call release. 
04-02 22:34:10.961  5073  5091 W System  : A resource failed to call release. 
04-02 22:34:10.961  5073  5091 W System  : A resource failed to call release. 
04-02 22:34:10.962  5073  5091 W System  : A resource failed to call release. 
04-02 22:34:10.962  5073  5091 W System  : A resource failed to call release. 
04-02 22:34:10.962  2238  9881 D VRI[GrantPermissionsActivity]: dispatchAppVisibility visible:false
04-02 22:34:10.962  5073  5091 W System  : A resource failed to call release. 
04-02 22:34:10.962  5073  5091 W System  : A resource failed to call release. 
04-02 22:34:10.962  5073  5091 W System  : A resource failed to call release. 
04-02 22:34:10.962  5073  5091 W System  : A resource failed to call release. 
04-02 22:34:10.962  5073  5091 W System  : A resource failed to call release. 
04-02 22:34:10.962  5073  5091 W System  : A resource failed to call release. 
04-02 22:34:10.962  5073  5091 W System  : A resource failed to call release. 
04-02 22:34:10.962  5073  5091 W System  : A resource failed to call release. 
04-02 22:34:10.962  5073  5091 W System  : A resource failed to call release. 
04-02 22:34:10.962  5073  5091 W System  : A resource failed to call release. 
04-02 22:34:10.962  5073  5091 W System  : A resource failed to call release. 
04-02 22:34:10.962  5073  5091 W System  : A resource failed to call release. 
04-02 22:34:10.962  5073  5091 W System  : A resource failed to call release. 
04-02 22:34:10.962  5073  5091 W System  : A resource failed to call release. 
04-02 22:34:10.962  5073  5091 W System  : A resource failed to call release. 
