--------- beginning of main
04-02 22:34:08.848   938  1029 E netd    : dispachCmd:oplusGetRtt
04-02 22:34:08.848   938  1029 E netd    : handleGetRttCmd: netId = 283, uid = 10177
04-02 22:34:08.850   938  1029 E netd    : dispachCmd cmd:oplusGetRtt  result:0
04-02 22:34:08.850   938  1029 E netd    : dispachCmd:oplusGetRtt
04-02 22:34:08.851   938  1029 E netd    : handleGetRttCmd: netId = 282, uid = 10177
04-02 22:34:08.852   938  1029 E netd    : dispachCmd cmd:oplusGetRtt  result:0
04-02 22:34:08.854  1841  4124 D OplusWifiConnect2: clientModeManager == null, getOplusSta2ConnectionInfo null
04-02 22:34:08.919  3854  4107 D NBLOG   : log is 2026-04-02 22:34:08.918 3854-4107 I/NMAudioPlayer: AndroidAudioPlayer: Get current PlayedTime: 48379
04-02 22:34:09.561   767   774 I android.system.suspend@1.0-service: System run for more than ten minutes, there are the wakelocks:
04-02 22:34:09.561   767   774 I android.system.suspend@1.0-service: WakeLockInfo{name:PowerManagerService.Display, totalTime:231743278, isActive:1, activeTime:5454381, isKernelWakelock:0, pid:1841}
04-02 22:34:09.561   767   774 I android.system.suspend@1.0-service: WakeLockInfo{name:PowerManager.SuspendLockout, totalTime:231601307, isActive:1, activeTime:5454382, isKernelWakelock:0, pid:1841}
04-02 22:34:09.561   767   774 I android.system.suspend@1.0-service: WakeLockInfo{name:PowerManagerService.WakeLocks, totalTime:241208828, isActive:1, activeTime:7070825, isKernelWakelock:0, pid:1841}
04-02 22:34:09.561   767   774 I android.system.suspend@1.0-service: WakeLockInfo{name:a600000.ssusb, totalTime:4811368, isActive:1, activeTime:758524, isKernelWakelock:1, pid:-1}
04-02 22:34:09.561   767   774 I android.system.suspend@1.0-service: WakeLockInfo{name:battery suspend wakelock, totalTime:242694015, isActive:1, activeTime:758531, isKernelWakelock:1, pid:-1}
--------- beginning of system
04-02 22:34:09.580  1841  2416 D OplusSmartBrightnessController: handleMessage MSG_LUX_CHANGED, mLux:2581.355 luxQueue=[2578.2178, 2580.678, 2582.1594, 2582.7126, 2582.5015, 2581.8586, 2581.3538]
04-02 22:34:10.044  1841  4222 D OGG_Detector: D:done mCurrStatus: 0
04-02 22:34:10.044  4608  4608 D VRI[Launcher]: handleWindowFocusChanged mWindowFocusChanged false mUpcomingWindowFocus true mAdded true
04-02 22:34:10.044  1841  3067 D PowerManagerService: userActivityNoUpdateLocked: groupId=0, eventTime=371110043, event=2, flags=0x0, uid=1000
04-02 22:34:10.044  4608  4608 V AutofillManager: requestHideFillUi(null): anchor = null
04-02 22:34:10.044  1841  2259 D TheiaRestorer: reportPointerEvent: MotionEvent { action=ACTION_DOWN, actionButton=0, id[0]=0, x[0]=419.25, y[0]=332.0, toolType[0]=TOOL_TYPE_FINGER, buttonState=0, classification=NONE, metaState=0, flags=0x0, edgeFlags=0x0, pointerCount=1, historySize=0, eventTime=371110043, downTime=371110043, deviceId=3, source=0x1002, displayId=0, eventId=223090582 }
04-02 22:34:10.044  4323  5212 D NoBackGesture: Start gesture: MotionEvent { action=ACTION_DOWN, actionButton=0, id[0]=0, x[0]=419.25, y[0]=332.0, toolType[0]=TOOL_TYPE_FINGER, buttonState=0, classification=NONE, metaState=0, flags=0x0, edgeFlags=0x0, pointerCount=1, historySize=0, eventTime=371110043, downTime=371110043, deviceId=3, source=0x1002, displayId=0, eventId=223090582 }
04-02 22:34:10.044  4323  5212 D NoBackGesture: Not in side gesture area
04-02 22:34:10.051  1158  1322 E ANDR-PERF-OPTSHANDLER: Perflock resource /sys/class/devfreq/soc:qcom,cpubw/bw_hwmon/io_percent not supported
04-02 22:34:10.051  1158  1322 E ANDR-PERF-RESOURCEQS: Failed to apply optimization [6, 2]
04-02 22:34:10.051  1158  1322 E ANDR-PERF-OPTSHANDLER: Perflock resource /sys/class/devfreq/soc:qcom,cpubw/bw_hwmon/sample_ms not supported
04-02 22:34:10.051  1158  1322 E ANDR-PERF-RESOURCEQS: Failed to apply optimization [6, 8]
04-02 22:34:10.051  1158  1322 E ANDR-PERF-OPTSHANDLER: Perflock resource SPECIAL_NODE - cpubw_hwmon_hyst_opt not supported
04-02 22:34:10.051  1158  1322 E ANDR-PERF-RESOURCEQS: Failed to apply optimization [6, 3]
04-02 22:34:10.051  1158  1322 E ANDR-PERF-OPTSHANDLER: Perflock resource /sys/class/devfreq/soc:qcom,cpubw/min_freq not supported
04-02 22:34:10.051  1158  1322 E ANDR-PERF-RESOURCEQS: Failed to apply optimization [6, 0]
04-02 22:34:10.051  1158  1322 E ANDR-PERF-OPTSHANDLER: Perflock resource /sys/class/devfreq/soc:qcom,llccbw/min_freq not supported
04-02 22:34:10.051  1158  1322 E ANDR-PERF-RESOURCEQS: Failed to apply optimization [12, 0]
04-02 22:34:10.051  1158  1322 E ANDR-PERF-OPTSHANDLER: Perflock resource /sys/class/devfreq/soc:qcom,llccbw/bw_hwmon/io_percent not supported
04-02 22:34:10.051  1158  1322 E ANDR-PERF-RESOURCEQS: Failed to apply optimization [12, 1]
04-02 22:34:10.051  1158  1322 E ANDR-PERF-OPTSHANDLER: Perflock resource /sys/class/devfreq/soc:qcom,llccbw/bw_hwmon/sample_ms not supported
04-02 22:34:10.051  1158  1322 E ANDR-PERF-RESOURCEQS: Failed to apply optimization [12, 3]
04-02 22:34:10.051  1158  1322 E ANDR-PERF-OPTSHANDLER: Perflock resource SPECIAL_NODE - llcbw_hwmon_hyst_opt not supported
04-02 22:34:10.051  1158  1322 E ANDR-PERF-RESOURCEQS: Failed to apply optimization [12, 2]
04-02 22:34:10.052  1158  1322 E ANDR-PERF-OPTSHANDLER: Min bounds check failed
04-02 22:34:10.052  1158  1322 E ANDR-PERF-OPTSHANDLER: Error! Perflock failed, invalid request value 79
04-02 22:34:10.052  1158  1322 E ANDR-PERF-RESOURCEQS: Failed to apply optimization [12, 6]
04-02 22:34:10.053  5139 19786 I iopgp   : Iopgp: TRANSACTION_IOPGP_ON_KEY_DOWN sequence_id = 397 pkg_name = org.dpdns.sqxy090123.kit.vulnkit isProfile = 0
04-02 22:34:10.054  5139 19786 D iopgp   : cannot find a compiledtrace, need to start tracing on intentstart.
04-02 22:34:10.054  5139 19786 D iopgp   : Iopgp: Decide the action on keydown event done in 0ms.
04-02 22:34:10.080  4608  4608 D VRI[Launcher]: handleWindowFocusChanged mWindowFocusChanged false mUpcomingWindowFocus true mAdded true
04-02 22:34:10.089  5139 19786 I iopgp   : Iopgp: TRANSACTION_IOPGP_ON_INTENT_STARTED sequence_id = 397 pkg_name = org.dpdns.sqxy090123.kit.vulnkit class_name = org.dpdns.sqxy090123.kit.vulnkit.MainActivity
04-02 22:34:10.090  1841  6022 D CompatibilityChangeReporter: Compat change id reported: 161252188; UID 10362; state: DISABLED
04-02 22:34:10.090  5139 19786 I iopgp   : Total traces exceed kMaxAppTraces limits, and number is 2
04-02 22:34:10.091  1841  6022 E system_server: No package ID 7f found for ID 0x7f1001d2.
04-02 22:34:10.091  1841  6022 I ActivityTaskManager: START u0 {act=android.intent.action.MAIN cat=[android.intent.category.LAUNCHER] flg=0x10200000 cmp=org.dpdns.sqxy090123.kit.vulnkit/.MainActivity bnds=[290,177][542,472] mCallingUid=10177} from uid 10177
04-02 22:34:10.091  1841  6022 D MultiApp.CMAService: changeIntentIfNeed --- from launcher
04-02 22:34:10.094  1158  1322 E ANDR-PERF-OPTSHANDLER: Perflock resource /sys/class/devfreq/soc:qcom,cpubw/bw_hwmon/io_percent not supported
04-02 22:34:10.094  1158  1322 E ANDR-PERF-RESOURCEQS: Failed to apply optimization [6, 2]
04-02 22:34:10.094  1158  1322 E ANDR-PERF-OPTSHANDLER: Perflock resource /sys/class/devfreq/soc:qcom,cpubw/bw_hwmon/sample_ms not supported
04-02 22:34:10.094  1158  1322 E ANDR-PERF-RESOURCEQS: Failed to apply optimization [6, 8]
04-02 22:34:10.094  1158  1322 E ANDR-PERF-OPTSHANDLER: Perflock resource SPECIAL_NODE - cpubw_hwmon_hyst_opt not supported
04-02 22:34:10.094  1158  1322 E ANDR-PERF-RESOURCEQS: Failed to apply optimization [6, 3]
04-02 22:34:10.094  1158  1322 E ANDR-PERF-OPTSHANDLER: Perflock resource /sys/class/devfreq/soc:qcom,cpubw/min_freq not supported
04-02 22:34:10.094  1158  1322 E ANDR-PERF-RESOURCEQS: Failed to apply optimization [6, 0]
04-02 22:34:10.094  1158  1322 E ANDR-PERF-OPTSHANDLER: Perflock resource /sys/class/devfreq/soc:qcom,llccbw/min_freq not supported
04-02 22:34:10.094  1158  1322 E ANDR-PERF-RESOURCEQS: Failed to apply optimization [12, 0]
04-02 22:34:10.094  1158  1322 E ANDR-PERF-OPTSHANDLER: Perflock resource /sys/class/devfreq/soc:qcom,llccbw/bw_hwmon/io_percent not supported
04-02 22:34:10.094  1158  1322 E ANDR-PERF-RESOURCEQS: Failed to apply optimization [12, 1]
04-02 22:34:10.094  1158  1322 E ANDR-PERF-OPTSHANDLER: Perflock resource /sys/class/devfreq/soc:qcom,llccbw/bw_hwmon/sample_ms not supported
04-02 22:34:10.094  1158  1322 E ANDR-PERF-RESOURCEQS: Failed to apply optimization [12, 3]
04-02 22:34:10.094  1158  1322 E ANDR-PERF-OPTSHANDLER: Perflock resource SPECIAL_NODE - llcbw_hwmon_hyst_opt not supported
04-02 22:34:10.094  1158  1322 E ANDR-PERF-RESOURCEQS: Failed to apply optimization [12, 2]
04-02 22:34:10.094  1158  1322 E ANDR-PERF-OPTSHANDLER: Min bounds check failed
04-02 22:34:10.094  1158  1322 E ANDR-PERF-OPTSHANDLER: Error! Perflock failed, invalid request value 79
04-02 22:34:10.094  1158  1322 E ANDR-PERF-RESOURCEQS: Failed to apply optimization [12, 6]
04-02 22:34:10.098  1158  1323 E ANDR-PERF-LM: MetaMeter: handleAsync() 166: AdaptLaunch Invalid Async
04-02 22:34:10.099  1158  1323 E ANDR-PERF-LM: MetaMeter: handleAsync() 166: AdaptLaunch Invalid Async
04-02 22:34:10.099   690   690 I hwservicemanager: getTransport: Cannot find entry vendor.qti.hardware.iop@2.0::IIop/default in either framework or device VINTF manifest.
04-02 22:34:10.102  1841  6022 I OplusScreenSecurityMask: onStackAdded task = Task{cb81fd1 #751 type=standard ?? U=0 visible=false visibleRequested=false mode=fullscreen translucent=true sz=0} record = null displayId = 0
04-02 22:34:10.102  1841  6022 I OplusScreenSecurityMask: onStackAdded task = Task{cb81fd1 #751 type=standard A=10362:org.dpdns.sqxy090123.kit.vulnkit U=0 visible=false visibleRequested=false mode=fullscreen translucent=true sz=0} record = null displayId = 0
04-02 22:34:10.104  1841  6022 D TaskFragmentExtImpl: add ActivityRecord{6f5365b u0 org.dpdns.sqxy090123.kit.vulnkit/.MainActivity} t751} to mActivityRecordSum = Counter{ org.dpdns.sqxy090123.kit.vulnkit/.MainActivity(1) }
04-02 22:34:10.105  1841  6022 D ActivityTaskManager: getStartingWindowType: newTask=true, taskSwitch=true, processRunning=false, allowTaskSnapshot=true, activityCreated=false, snapshot=null, record:ActivityRecord{6f5365b u0 org.dpdns.sqxy090123.kit.vulnkit/.MainActivity} t751}
04-02 22:34:10.105  1841  6022 D ActivityRecordExtImpl: handleStartingWindowForCompactWindow origin type:2, adjustType : 2
04-02 22:34:10.105  1841  6022 D CompatibilityChangeReporter: Compat change id reported: 205907456; UID 10362; state: ENABLED
04-02 22:34:10.106  1841  6022 D OplusZoomWindowRUSConfigManager: isSupportZoomModeWithPolicyLocked: target = org.dpdns.sqxy090123.kit.vulnkit/.MainActivity
04-02 22:34:10.106  1841  6022 D OplusZoomWindowRUSConfigManager: targetPkg = org.dpdns.sqxy090123.kit.vulnkit
04-02 22:34:10.106  1841  6022 D ActivityTrigger: ActivityTrigger activityPauseTrigger 
04-02 22:34:10.107  4323  4445 D PhoneStartingWindowTypeAlgorithm: preferredStartingWindowType newTask=true, taskSwitch=true, processRunning=false, allowTaskSnapshot=true, activityCreated=false, isSolidColorSplashScreen=false, legacySplashScreen=false, activityDrawn=false, topIsHome=false
04-02 22:34:10.109  1841  6022 D OplusAlwaysAliveManager: process not running, cold launch: ActivityRecord{6f5365b u0 org.dpdns.sqxy090123.kit.vulnkit/.MainActivity} t751}, processName: org.dpdns.sqxy090123.kit.vulnkit
04-02 22:34:10.109  1841  6022 D OplusUIFirst_FB: org.dpdns.sqxy090123.kit.vulnkit activity event: []
04-02 22:34:10.109  1841  6022 D OplusUIFirst_FB: List of ThreadOp: size=0 []
04-02 22:34:10.111  4323  4445 D OplusShellStartingWindowManager: adjustSuggestedWindowType: skip no-system app and no-exception list app
04-02 22:34:10.111  4608  4608 I Quality : Skipped: true 1 cost 17.631962 refreshRate 11111111 bit true processName com.android.launcher
04-02 22:34:10.112  4323  4446 D ShellStartingWindow: getWindowAttrs window attributes color: 0, replace icon: false
04-02 22:34:10.112  1303  1451 I SurfaceFlinger: [SF client] NEW(0xb40000718589efc0) for (4323:com.android.systemui)
04-02 22:34:10.112  4323  4446 D UxIconPackageManagerExt: UxIcon checkChooseIconsRootPath false
04-02 22:34:10.113  4323  4446 D UxIconPackageManagerExt: UxIcon checkChooseIconsRootPath false
04-02 22:34:10.113  4323  4446 D ShellStartingWindow: inconsize = 480
04-02 22:34:10.113  4323  4445 W OplusSlideAnimOptHelper: initScrollOpt: not running in mainthread
04-02 22:34:10.114  1158  1322 E ANDR-PERF-OPTSHANDLER: Perflock resource /sys/class/devfreq/soc:qcom,cpubw/bw_hwmon/io_percent not supported
04-02 22:34:10.115  1158  1322 E ANDR-PERF-RESOURCEQS: Failed to apply optimization [6, 2]
04-02 22:34:10.115  1158  1322 E ANDR-PERF-OPTSHANDLER: Perflock resource /sys/class/devfreq/soc:qcom,cpubw/bw_hwmon/sample_ms not supported
04-02 22:34:10.115  1158  1322 E ANDR-PERF-RESOURCEQS: Failed to apply optimization [6, 8]
04-02 22:34:10.115  1158  1322 E ANDR-PERF-OPTSHANDLER: Perflock resource SPECIAL_NODE - cpubw_hwmon_hyst_opt not supported
04-02 22:34:10.115  1158  1322 E ANDR-PERF-RESOURCEQS: Failed to apply optimization [6, 3]
04-02 22:34:10.115  1158  1322 E ANDR-PERF-OPTSHANDLER: Perflock resource /sys/class/devfreq/soc:qcom,cpubw/min_freq not supported
04-02 22:34:10.115  1158  1322 E ANDR-PERF-RESOURCEQS: Failed to apply optimization [6, 0]
04-02 22:34:10.115  1158  1322 E ANDR-PERF-OPTSHANDLER: Perflock resource /sys/class/devfreq/soc:qcom,llccbw/min_freq not supported
04-02 22:34:10.115  1158  1322 E ANDR-PERF-RESOURCEQS: Failed to apply optimization [12, 0]
04-02 22:34:10.116  1158  1322 E ANDR-PERF-OPTSHANDLER: Perflock resource /sys/class/devfreq/soc:qcom,llccbw/bw_hwmon/io_percent not supported
04-02 22:34:10.116  1158  1322 E ANDR-PERF-RESOURCEQS: Failed to apply optimization [12, 1]
04-02 22:34:10.116  1158  1322 E ANDR-PERF-OPTSHANDLER: Perflock resource /sys/class/devfreq/soc:qcom,llccbw/bw_hwmon/sample_ms not supported
04-02 22:34:10.116  1158  1322 E ANDR-PERF-RESOURCEQS: Failed to apply optimization [12, 3]
04-02 22:34:10.116  1841  2270 D CompatibilityChangeReporter: Compat change id reported: 135634846; UID 10362; state: DISABLED
04-02 22:34:10.116  1158  1322 E ANDR-PERF-OPTSHANDLER: Perflock resource SPECIAL_NODE - llcbw_hwmon_hyst_opt not supported
04-02 22:34:10.116  1158  1322 E ANDR-PERF-RESOURCEQS: Failed to apply optimization [12, 2]
04-02 22:34:10.116  1841  2270 D CompatibilityChangeReporter: Compat change id reported: 177438394; UID 10362; state: DISABLED
04-02 22:34:10.116  1158  1322 E ANDR-PERF-OPTSHANDLER: Min bounds check failed
04-02 22:34:10.116  1158  1322 E ANDR-PERF-OPTSHANDLER: Error! Perflock failed, invalid request value 79
04-02 22:34:10.116  1158  1322 E ANDR-PERF-RESOURCEQS: Failed to apply optimization [12, 6]
04-02 22:34:10.116  1841  2270 D CompatibilityChangeReporter: Compat change id reported: 135772972; UID 10362; state: DISABLED
04-02 22:34:10.116  1841  2270 D CompatibilityChangeReporter: Compat change id reported: 135754954; UID 10362; state: ENABLED
04-02 22:34:10.116  4323  4445 D WindowManager: Add to mViews: android.widget.FrameLayout{1131809 V.E...... ......I. 0,0-0,0 viewInfo = },pkg= org.dpdns.sqxy090123.kit.vulnkit
04-02 22:34:10.117  1841  2368 D CompatibilityChangeReporter: Compat change id reported: 143937733; UID 10362; state: ENABLED
04-02 22:34:10.118  1158  1323 W ANDR-PERF-LM: MetaMeter: handlePrimaryAsync() 118: AdaptLaunch MetaMeter. No MeterMgr Available to handle this Primary Async. !!!!
04-02 22:34:10.118  1841  6012 V SensorManager: call sensorServiceCommonInterface name: setScreenShotDisable
04-02 22:34:10.118  1158  1323 W ANDR-PERF-LM: MetaMeter: handlePrimaryAsync() 118: AdaptLaunch MetaMeter. No MeterMgr Available to handle this Primary Async. !!!!
04-02 22:34:10.118  1841  6012 D SensorService: SensorService sensorServiceCommonInterface = setScreenShotDisable
04-02 22:34:10.118  1841  6012 D SensorServiceExtImpl: sensorServiceCommonInterface funcName = setScreenShotDisable, flag = 0, status = 0
04-02 22:34:10.118  1841  6012 E WindowManager: create RemoteAnimationController com.android.server.wm.RemoteAnimationController@ea215d3
04-02 22:34:10.118  1841  6012 I OplusHansManager : front pkg: org.dpdns.sqxy090123.kit.vulnkit, uid: 10362, prev pkg: com.android.launcher, prev uid: 10177
04-02 22:34:10.118  1841  6012 V SensorManager: call sensorServiceCommonInterface name: setScreenShotDisable
04-02 22:34:10.118  1841  6012 D SensorService: SensorService sensorServiceCommonInterface = setScreenShotDisable
04-02 22:34:10.119  1841  6012 D SensorServiceExtImpl: sensorServiceCommonInterface funcName = setScreenShotDisable, flag = 0, status = 0
04-02 22:34:10.119  1841  5272 I OplusHansManager : notifyAppGoForeground, uid=10362
04-02 22:34:10.119  1841  5272 I OplusHansManager : notifyAppGoBackground, uid=10177
04-02 22:34:10.119  1841  4214 I Osense-DecisionMaker: notifySceneToAthenaPolicy: SCENE_APP_SWITCH, bundle: Bundle[{prevPkgName=com.android.launcher, curUid=10362, curPkgName=org.dpdns.sqxy090123.kit.vulnkit, prevUid=10177}]
04-02 22:34:10.119  1841  6012 V SensorManager: call sensorServiceCommonInterface name: setScreenShotDisable
04-02 22:34:10.119  1841  4214 I Osense-DecisionMaker: scene: SCENE_APP_SWITCH, excutingPolicy: freezer
04-02 22:34:10.119  1841  6012 D SensorService: SensorService sensorServiceCommonInterface = setScreenShotDisable
04-02 22:34:10.120  1841  5077 I OplusResourcePreloadManager: resume pkg: org.dpdns.sqxy090123.kit.vulnkit, uid:10362, prev pkg: com.android.launcher, prev uid: 10177
04-02 22:34:10.120  1841  6012 D SensorServiceExtImpl: sensorServiceCommonInterface funcName = setScreenShotDisable, flag = 0, status = 0
04-02 22:34:10.120  1841  4214 D Osense-DecisionMaker: invoke freezer policy,type: fast
04-02 22:34:10.120  4323  4413 D ZoomController: onTaskMovedToFront, task id:751
04-02 22:34:10.121  5139 19786 I iopgp   : Iopgp: TRANSACTION_IOPGP_ON_ACTIVITY_LAUNCHED sequence_id = 397
04-02 22:34:10.123  1841  6015 D OplusFullScreenDisplayManager: adjustWindowParamsLw org.dpdns.sqxy090123.kit.vulnkit, no change cutoutMode: 0
04-02 22:34:10.125  1841  6015 I WindowManager: addWindow: New client android.os.BinderProxy@afdf809 : window=Window{fab8a0e u0 Splash Screen org.dpdns.sqxy090123.kit.vulnkit}
04-02 22:34:10.125  1841  2368 I ActivityManager: Start proc 14562:org.dpdns.sqxy090123.kit.vulnkit/u0a362 for next-top-activity {org.dpdns.sqxy090123.kit.vulnkit/org.dpdns.sqxy090123.kit.vulnkit.MainActivity}
04-02 22:34:10.126  4323  4445 D InputEventReceiver: Input log is disabled
04-02 22:34:10.126  1841 15550 W ContextImpl: Calling a method in the system process without a qualified user: android.app.ContextImpl.sendBroadcast:1193 com.qualcomm.qti.Performance$SendGameLaunchBroadcast.run:256 java.lang.Thread.run:1012 <bottom of call stack> <bottom of call stack> 
04-02 22:34:10.127  1841  6023 D CoreBackPreview: Window{fab8a0e u0 Splash Screen org.dpdns.sqxy090123.kit.vulnkit}: Setting back callback OnBackInvokedCallbackInfo{mCallback=android.window.IOnBackInvokedCallback$Stub$Proxy@b20223c, mPriority=0}
04-02 22:34:10.128  1841  2368 D OplusUIFirst_FB: org.dpdns.sqxy090123.kit.vulnkit proc start: 10362 14562 false org.dpdns.sqxy090123.kit.vulnkit
04-02 22:34:10.128  1841  2368 D OplusUIFirst_FB: org.dpdns.sqxy090123.kit.vulnkit start process: []
04-02 22:34:10.128  1841  2368 D OplusUIFirst_FB: List of ThreadOp: size=0 []
04-02 22:34:10.129  4323  4445 D OplusShellStartingWindowManager: handleSplashScreenView: normal third app or no-default
04-02 22:34:10.129  4323  4445 E OplusBracketLog: [OplusViewMirrorManager] updateHostViewRootIfNeeded, not support android.view.ViewRootImpl@fcc2bc5
04-02 22:34:10.131  1841  6022 D OplusFullScreenDisplayManager: adjustWindowParamsLw org.dpdns.sqxy090123.kit.vulnkit, no change cutoutMode: 0
04-02 22:34:10.131  1158  1323 E ANDR-PERF-LM: MetaMeter: handleAsync() 166: AdaptLaunch Invalid Async
04-02 22:34:10.131  1841  6022 V WindowManager: Relayout Window{fab8a0e u0 Splash Screen org.dpdns.sqxy090123.kit.vulnkit}: viewVisibility=0, oldvis=0, req=1080x2400
04-02 22:34:10.131  1841  6022 I WindowManager: Window{fab8a0e u0 Splash Screen org.dpdns.sqxy090123.kit.vulnkit} state from NO_SURFACE to DRAW_PENDING; reason: resetDrawState
04-02 22:34:10.133  1841  6015 I FocusResolver: updateFocusedWindow,  on display 0, reason: NO_WINDOW, result:   FocusedWindows: <none>
04-02 22:34:10.134  4608  4608 D VRI[Launcher]: onFocusEvent false
04-02 22:34:10.134  4608  4608 D VRI[Launcher]: send msg MSG_WINDOW_FOCUS_CHANGED with caller android.view.ViewRootImplExtImpl.markAndDumpWindowFocusChangeMsg:956 android.view.ViewRootImpl.windowFocusChanged:9837 android.view.ViewRootImpl$WindowInputEventReceiver.onFocusEvent:9550 android.os.MessageQueue.nativePollOnce:-2 android.os.MessageQueue.next:349 android.os.Looper.loopOnce:186 android.os.Looper.loop:351 android.app.ActivityThread.main:8422 java.lang.reflect.Method.invoke:-2 com.android.internal.os.RuntimeInit$MethodAndArgsCaller.run:584 com.android.internal.os.ZygoteInit.main:1013 <bottom of call stack> <bottom of call stack> <bottom of call stack> <bottom of call stack> <bottom of call stack> <bottom of call stack> <bottom of call stack> <bottom of call stack> <bottom of call stack> 
04-02 22:34:10.134  4608  4608 D VRI[Launcher]: handleWindowFocusChanged mWindowFocusChanged true mUpcomingWindowFocus false mAdded true
04-02 22:34:10.135  1841  6022 V WindowManager: Changing focus from Window{92eab11 u0 com.android.launcher/com.android.launcher.Launcher} to null,diplayid=0
04-02 22:34:10.135  1841  6022 D Theia.NoFocusWindow: FocusWindowErrorScene CheckFreezeScreen
04-02 22:34:10.135  1841  5272 I OplusHansManager : FastFreeze enter, freeze uids: [10303]
04-02 22:34:10.136  1841  5272 I OplusHansManager : enter FastFreezer, frontApp: 10362, frozen uids: [10303], important uids: {10311=audioFocus, 10314=bt}, reason: osense
04-02 22:34:10.136  4323  4445 D BufferQueueConsumer: [](id:10e300001b3d,api:0,p:-1,c:4323) connect: controlledByApp=false
04-02 22:34:10.136  4323  4445 E IPCThreadState: attemptIncStrongHandle(855): Not supported
04-02 22:34:10.137  4323  4475 D BufferQueueProducer: [VRI[vulnkit]#6953(BLAST Consumer)6953](id:10e300001b3d,api:1,p:4323,c:4323) connect: api=1 producerControlledByApp=true
04-02 22:34:10.140  4323  4445 D VRI[vulnkit]: registerCallbacksForSync syncBuffer=false
04-02 22:34:10.144  4323  4475 D VRI[vulnkit]: Received frameCommittedCallback lastAttemptedDrawFrameNum=1 didProduceBuffer=true syncBuffer=false
04-02 22:34:10.144  4323  4475 W Parcel  : Expecting binder but got null!
04-02 22:34:10.144  4323  4445 D VRI[vulnkit]: draw finished.
04-02 22:34:10.145  4323  4445 D ViewRootImplExtImpl: Block resize report for SplashScreen of systemui.
04-02 22:34:10.146  1841  6015 I WindowManager: Window{fab8a0e u0 Splash Screen org.dpdns.sqxy090123.kit.vulnkit} state from DRAW_PENDING to COMMIT_DRAW_PENDING; reason: finishDrawingLocked
04-02 22:34:10.147  1841  6015 D WindowManager: finishDrawingLocked forceApplyNow=false,2,Window{fab8a0e u0 Splash Screen org.dpdns.sqxy090123.kit.vulnkit}
04-02 22:34:10.148 14562 14562 I 123.kit.vulnkit: Late-enabling -Xcheck:jni
04-02 22:34:10.149  1841  2270 D OplusUIFirst_FB: com.android.launcher toForeOps: []
04-02 22:34:10.149  1841  2270 D OplusUIFirst_FB: List of ThreadOp: size=0 []
04-02 22:34:10.149  1841  2275 I WindowManager: Window{fab8a0e u0 Splash Screen org.dpdns.sqxy090123.kit.vulnkit} state from COMMIT_DRAW_PENDING to READY_TO_SHOW; reason: commitFinishDrawingLocked
04-02 22:34:10.152  1841  2275 D TaskOrganizerController: TaskOrganizerCallbacks.onTaskAppeared
04-02 22:34:10.154  4323  4413 V ShellTaskOrganizer: Task appeared taskId=751
04-02 22:34:10.155  1303  1303 D OplusLayer: (158862,Splash Screen org.dpdns.sqxy090123.kit.vulnkit#158862,com.android.systemui) setBuffer
04-02 22:34:10.156  4323  4413 D ShellTaskOrganizerExt: isOnCanvas size:0
04-02 22:34:10.156  4323  4413 D ShellTaskOrganizerExt: isOnThreeFlexibleCanvas size:0
04-02 22:34:10.156  4323  4413 D ShellTaskOrganizerExt: visibleFlexibleTaskInfos delete:751
04-02 22:34:10.159  1841  2275 I WindowManager: Window{fab8a0e u0 Splash Screen org.dpdns.sqxy090123.kit.vulnkit} state from READY_TO_SHOW to HAS_DRAWN; reason: performShowLocked
04-02 22:34:10.165  1841  5272 I OplusHansManager : onUidActive() update stay time, uid=10362, pkgName=org.dpdns.sqxy090123.kit.vulnkit, U stay=23
04-02 22:34:10.165  8088  8099 E IHansComunication: HANS printMessageBody: RCV message: type = 0,port = 86870,caller_pid = 1604,caller_uid = 1047,target_pid = 14950,target_uid = 10303,pkg_cmd = -1,rpc = android.hardware.ICameraServiceListener/5
04-02 22:34:10.165  8088  8099 E IHansComunication: HANS printMessageBody: RCV message: type = 0,port = 86870,caller_pid = 1604,caller_uid = 1047,target_pid = 15910,target_uid = 10303,pkg_cmd = -1,rpc = android.hardware.ICameraServiceListener/5
04-02 22:34:10.165  8088  8099 E IHansComunication: HANS printMessageBody: RCV message: type = 0,port = 86870,caller_pid = 1604,caller_uid = 1047,target_pid = 30927,target_uid = 10215,pkg_cmd = -1,rpc = android.hardware.ICameraServiceListener/5
04-02 22:34:10.165  8088  8099 E IHansComunication: HANS printMessageBody: RCV message: type = 0,port = 86870,caller_pid = 1841,caller_uid = 1000,target_pid = 28918,target_uid = 10215,pkg_cmd = -1,rpc = android.app.IUidObserver/4
04-02 22:34:10.167  8088  8099 E IHansComunication: HANS printMessageBody: RCV message: type = 0,port = 86870,caller_pid = 1604,caller_uid = 1047,target_pid = 14950,target_uid = 10303,pkg_cmd = -1,rpc = android.hardware.ICameraServiceListener/5
04-02 22:34:10.168  8088  8099 E IHansComunication: HANS printMessageBody: RCV message: type = 0,port = 86870,caller_pid = 1604,caller_uid = 1047,target_pid = 15910,target_uid = 10303,pkg_cmd = -1,rpc = android.hardware.ICameraServiceListener/5
04-02 22:34:10.168  8088  8099 E IHansComunication: HANS printMessageBody: RCV message: type = 0,port = 86870,caller_pid = 1604,caller_uid = 1047,target_pid = 30927,target_uid = 10215,pkg_cmd = -1,rpc = android.hardware.ICameraServiceListener/5
04-02 22:34:10.171  1841  2275 I WindowStateExtImpl: onSurfaceShowChange show = true mPackageName = org.dpdns.sqxy090123.kit.vulnkit parentPkgName = org.dpdns.sqxy090123.kit.vulnkit
04-02 22:34:10.172  1841  2275 I TaskOrganizerController: onTaskInfoChanged taskid 10 config { mBounds=Rect(0, 0 - 1080, 2400) mAppBounds=Rect(0, 115 - 1080, 2400) mMaxBounds=Rect(0, 0 - 1080, 2400) mDisplayRotation=ROTATION_0 mWindowingMode=fullscreen mDisplayWindowingMode=fullscreen mActivityType=home mAlwaysOnTop=undefined mRotation=ROTATION_0}
04-02 22:34:10.173  1841  2275 I TaskOrganizerController: onTaskInfoChanged taskid 751 config { mBounds=Rect(0, 0 - 1080, 2400) mAppBounds=Rect(0, 115 - 1080, 2400) mMaxBounds=Rect(0, 0 - 1080, 2400) mDisplayRotation=ROTATION_0 mWindowingMode=fullscreen mDisplayWindowingMode=fullscreen mActivityType=standard mAlwaysOnTop=undefined mRotation=ROTATION_0}
04-02 22:34:10.174  4323  4413 D ShellTaskOrganizerExt: isOnCanvas size:0
04-02 22:34:10.174  4608  1233 D ActivityOptionsCompat: IRemoteAnimationRunner call onStart
04-02 22:34:10.174  4323  4413 D ShellTaskOrganizerExt: isOnThreeFlexibleCanvas size:0
04-02 22:34:10.174  4323  4413 D ShellTaskOrganizerExt: visibleFlexibleTaskInfos delete:10
04-02 22:34:10.175  4323  4413 D ShellTaskOrganizerExt: isOnCanvas size:0
04-02 22:34:10.175  4323  4413 D ShellTaskOrganizerExt: isOnThreeFlexibleCanvas size:0
04-02 22:34:10.175  4323  4413 D ShellTaskOrganizerExt: visibleFlexibleTaskInfos delete:751
04-02 22:34:10.176  4608  4608 E SimulationInteractor: tryGetAnimationPainterInstance error:com.oplus.painteranimationpanel.api.AnimPainterInstance
04-02 22:34:10.177  1303  1303 D Layer   : reparent to null sequence=158855, seq[1], name=Surface(name=7aa83e0 StatusBar)/@0x8013219 - animation-leash of insets_animation#158855
04-02 22:34:10.177  1303  1303 D Layer   : reparent to null sequence=158856, seq[2], name=Surface(name=87b4cd NavigationBar0)/@0xa4eacbf - animation-leash of insets_animation#158856
04-02 22:34:10.178 14562 14562 E 123.kit.vulnkit: Unknown bits set in runtime_flags: 0x40000000
04-02 22:34:10.180  4608  4608 D IconConfigParser: parseConfig::icon config =: IconConfig = [ isForeign : false,theme : 2,iconSize : 5000,iconShape : 0,foregroundSize : 5600,artPlusOn : 0,iconRadius ：36,darkModeIcon:1,localSpecial:false,iconThemeEnable:false ]
04-02 22:34:10.183  8772  8783 I adbd    : jdwp connection from 14562
04-02 22:34:10.183  1841  2270 D OplusUIFirst_FB: com.android.launcher toForeOps: []
04-02 22:34:10.183  1841  2270 D OplusUIFirst_FB: List of ThreadOp: size=0 []
04-02 22:34:10.192 14562 14562 W libc    : Access denied finding property "persist.vendor.sys.activitylog"
04-02 22:34:10.192 14562 14562 I OneTrace: Mark active for pid=14562? true
04-02 22:34:10.193 14562 14562 D cutils-dev: otrace_set_tracing_enabled? true
04-02 22:34:10.198  1841  6023 D OplusUIFirst_FB: org.dpdns.sqxy090123.kit.vulnkit toForeOps: []
04-02 22:34:10.198  1841  6023 D OplusUIFirst_FB: List of ThreadOp: size=0 []
04-02 22:34:10.197  1158  1323 E ANDR-PERF-LM: MetaMeter: handleAsync() 166: AdaptLaunch Invalid Async
04-02 22:34:10.199 14562 15565 D cutils-dev: properties changed in otrace_seq_number_changed!
04-02 22:34:10.203  1841  6023 I TaskOrganizerController: onTaskInfoChanged taskid 751 config { mBounds=Rect(0, 0 - 1080, 2400) mAppBounds=Rect(0, 115 - 1080, 2400) mMaxBounds=Rect(0, 0 - 1080, 2400) mDisplayRotation=ROTATION_0 mWindowingMode=fullscreen mDisplayWindowingMode=fullscreen mActivityType=standard mAlwaysOnTop=undefined mRotation=ROTATION_0}
04-02 22:34:10.204  1841  6023 D OplusDexOptimizeManager: Do not in AppLaunchOptList!
04-02 22:34:10.204  4323  4413 D ShellTaskOrganizerExt: isOnCanvas size:0
04-02 22:34:10.204  4323  4413 D ShellTaskOrganizerExt: isOnThreeFlexibleCanvas size:0
04-02 22:34:10.204  4323  4413 D ShellTaskOrganizerExt: visibleFlexibleTaskInfos delete:751
04-02 22:34:10.206  1841  6023 I OplusAppSwitchManagerService: appswitch hasProcess ActivityRecord{6f5365b u0 org.dpdns.sqxy090123.kit.vulnkit/.MainActivity} t751}
04-02 22:34:10.206  1841  6023 I OplusJoystickManager: handleApplicationSwitch deprecated!
04-02 22:34:10.207  1841  5227 D OplusAppSwitchListener: Detect com.android.launcher switch to background
04-02 22:34:10.207  1841  5227 D OplusEapManager: mTargetExitName :com.android.launcher
04-02 22:34:10.207  1841  5227 V DCSEX-AppSwitchManager: OnAppSwitchObserver: onAppExit, resuming = org.dpdns.sqxy090123.kit.vulnkit, target = com.android.launcher, is ResumingFirstStart =  true, is ResumingMultiApp =  false, extensionInfo =  Bundle[{taskId=751, uid=10362}]
04-02 22:34:10.207  1841  5227 D VRR [OPlusFrontAppManager]: OnAppSwitchObserver: onAppExit , info.targetName = com.android.launcher
04-02 22:34:10.207  1841  5227 D VRR [OPlusFrontAppManager]: packageName: null
04-02 22:34:10.207  1841 10758 D DCSEX-AppLaunchEventRecorder: onAppSwitch from = com.android.launcher to = org.dpdns.sqxy090123.kit.vulnkit
04-02 22:34:10.207  1841  2550 D VRR [OPlusRefreshRateService]: handleFrontAppChange pkgName: null
04-02 22:34:10.207  1841  2550 D VRR [OPlusExternalRefreshRateManager]: setFrontPackageName pkgName: null CurPkgName: com.android.launcher
04-02 22:34:10.208  1841  6023 I OplusAppSwitchManagerService: appswitch hasProcess ActivityRecord{6f5365b u0 org.dpdns.sqxy090123.kit.vulnkit/.MainActivity} t751}
04-02 22:34:10.208  1841  6023 D OplusUIFirst_FB: org.dpdns.sqxy090123.kit.vulnkit activity event: []
04-02 22:34:10.208  6538 29375 W Battery : ThermalControlUtils: mForegroundPkg=org.dpdns.sqxy090123.kit.vulnkit
04-02 22:34:10.208  1841  6023 D OplusUIFirst_FB: List of ThreadOp: size=0 []
04-02 22:34:10.208  1841  6023 D OplusUIFirst_FB: handleParaSwitch org.dpdns.sqxy090123.kit.vulnkit null null 1
04-02 22:34:10.208  1841  6023 D ActivityTaskManager: onWindowFocusChanged Task{cb81fd1 #751 type=standard A=10362:org.dpdns.sqxy090123.kit.vulnkit U=0 visible=true visibleRequested=true mode=fullscreen translucent=false sz=1} would transfer to compact
04-02 22:34:10.208  1841  6023 I InputDispatcher: setFocusedApplication displayId=0 ActivityRecord{6f5365b u0 org.dpdns.sqxy090123.kit.vulnkit/.MainActivity} t751}
04-02 22:34:10.211  1841  5227 D OplusAppSwitchListener: Detect org.dpdns.sqxy090123.kit.vulnkit switch to foreground
04-02 22:34:10.211  1841  5227 D OplusEapManager: mTargetEnterName :org.dpdns.sqxy090123.kit.vulnkit
04-02 22:34:10.211  1841  5227 D OplusLatencyOptimizerManager: enter pkg: org.dpdns.sqxy090123.kit.vulnkit isPrevBlackAppTop: false mIsBlackAppTop: false
04-02 22:34:10.212  1841  5227 V DCSEX-AppSwitchManager: OnAppSwitchObserver: onAppEnter, launchedFrom =  com.android.launcher, target =  org.dpdns.sqxy090123.kit.vulnkit, is firstStart =  true, is multiApp =  false, extensionInfo =  Bundle[{taskId=751, pid=14562, uid=10362, versionCode=1}]
04-02 22:34:10.212  1158  1322 E ANDR-PERF-OPTSHANDLER: Perflock resource /sys/class/devfreq/soc:qcom,cpubw/bw_hwmon/io_percent not supported
04-02 22:34:10.212  1841  5227 D VRR [OPlusFrontAppManager]: OnAppSwitchObserver: onAppEnter , info.targetName = org.dpdns.sqxy090123.kit.vulnkit
04-02 22:34:10.212  1841  5227 D VRR [OPlusFrontAppManager]: packageName: org.dpdns.sqxy090123.kit.vulnkit
04-02 22:34:10.212  1158  1322 E ANDR-PERF-RESOURCEQS: Failed to apply optimization [6, 2]
04-02 22:34:10.212  1158  1322 E ANDR-PERF-OPTSHANDLER: Perflock resource /sys/class/devfreq/soc:qcom,cpubw/bw_hwmon/sample_ms not supported
04-02 22:34:10.212  1158  1322 E ANDR-PERF-RESOURCEQS: Failed to apply optimization [6, 8]
04-02 22:34:10.212  1158  1322 E ANDR-PERF-OPTSHANDLER: Perflock resource SPECIAL_NODE - cpubw_hwmon_hyst_opt not supported
04-02 22:34:10.212  1158  1322 E ANDR-PERF-RESOURCEQS: Failed to apply optimization [6, 3]
04-02 22:34:10.212  1158  1322 E ANDR-PERF-OPTSHANDLER: Perflock resource /sys/class/devfreq/soc:qcom,cpubw/min_freq not supported
04-02 22:34:10.212  1158  1322 E ANDR-PERF-RESOURCEQS: Failed to apply optimization [6, 0]
04-02 22:34:10.212  1158  1322 E ANDR-PERF-OPTSHANDLER: Perflock resource /sys/class/devfreq/soc:qcom,llccbw/min_freq not supported
04-02 22:34:10.212  1158  1322 E ANDR-PERF-RESOURCEQS: Failed to apply optimization [12, 0]
04-02 22:34:10.212  1841  2550 D VRR [OPlusRefreshRateService]: handleFrontAppChange pkgName: org.dpdns.sqxy090123.kit.vulnkit
04-02 22:34:10.212  1158  1322 E ANDR-PERF-OPTSHANDLER: Perflock resource /sys/class/devfreq/soc:qcom,llccbw/bw_hwmon/io_percent not supported
04-02 22:34:10.212  1841  2550 D VRR [OPlusExternalRefreshRateManager]: setFrontPackageName pkgName: org.dpdns.sqxy090123.kit.vulnkit CurPkgName: null
04-02 22:34:10.212  1158  1322 E ANDR-PERF-RESOURCEQS: Failed to apply optimization [12, 1]
04-02 22:34:10.212  1158  1322 E ANDR-PERF-OPTSHANDLER: Perflock resource /sys/class/devfreq/soc:qcom,llccbw/bw_hwmon/sample_ms not supported
04-02 22:34:10.212  1158  1322 E ANDR-PERF-RESOURCEQS: Failed to apply optimization [12, 3]
04-02 22:34:10.212  1158  1322 E ANDR-PERF-OPTSHANDLER: Perflock resource SPECIAL_NODE - llcbw_hwmon_hyst_opt not supported
04-02 22:34:10.212  1158  1322 E ANDR-PERF-RESOURCEQS: Failed to apply optimization [12, 2]
04-02 22:34:10.212  1158  1322 E ANDR-PERF-OPTSHANDLER: Min bounds check failed
04-02 22:34:10.212  1158  1322 E ANDR-PERF-OPTSHANDLER: Error! Perflock failed, invalid request value 79
04-02 22:34:10.212  1158  1322 E ANDR-PERF-RESOURCEQS: Failed to apply optimization [12, 6]
04-02 22:34:10.213  4845 30268 I Athena  : AthenaDynamicReceiver: pre_app:com.android.launcher, next_app:org.dpdns.sqxy090123.kit.vulnkit(10362|14562)
04-02 22:34:10.214  4845  4919 W ContextImpl: Calling a method in the system process without a qualified user: android.app.ContextImpl.startService:1877 android.content.ContextWrapper.startService:827 r1.c.c:8 r1.c.a:4 r2.b.f:4 
04-02 22:34:10.214  1841  3040 E Athena  : MemoryGuardAction: handleAppChange
04-02 22:34:10.215  6538 29375 W Battery : ThermalControllHandler: tempLevel=4,userMode=2,gameUserMode=7,appType=-1,envTempType=0,appStates=[],appSwitchSafetyMode=false
04-02 22:34:10.215 14562 14562 D CompatibilityChangeReporter: Compat change id reported: 171979766; UID 10362; state: ENABLED
04-02 22:34:10.216  1841  2376 E OplusThermalStats: Error getting package info: org.dpdns.sqxy090123.kit.vulnkit
04-02 22:34:10.216 14562 14562 I oplus.android.OplusFrameworkFactoryImpl: get feature:IOplusAutoResolutionFeature
04-02 22:34:10.216 14562 14562 I oplus.android.OplusFrameworkFactoryImpl: getOplusAutoResolutionFeature
04-02 22:34:10.220  1841  2270 D OplusKeepAliveManager: TOP_APP is ProcessRecord{bedf3c2 14562:org.dpdns.sqxy090123.kit.vulnkit/u0a362} uid is 10362
04-02 22:34:10.221  6538 29375 W Battery : ThermalControllHandler: tempGear=4,configItemName=common_config
04-02 22:34:10.221  6538  7258 W Battery : ThermalControllHandler: MSG_THERMAL_CONTROL_CATEGORY_CHANGED
04-02 22:34:10.222  1841  2270 D OplusUIFirst_FB: org.dpdns.sqxy090123.kit.vulnkit toForeOps: []
04-02 22:34:10.222  1841  2270 D OplusUIFirst_FB: List of ThreadOp: size=0 []
04-02 22:34:10.222  8088  8099 E IHansComunication: HANS printMessageBody: RCV message: type = 0,port = 86870,caller_pid = 1841,caller_uid = 1000,target_pid = 28918,target_uid = 10215,pkg_cmd = -1,rpc = com.android.internal.app.IAppOpsCallback/1
04-02 22:34:10.222  8088  8099 E IHansComunication: HANS printMessageBody: RCV message: type = 0,port = 86870,caller_pid = 1841,caller_uid = 1000,target_pid = 28918,target_uid = 10215,pkg_cmd = -1,rpc = com.android.internal.app.IAppOpsCallback/1
04-02 22:34:10.224  1841  2275 I TaskOrganizerController: onTaskInfoChanged taskid 751 config { mBounds=Rect(0, 0 - 1080, 2400) mAppBounds=Rect(0, 115 - 1080, 2400) mMaxBounds=Rect(0, 0 - 1080, 2400) mDisplayRotation=ROTATION_0 mWindowingMode=fullscreen mDisplayWindowingMode=fullscreen mActivityType=standard mAlwaysOnTop=undefined mRotation=ROTATION_0}
04-02 22:34:10.224  1841  2259 D SensorService: onUidStateChanged uid = 10362, state = UID_STATE_ACTIVE
04-02 22:34:10.224   937   944 I statsd  : An anomaly (104240000001) (42)0x10000->10362[I] (42)0x20000->org.dpdns.sqxy090123.kit.vulnkit[S] (42)0x30000->.MainActivity[S]  has occurred! Informing subscribers.
04-02 22:34:10.228  6996 30161 I OplusObrain: OplusObrainClientInvoke.getAllTopAppInfos
04-02 22:34:10.229  4323  4413 D ShellTaskOrganizerExt: isOnCanvas size:0
04-02 22:34:10.229  4323  4413 D ShellTaskOrganizerExt: isOnThreeFlexibleCanvas size:0
04-02 22:34:10.229  4323  4413 D ShellTaskOrganizerExt: visibleFlexibleTaskInfos delete:751
04-02 22:34:10.229  1259  1259 D vendor.oplus.hardware.midas@1.0-service: HandleFactory::read read power_ddr_residency (/sys/power/ddr/residency) OK, 643
04-02 22:34:10.231  5697 21422 D OplusAtlas.OplusAtlasEventDispatch: setEvent:atlas_event_on_foreground_activities_changed info:pid:14562,uid:10362,hasForegroundActivities:1
04-02 22:34:10.231  5697  6493 D OplusAtlas.OplusAudioScene: callback success event:atlas_event_on_foreground_activities_changed eventInfo:pid:14562,uid:10362,hasForegroundActivities:1
04-02 22:34:10.231  5752  7396 I midasd  : app forground called:org.dpdns.sqxy090123.kit.vulnkit
04-02 22:34:10.231  5752  7386 D midasd  : CameraHalClient: mCameraHalService is nullptr
04-02 22:34:10.231  5752  7386 D midasd  : CameraHalClient: mCameraHalService is nullptr
04-02 22:34:10.231  5697  6705 D OplusAtlas.OplusMessageHandler: handleMessage: Msg { when=0 what=2 obj=com.oplus.atlas.OplusAtlasEvent@b919996 target=com.oplus.atlas.OplusMessageHandler$MyHandler }
04-02 22:34:10.232  6996 30161 I OplusObrain: OplusObrainClientInvoke.nativeGetAudioPackageList
04-02 22:34:10.234  6965  7410 V DeepThinker: ProcessManager: onForegroundActivitiesChanged pid:14562, uid:10362, foregroundActivities:true
04-02 22:34:10.234  8088  8099 E IHansComunication: HANS printMessageBody: RCV message: type = 0,port = 86870,caller_pid = 1841,caller_uid = 1000,target_pid = 28918,target_uid = 10215,pkg_cmd = -1,rpc = android.app.IUidObserver/4
04-02 22:34:10.235 14562 14562 I OplusFeatureCache: Milliseconds spent on init(): 18
04-02 22:34:10.236 14562 14562 D CompactWindowAppManager: initCompactApplicationInfo CompactMode: , NormalMode: 
04-02 22:34:10.239  1841  8870 D OplusAppListInterceptManager: shouldFilterTask
04-02 22:34:10.239  1841  8870 D OplusAppListInterceptManager: shouldFilterTask::packageName = org.dpdns.sqxy090123.kit.vulnkit
04-02 22:34:10.239  4323  5475 D FlashViews_FlashBackManager: onAppEnter packageName: = org.dpdns.sqxy090123.kit.vulnkit, uid = -1)
04-02 22:34:10.239  1841  8870 D OplusAppListInterceptManager: shouldFilterTask
04-02 22:34:10.239  1841  8870 D OplusAppListInterceptManager: shouldFilterTask::packageName = com.tencent.mm
04-02 22:34:10.239  4323  5475 D FlashViews_FlashBackManager: onAppExit packageName: = com.android.launcher, uid = -1)
04-02 22:34:10.244  1259  1259 D vendor.oplus.hardware.midas@1.0-service: HandleFactory::read read charger_input_current_now (/proc/charger/input_current_now) OK, 3
04-02 22:34:10.244  1259  1259 D vendor.oplus.hardware.midas@1.0-service: HandleFactory::read read charge_technology (/sys/devices/virtual/oplus_chg/battery/charge_technology) OK, 2
04-02 22:34:10.248  6996 30161 I OplusObrain: OplusObrainClientInvoke.nativeGetTrafficTypeInfoForNetworkType networkType 1
04-02 22:34:10.249 14562 14562 W libc    : Access denied finding property "ro.odm.prev.product.name"
04-02 22:34:10.249  1841  6021 D KernelStatsHelper: getKernelStats start!
04-02 22:34:10.249  1259  1259 D vendor.oplus.hardware.midas@1.0-service: HandleFactory::read read fast_chg_type (/sys/devices/virtual/oplus_chg/usb/fast_chg_type) OK, 2
04-02 22:34:10.250  1259  1259 D vendor.oplus.hardware.midas@1.0-service: HandleFactory::read read power_ddr_residency (/sys/power/ddr/residency) OK, 643
04-02 22:34:10.250  1841  4209 D OplusNetlinkSocket: handleNetlinkRecvKernelMessage:nlmsghdr:StructNlMsgHdr{ nlmsg_len{3004}, nlmsg_type{38()}, nlmsg_flags{0()}, nlmsg_seq{0}, nlmsg_pid{120655985} }
04-02 22:34:10.250  1841  4209 D KernelStatsHelper: get magic :[-1, -1, -1, 77, 65, 71, 73, 67]
04-02 22:34:10.250  1841  4209 D KernelStatsHelper: magic matched count:349 data_len:18148
04-02 22:34:10.250  1841  4209 D OplusNetlinkSocket: handleNetlinkRecvKernelMessage:nlmsghdr:StructNlMsgHdr{ nlmsg_len{2988}, nlmsg_type{38()}, nlmsg_flags{0()}, nlmsg_seq{0}, nlmsg_pid{120655985} }
04-02 22:34:10.250  1841  4209 D OplusNetlinkSocket: handleNetlinkRecvKernelMessage:nlmsghdr:StructNlMsgHdr{ nlmsg_len{2988}, nlmsg_type{38()}, nlmsg_flags{0()}, nlmsg_seq{0}, nlmsg_pid{120655985} }
04-02 22:34:10.250  1841  4209 D OplusNetlinkSocket: handleNetlinkRecvKernelMessage:nlmsghdr:StructNlMsgHdr{ nlmsg_len{2988}, nlmsg_type{38()}, nlmsg_flags{0()}, nlmsg_seq{0}, nlmsg_pid{120655985} }
04-02 22:34:10.250  1841  4209 D OplusNetlinkSocket: handleNetlinkRecvKernelMessage:nlmsghdr:StructNlMsgHdr{ nlmsg_len{2988}, nlmsg_type{38()}, nlmsg_flags{0()}, nlmsg_seq{0}, nlmsg_pid{120655985} }
04-02 22:34:10.251  1841  4209 D OplusNetlinkSocket: handleNetlinkRecvKernelMessage:nlmsghdr:StructNlMsgHdr{ nlmsg_len{2988}, nlmsg_type{38()}, nlmsg_flags{0()}, nlmsg_seq{0}, nlmsg_pid{120655985} }
04-02 22:34:10.251  1841  4209 D OplusNetlinkSocket: handleNetlinkRecvKernelMessage:nlmsghdr:StructNlMsgHdr{ nlmsg_len{388}, nlmsg_type{38()}, nlmsg_flags{0()}, nlmsg_seq{0}, nlmsg_pid{120655985} }
04-02 22:34:10.251  1841  4209 D KernelStatsHelper: data over! check: true
04-02 22:34:10.251 14562 14562 D LoadedApk: mApplicationInfo overrideDisplayId:null
04-02 22:34:10.251 14562 14562 W ziparchive: Unable to open '/data/app/~~tx9nsfOrQwny2e9O1Y5MKg==/org.dpdns.sqxy090123.kit.vulnkit-RSQY61scmx8q6mxMRSX9hw==/base.dm': No such file or directory
04-02 22:34:10.251 14562 14562 W ziparchive: Unable to open '/data/app/~~tx9nsfOrQwny2e9O1Y5MKg==/org.dpdns.sqxy090123.kit.vulnkit-RSQY61scmx8q6mxMRSX9hw==/base.dm': No such file or directory
04-02 22:34:10.274  6996 30161 I OplusObrain: OplusObrainClientInvoke.nativeGetTelephonyInfo
04-02 22:34:10.276  6996 31898 I OplusObrain: OplusObrainClientInvoke.nativeGetGpsPackageList
04-02 22:34:10.278  6996 31898 E PackageManagerUtil: getGpsHolderPackages pkgList is null
04-02 22:34:10.279  6996 31898 I OplusObrain: OplusObrainClientInvoke.getPWAppInfo
04-02 22:34:10.279  6996 31898 E MIDASApplication: MIDASNativeAdapter: getPWAppInfo method_getPWAppInfos appInfos null
04-02 22:34:10.280  6996 31898 I OplusObrain: OplusObrainClientInvoke.getPWAppInfo
04-02 22:34:10.280  6996 31898 E MIDASApplication: MIDASNativeAdapter: getPWAppInfo method_getPWAppInfos appInfos null
04-02 22:34:10.282  6996 31898 I OplusObrain: OplusObrainClientInvoke.nativeGetTrafficTypeInfoForNetworkType networkType 0
04-02 22:34:10.299  4323  4323 D InterruptionStateProvider: No alerting: suppressed due to group alert behavior
04-02 22:34:10.299  4323  4323 D InterruptionStateProvider: No alerting: suppressed due to group alert behavior
04-02 22:34:10.299  4323  4323 D InterruptionStateProvider: No alerting: suppressed due to group alert behavior
04-02 22:34:10.299  4323  4323 D InterruptionStateProvider: No alerting: suppressed due to group alert behavior
04-02 22:34:10.299  4323  4323 D InterruptionStateProvider: No alerting: suppressed due to group alert behavior
04-02 22:34:10.299  4323  4323 D InterruptionStateProvider: No alerting: suppressed due to group alert behavior
04-02 22:34:10.299  4323  4323 D InterruptionStateProvider: No alerting: filtered notification: 0|com.netease.cloudmusic|1|null|10311
04-02 22:34:10.299  8088  8099 E IHansComunication: HANS printMessageBody: RCV message: type = 0,port = 86870,caller_pid = 1841,caller_uid = 1000,target_pid = 28918,target_uid = 10215,pkg_cmd = -1,rpc = android.service.notification.INotificationListener/5
04-02 22:34:10.300  4323  4323 D InterruptionStateProvider: No alerting: suppressed due to group alert behavior
04-02 22:34:10.300  4323  4323 D InterruptionStateProvider: No alerting: suppressed due to group alert behavior
04-02 22:34:10.328 14562 14562 V GraphicsEnvironment: ANGLE Developer option for 'org.dpdns.sqxy090123.kit.vulnkit' set to: 'default'
04-02 22:34:10.329 14562 14562 V GraphicsEnvironment: ANGLE GameManagerService for org.dpdns.sqxy090123.kit.vulnkit: false
04-02 22:34:10.329 14562 14562 V GraphicsEnvironment: Updatable production driver is not supported on the device.
04-02 22:34:10.332 14562 14562 D NetworkSecurityConfig: No Network Security Config specified, using platform default
04-02 22:34:10.332 14562 14562 D NetworkSecurityConfig: No Network Security Config specified, using platform default
04-02 22:34:10.335 14562 14562 W 123.kit.vulnkit: Accessing hidden method Landroid/os/ServiceManager;->getService(Ljava/lang/String;)Landroid/os/IBinder; (unsupported, reflection, allowed)
04-02 22:34:10.336 14562 14562 D ShizukuProvider: Initialize Sui: false
04-02 22:34:10.343 14562 14562 D OplusActivityManager: get AMS extension: android.os.BinderProxy@604521f
04-02 22:34:10.345 14562 14562 I ConfigurationController: handleConfigurationChanged: true, config: {1.0 ??mcc??mnc [zh_CN] ldltr sw360dp w360dp h761dp 480dpi nrml long hdr widecg port night finger -keyb/v/h -nav/h winConfig={ mBounds=Rect(0, 0 - 1080, 2400) mAppBounds=Rect(0, 115 - 1080, 2400) mMaxBounds=Rect(0, 0 - 1080, 2400) mDisplayRotation=ROTATION_0 mWindowingMode=fullscreen mDisplayWindowingMode=fullscreen mActivityType=undefined mAlwaysOnTop=undefined mRotation=ROTATION_0} as.68 s.37641 fontWeightAdjustment=0mThemeChanged= 0, mThemeChangedFlags= 0, mFlipFont= 1329, mAccessibleChanged= -1, mUxIconConfig= 3468921665126662176, mMaterialColor= 800000000, mUserId= 0, mFontUserId= 0, mFontVariationSettings= 226, mFoldingAngle = -1.0, mIconPackName= , mDarkModeBackgroundMaxL= 0.0, mDarkModeDialogBgMaxL= 27.0, mDarkModeForegroundMinL= 100.0, mOplusConfigType= 1, mOplusChangedConfigs= 0, OpSans= 0, mBurmeseFontFlag= 2, mFlag= 0, mPuttDisplayFlag= -1} 
04-02 22:34:10.345 14562 14562 I ConfigurationController: , curconfig: {1.0 ??mcc??mnc [zh_CN] ldltr sw360dp w360dp h761dp 480dpi nrml long hdr widecg port night finger -keyb/v/h -nav/h winConfig={ mBounds=Rect(0, 0 - 1080, 2400) mAppBounds=Rect(0, 115 - 1080, 2400) mMaxBounds=Rect(0, 0 - 1080, 2400) mDisplayRotation=ROTATION_0 mWindowingMode=fullscreen mDisplayWindowingMode=fullscreen mActivityType=undefined mAlwaysOnTop=undefined mRotation=ROTATION_0} as.68 s.37641 fontWeightAdjustment=0mThemeChanged= 0, mThemeChangedFlags= 0, mFlipFont= 1329, mAccessibleChanged= -1, mUxIconConfig= 3468921665126662176, mMaterialColor= 800000000, mUserId= 0, mFontUserId= 0, mFontVariationSettings= 226, mFoldingAngle = -1.0, mIconPackName= , mDarkModeBackgroundMaxL= 0.0, mDarkModeDialogBgMaxL= 27.0, mDarkModeForegroundMinL= 100.0, mOplusConfigType= 1, mOplusChangedConfigs= 0, OpSans= 0, mBurmeseFontFlag= 2, mFlag= 0, mPuttDisplayFlag= -1} 
04-02 22:34:10.345 14562 14562 I ConfigurationController: android.app.ActivityThread.handleLaunchActivity:4003 android.app.servertransaction.LaunchActivityItem.execute:111 android.app.servertransaction.TransactionExecutor.executeCallbacks:135 android.app.servertransaction.TransactionExecutor.execute:95 android.app.ActivityThread$H.handleMessage:2474 android.os.Handler.dispatchMessage:106 android.os.Looper.loopOnce:240 android.os.Looper.loop:351 android.app.ActivityThread.main:8422 java.lang.reflect.Method.invoke:-2 
04-02 22:34:10.348  1158  1322 E ANDR-PERF-OPTSHANDLER: Perflock resource /sys/class/devfreq/soc:qcom,cpubw/bw_hwmon/io_percent not supported
04-02 22:34:10.349  1158  1322 E ANDR-PERF-RESOURCEQS: Failed to apply optimization [6, 2]
