2026-03-28 14:52:04.286 12739-12739 wpa_supplicant          wpa_supplicant                       E  Failed to invoke HIDL iface callback
2026-03-28 14:52:04.286 12739-12739 wpa_supplicant          wpa_supplicant                       E  Failed to invoke HIDL iface callback
2026-03-28 14:52:04.286 12739-12739 wpa_supplicant          wpa_supplicant                       E  Failed to invoke HIDL iface callback
2026-03-28 14:52:04.286 12739-12739 wpa_supplicant          wpa_supplicant                       E  Failed to invoke HIDL iface callback
2026-03-28 14:52:04.286 12739-12739 wpa_supplicant          wpa_supplicant                       E  Failed to invoke HIDL iface callback
2026-03-28 14:52:04.287 12739-12739 wpa_supplicant          wpa_supplicant                       I  RouterBoost:assoc rsp feedback success,current ifname = wlan0
2026-03-28 14:52:04.288 12739-12739 wpa_supplicant          wpa_supplicant                       E  Failed to invoke HIDL iface callback
2026-03-28 14:52:04.288 12739-12739 wpa_supplicant          wpa_supplicant                       E  Failed to invoke HIDL iface callback
2026-03-28 14:52:04.288 12739-12739 wpa_supplicant          wpa_supplicant                       E  Failed to invoke HIDL iface callback
2026-03-28 14:52:04.288 12739-12739 wpa_supplicant          wpa_supplicant                       E  Failed to invoke HIDL iface callback
2026-03-28 14:52:04.288 12739-12739 wpa_supplicant          wpa_supplicant                       E  Failed to invoke HIDL iface callback
2026-03-28 14:52:04.288 12739-12739 wpa_supplicant          wpa_supplicant                       E  Failed to invoke HIDL iface callback
2026-03-28 14:52:04.288 12739-12739 wpa_supplicant          wpa_supplicant                       E  Failed to invoke HIDL iface callback
2026-03-28 14:52:04.288 12739-12739 wpa_supplicant          wpa_supplicant                       E  Failed to invoke HIDL iface callback
2026-03-28 14:52:04.288 12739-12739 wpa_supplicant          wpa_supplicant                       E  Failed to invoke HIDL iface callback
2026-03-28 14:52:04.288 12739-12739 wpa_supplicant          wpa_supplicant                       I  wlan0: Associated with 3c:bc:d0:34:ac:05
2026-03-28 14:52:04.288 12739-12739 wpa_supplicant          wpa_supplicant                       I  wlan0: CTRL-EVENT-SUBNET-STATUS-UPDATE status=0
2026-03-28 14:52:04.291 12739-12739 wpa_supplicant          wpa_supplicant                       I  wlan0: WPA: RX message 1 of 4-Way Handshake from 3c:bc:d0:34:ac:05 (ver=2)
2026-03-28 14:52:04.291 12739-12739 wpa_supplicant          wpa_supplicant                       I  wlan0: WPA: Sending EAPOL-Key 2/4
2026-03-28 14:52:04.294 12739-12739 wpa_supplicant          wpa_supplicant                       I  wlan0: WPA: RX message 3 of 4-Way Handshake from 3c:bc:d0:34:ac:05 (ver=2)
2026-03-28 14:52:04.294 12739-12739 wpa_supplicant          wpa_supplicant                       I  wlan0: WPA: Sending EAPOL-Key 4/4
2026-03-28 14:52:04.295  1137-4905  WifiHAL                 android.hardware.wifi@1.0-service    I  event received NL80211_CMD_VENDOR, vendor_id = 0x1374, subcmd = 0xa5
2026-03-28 14:52:04.298 30922-30962 BootAnimation           bootanimation                        I  system is not ready setAlpha 1.0f
2026-03-28 14:52:04.309 12739-12739 wpa_supplicant          wpa_supplicant                       I  wlan0: WPA: Key negotiation completed with 3c:bc:d0:34:ac:05 [PTK=CCMP GTK=CCMP]
2026-03-28 14:52:04.309 12739-12739 wpa_supplicant          wpa_supplicant                       I  wlan0: CTRL-EVENT-CONNECTED - Connection to 3c:bc:d0:34:ac:05 completed [id=0 id_str=%7B%22configKey%22%3A%22%5C%22402-5G%5C%22WPA_PSK%22%2C%22creatorUid%22%3A%221000%22%7D]
2026-03-28 14:52:04.311  4243-4260  TetherController        netd                                 E   addInterface wlan0->23 succ
2026-03-28 14:52:04.312  4390-4729  EthernetTracker         system_server                        I  interfaceLinkStateChanged, iface: wlan0, up: true
2026-03-28 14:52:04.333 30922-30962 BootAnimation           bootanimation                        I  system is not ready setAlpha 1.0f
2026-03-28 14:52:04.334 30922-30962 BootAnimation           bootanimation                        I  set sys.sf.bootaonce flags...
2026-03-28 14:52:04.334 30922-30962 BootAnimation           bootanimation                        D  current priority: -2
2026-03-28 14:52:04.334 30922-30962 BootAnimation           bootanimation                        I  prop = 0
2026-03-28 14:52:04.368 30922-30962 BootAnimation           bootanimation                        I  system is not ready setAlpha 1.0f
2026-03-28 14:52:04.403 30922-30962 BootAnimation           bootanimation                        I  system is not ready setAlpha 1.0f
2026-03-28 14:52:04.437 30922-30962 BootAnimation           bootanimation                        I  system is not ready setAlpha 1.0f
2026-03-28 14:52:04.472 30922-30962 BootAnimation           bootanimation                        I  system is not ready setAlpha 1.0f
2026-03-28 14:52:04.507 30922-30962 BootAnimation           bootanimation                        I  system is not ready setAlpha 1.0f
2026-03-28 14:52:04.541 30922-30962 BootAnimation           bootanimation                        I  system is not ready setAlpha 1.0f
2026-03-28 14:52:04.576 30922-30962 BootAnimation           bootanimation                        I  system is not ready setAlpha 1.0f
2026-03-28 14:52:04.610 30922-30962 BootAnimation           bootanimation                        I  system is not ready setAlpha 1.0f
2026-03-28 14:52:04.645 30922-30962 BootAnimation           bootanimation                        I  system is not ready setAlpha 1.0f
2026-03-28 14:52:04.679 30922-30962 BootAnimation           bootanimation                        I  system is not ready setAlpha 1.0f
2026-03-28 14:52:04.694  4390-4718  WifiClient...mpl[wlan0] system_server                        I  disconnectedstate enter
2026-03-28 14:52:04.695  4390-4718  WifiService             system_server                        D  locale changed
2026-03-28 14:52:04.701  4390-4718  IE_Capabilities         system_server                        W  Unknown RSN cipher suite: 6ac0f00
2026-03-28 14:52:04.701  4390-4718  IE_Capabilities         system_server                        W  Unknown RSN cipher suite: 6ac0f00
2026-03-28 14:52:04.704  4390-4718  OplusWifiGbk            system_server                        D  adding bss - Bss("连***吗":c0:**:**:**:59:94, isGbk=false, security=PSK, level=-67, frequency=2417)
2026-03-28 14:52:04.704  4390-4718  OplusWifiGbk            system_server                        D  adding bss - Bss("连***G":c0:**:**:**:fe:98, isGbk=false, security=PSK, level=-85, frequency=5180)
2026-03-28 14:52:04.704  4390-4718  OplusWifiGbk            system_server                        D  adding bss - Bss("连***G":c0:**:**:**:59:9c, isGbk=false, security=PSK, level=-87, frequency=5180)
2026-03-28 14:52:04.705  4390-4718  OplusScanResultsProxy   system_server                        D  fewApNum:5
2026-03-28 14:52:04.714 30922-30962 BootAnimation           bootanimation                        I  system is not ready setAlpha 1.0f
2026-03-28 14:52:04.743  4243-4243  TetherController        netd                                 E  property_get sys.radio.data.modem_share_flag return 0, 1!
2026-03-28 14:52:04.749 30922-30962 BootAnimation           bootanimation                        I  system is not ready setAlpha 1.0f
2026-03-28 14:52:04.783 30922-30962 BootAnimation           bootanimation                        I  system is not ready setAlpha 1.0f
2026-03-28 14:52:04.818 30922-30962 BootAnimation           bootanimation                        I  system is not ready setAlpha 1.0f
2026-03-28 14:52:04.838  4948-4948  crash_dump32            crash_dump32                         E  unable to connect to activity manager: Connection refused
2026-03-28 14:52:04.842  4390-4524  NativeTombstoneManager  system_server                        E  Tombstone's UID (0) not an app, ignoring
2026-03-28 14:52:04.851  4390-4524  BootReceiver            system_server                        I  Copying /data/tombstones/tombstone_25 to DropBox (SYSTEM_TOMBSTONE)
2026-03-28 14:52:04.852  4390-4524  DropBoxManagerService   system_server                        I  add tag=SYSTEM_TOMBSTONE isTagEnabled=true flags=0x6
2026-03-28 14:52:04.852  4390-4524  DropBoxManagerService   system_server                        W  Dropping: SYSTEM_TOMBSTONE (306407 > 0 bytes)
2026-03-28 14:52:04.853 30922-30962 BootAnimation           bootanimation                        I  system is not ready setAlpha 1.0f
2026-03-28 14:52:04.856   797-797   tombstoned              tombstoned                           E  panic file path change from /data/tombstones/#4377035 (deleted) to /data/tombstones/tombstone_25
2026-03-28 14:52:04.856   797-797   tombstoned              tombstoned                           E  Tombstone written to: tombstone_25
2026-03-28 14:52:04.858  4955-4955  crash_dump64            crash_dump64                         I  performing dump of process 4233 (target tid = 4233)
2026-03-28 14:52:04.859  4390-4524  DropBoxManagerService   system_server                        D  file :: /data/system/dropbox/SYSTEM_TOMBSTONE@1774680724852.lost
2026-03-28 14:52:04.863  4390-4524  NativeTombstoneManager  system_server                        E  Tombstone's UID (0) not an app, ignoring
2026-03-28 14:52:04.863  4390-4524  DropBoxManagerService   system_server                        I  add tag=SYSTEM_TOMBSTONE_PROTO isTagEnabled=true flags=0x4
2026-03-28 14:52:04.863  4390-4524  DropBoxManagerService   system_server                        W  Dropping: SYSTEM_TOMBSTONE_PROTO (201170 > 0 bytes)
2026-03-28 14:52:04.866  4390-4524  DropBoxManagerService   system_server                        D  file :: /data/system/dropbox/SYSTEM_TOMBSTONE_PROTO@1774680724863.lost
2026-03-28 14:52:04.887 30922-30962 BootAnimation           bootanimation                        I  system is not ready setAlpha 1.0f
2026-03-28 14:52:04.903  4390-4433  ActivityManager         system_server                        E  Failure starting process com.oplus.romupdate
                                                                                                    java.lang.IllegalStateException: USAP pool state change cause an irrecoverable error
                                                                                                    	at android.os.ZygoteProcess.informZygotesOfUsapPoolStatus(ZygoteProcess.java:1414)
                                                                                                    	at android.os.ZygoteProcess.start(ZygoteProcess.java:420)
                                                                                                    	at android.os.Process.start(Process.java:758)
                                                                                                    	at com.android.server.am.ProcessList.startProcess(ProcessList.java:2442)
                                                                                                    	at com.android.server.am.ProcessList.lambda$handleProcessStart$1$com-android-server-am-ProcessList(ProcessList.java:2090)
                                                                                                    	at com.android.server.am.ProcessList$$ExternalSyntheticLambda1.run(Unknown Source:22)
                                                                                                    	at com.android.server.am.ProcessList.handleProcessStart(ProcessList.java:2116)
                                                                                                    	at com.android.server.am.ProcessList.lambda$startProcessLocked$0$com-android-server-am-ProcessList(ProcessList.java:2048)
                                                                                                    	at com.android.server.am.ProcessList$$ExternalSyntheticLambda5.run(Unknown Source:22)
                                                                                                    	at android.os.Handler.handleCallback(Handler.java:942)
                                                                                                    	at android.os.Handler.dispatchMessage(Handler.java:99)
                                                                                                    	at android.os.Looper.loopOnce(Looper.java:240)
                                                                                                    	at android.os.Looper.loop(Looper.java:351)
                                                                                                    	at android.os.HandlerThread.run(HandlerThread.java:67)
                                                                                                    	at com.android.server.ServiceThread.run(ServiceThread.java:44)
                                                                                                    Caused by: java.io.IOException: Connection reset by peer
                                                                                                    	at android.net.LocalSocketImpl.readba_native(Native Method)
                                                                                                    	at android.net.LocalSocketImpl.-$$Nest$mreadba_native(Unknown Source:0)
                                                                                                    	at android.net.LocalSocketImpl$SocketInputStream.read(LocalSocketImpl.java:110)
                                                                                                    	at java.io.DataInputStream.readFully(DataInputStream.java:203)
                                                                                                    	at java.io.DataInputStream.readInt(DataInputStream.java:394)
                                                                                                    	at android.os.ZygoteProcess.informZygotesOfUsapPoolStatus(ZygoteProcess.java:1412)
                                                                                                    	at android.os.ZygoteProcess.start(ZygoteProcess.java:420) 
                                                                                                    	at android.os.Process.start(Process.java:758) 
                                                                                                    	at com.android.server.am.ProcessList.startProcess(ProcessList.java:2442) 
                                                                                                    	at com.android.server.am.ProcessList.lambda$handleProcessStart$1$com-android-server-am-ProcessList(ProcessList.java:2090) 
                                                                                                    	at com.android.server.am.ProcessList$$ExternalSyntheticLambda1.run(Unknown Source:22) 
                                                                                                    	at com.android.server.am.ProcessList.handleProcessStart(ProcessList.java:2116) 
                                                                                                    	at com.android.server.am.ProcessList.lambda$startProcessLocked$0$com-android-server-am-ProcessList(ProcessList.java:2048) 
                                                                                                    	at com.android.server.am.ProcessList$$ExternalSyntheticLambda5.run(Unknown Source:22) 
                                                                                                    	at android.os.Handler.handleCallback(Handler.java:942) 
                                                                                                    	at android.os.Handler.dispatchMessage(Handler.java:99) 
                                                                                                    	at android.os.Looper.loopOnce(Looper.java:240) 
                                                                                                    	at android.os.Looper.loop(Looper.java:351) 
                                                                                                    	at android.os.HandlerThread.run(HandlerThread.java:67) 
                                                                                                    	at com.android.server.ServiceThread.run(ServiceThread.java:44) 
2026-03-28 14:52:04.903  4390-4433  ActivityManager         system_server                        I  Force stopping com.oplus.romupdate appid=10331 user=0: start failure
2026-03-28 14:52:04.904  4390-4433  OomAdjuster             system_server                        D  Not killing cached processes
2026-03-28 14:52:04.904  4390-4433  ActivityManager         system_server                        W  Unable to launch app com.oplus.romupdate/10331 for provider com.nearme.romupdate.provider.db: launching app became null
2026-03-28 14:52:04.904  4390-4433  ActivityManager         system_server                        W  Unable to launch app com.oplus.romupdate/10331 for provider com.oplus.romupdate.provider.db: launching app became null
2026-03-28 14:52:04.905  4390-4433  ActivityManager         system_server                        W  Slow operation: 1626ms so far, now at startProcess: asking zygote to start proc
2026-03-28 14:52:04.906  4390-4433  OplusHiddenApiManager   system_server                        D  skip get hidden api exemptions from manager
2026-03-28 14:52:04.907  4390-4888  OplusLocat...cklistUtil system_server                        D  Stop monitor.
2026-03-28 14:52:04.909  4390-4666  ActivityThread          system_server                        W  Failed to find provider info for com.oplus.romupdate.provider.db (user not unlocked)
2026-03-28 14:52:04.909  4390-4428  ActivityThread          system_server                        W  Failed to find provider info for com.nearme.romupdate.provider.db (user not unlocked)
2026-03-28 14:52:04.909  4390-4666  AlarmManagerHelper      system_server                        W  getDataFromProvider: failed
2026-03-28 14:52:04.909  4390-4428  CutoutDisplay_RUSHelper system_server                        E  getDataFromProvider: failed
2026-03-28 14:52:04.911  4390-4666  AlarmManagerHelper      system_server                        D  int=5
2026-03-28 14:52:04.911  4390-4666  AlarmManagerHelper      system_server                        D  first delay=0
2026-03-28 14:52:04.913  4390-4666  AlarmManagerHelper      system_server                        D  interval use default.
2026-03-28 14:52:04.913  4390-4666  AlarmManagerHelper      system_server                        D  screen off time use default.
2026-03-28 14:52:04.917  4390-4390  SystemServiceManager    system_server                        W  Service com.android.server.NetworkStatsServiceInitializer took 1403 ms in onBootPhase
2026-03-28 14:52:04.918  4390-4390  SystemServerTiming      system_server                        D  OnBootPhase_550_com.android.server.wifi.WifiService
2026-03-28 14:52:04.918  4390-4390  SystemServerTiming      system_server                        D  OnBootPhase_550_com.android.server.wifi.scanner.WifiScanningService
2026-03-28 14:52:04.918  4390-4390  SystemServerTiming      system_server                        D  OnBootPhase_550_com.android.server.wifi.p2p.WifiP2pService
2026-03-28 14:52:04.918  4390-4390  SystemServerTiming      system_server                        D  OnBootPhase_550_com.android.server.ConnectivityServiceInitializer
2026-03-28 14:52:04.918  4390-4390  SystemServerTiming      system_server                        D  OnBootPhase_550_com.android.server.notification.NotificationManagerService
2026-03-28 14:52:04.918  4390-4390  Notificati...iceExtImpl system_server                        I  onBootPhase
2026-03-28 14:52:04.918  4390-4390  SystemServerTiming      system_server                        D  OnBootPhase_550_com.android.server.storage.DeviceStorageMonitorService
2026-03-28 14:52:04.918  4390-4390  SystemServerTiming      system_server                        D  OnBootPhase_550_com.android.server.location.LocationManagerService$Lifecycle
2026-03-28 14:52:04.918  4390-4390  SystemServerTiming      system_server                        D  OnBootPhase_550_com.android.server.timedetector.TimeDetectorService$Lifecycle
2026-03-28 14:52:04.918  4390-4390  SystemServerTiming      system_server                        D  OnBootPhase_550_com.android.server.timezonedetector.TimeZoneDetectorService$Lifecycle
2026-03-28 14:52:04.918  4390-4390  SystemServerTiming      system_server                        D  OnBootPhase_550_com.android.server.timezonedetector.location.LocationTimeZoneManagerService$Lifecycle
2026-03-28 14:52:04.918  4390-4390  SystemServerTiming      system_server                        D  OnBootPhase_550_com.android.server.search.SearchManagerService$Lifecycle
2026-03-28 14:52:04.918  4390-4390  SystemServerTiming      system_server                        D  OnBootPhase_550_com.android.server.wallpaper.WallpaperManagerService$Lifecycle
2026-03-28 14:52:04.919  4390-4390  OplusWallp...agerHelper system_server                        I  isCurrentCustomTheme. themeFlag = 0
2026-03-28 14:52:04.919  4390-4390  OplusWallp...agerHelper system_server                        I  isPacmanVersion. isPacman = false
2026-03-28 14:52:04.919  4390-4390  OplusWallp...agerHelper system_server                        I  findPhoneColorDefaultWallpaperComponet: phoneColorMapFile = /my_product/decouping_wallpaper/default/phone_color_default_theme_maps.xml
2026-03-28 14:52:04.919  4390-4390  OplusWallp...agerHelper system_server                        I  findPhoneColorDefaultWallpaperComponet: defaultWallpaperComponet = null
2026-03-28 14:52:04.919  4390-4390  OplusWallp...agerHelper system_server                        I  getDefaultWallpaperComponent sDefaultWallpaperComponent = null
2026-03-28 14:52:04.919  4390-4390  WallpaperManager        system_server                        I  getDefaultWallpaperComponent: Default wallpaper component is null
2026-03-28 14:52:04.921  4390-4390  WallpaperManagerService system_server                        I  No static wallpaper imagery; defaults will be shown
2026-03-28 14:52:04.921  4390-4390  WallpaperManagerService system_server                        V  bindWallpaperComponentLocked: componentName=ComponentInfo{com.android.systemui/com.android.systemui.ImageWallpaper}
2026-03-28 14:52:04.921 30922-30962 BootAnimation           bootanimation                        I  system is not ready setAlpha 1.0f
2026-03-28 14:52:04.924  4390-4390  Compatibil...geReporter system_server                        D  Compat change id reported: 135634846; UID 10104; state: DISABLED
2026-03-28 14:52:04.924  4390-4390  Compatibil...geReporter system_server                        D  Compat change id reported: 177438394; UID 10104; state: DISABLED
2026-03-28 14:52:04.924  4390-4390  Compatibil...geReporter system_server                        D  Compat change id reported: 135772972; UID 10104; state: DISABLED
2026-03-28 14:52:04.924  4390-4390  Compatibil...geReporter system_server                        D  Compat change id reported: 135754954; UID 10104; state: ENABLED
2026-03-28 14:52:04.929  4390-4390  WallpaperM...ServiceExt system_server                        I  checkForProductComponentChanged: map file is not available
2026-03-28 14:52:04.929  4390-4390  WallpaperM...ServiceExt system_server                        I  initIsSupportSeparateWallpaper=false
2026-03-28 14:52:04.930  4390-4390  BitmapFactory           system_server                        E  Unable to decode stream: java.io.FileNotFoundException: /data/system/users/0/wallpaper_orig: open failed: ENOENT (No such file or directory)
2026-03-28 14:52:04.930  4390-4390  WallpaperManagerService system_server                        W  Invalid wallpaper data
2026-03-28 14:52:04.930  4390-4390  WallpaperManagerService system_server                        E  Unable to apply new wallpaper
2026-03-28 14:52:04.930  4390-4390  ActivityManager         system_server                        W  Skipping broadcast of Intent { act=android.intent.action.WALLPAPER_CHANGED flg=0x10 (has extras) }: user -10000 and its parent (if any) are stopped
2026-03-28 14:52:04.931  4390-4390  SystemServerTiming      system_server                        D  OnBootPhase_550_com.android.server.wallpapereffectsgeneration.WallpaperEffectsGenerationManagerService
2026-03-28 14:52:04.931  4390-4390  SystemServerTiming      system_server                        D  OnBootPhase_550_com.android.server.audio.AudioService$Lifecycle
2026-03-28 14:52:04.931  4390-4390  SystemServerTiming      system_server                        D  OnBootPhase_550_com.android.server.soundtrigger_middleware.SoundTriggerMiddlewareService$Lifecycle
2026-03-28 14:52:04.931  4390-4390  SystemServerTiming      system_server                        D  OnBootPhase_550_com.android.server.DockObserver
2026-03-28 14:52:04.931  4390-4390  SystemServerTiming      system_server                        D  OnBootPhase_550_com.android.server.midi.MidiService$Lifecycle
2026-03-28 14:52:04.931  4390-4390  SystemServerTiming      system_server                        D  OnBootPhase_550_com.android.server.adb.AdbService$Lifecycle
2026-03-28 14:52:04.931  4390-4390  AdbService              system_server                        I  mIsAdbUsbEnabled=true
2026-03-28 14:52:04.931  4390-4827  AS.BtHelper             system_server                        I  In onSystemReady(), calling resetBluetoothSco()
2026-03-28 14:52:04.931  4390-4827  AS.BtHelper             system_server                        I  In resetBluetoothSco(), calling clearAllScoClients()
2026-03-28 14:52:04.932  4390-4827  BluetoothHeadset        system_server                        D  Binding service...
2026-03-28 14:52:04.932  4390-4827  BluetoothManagerService system_server                        W  bindBluetoothProfileService:Trying to bind to profile: 1, while Bluetooth is disabled
2026-03-28 14:52:04.932  4390-4390  SystemServerTiming      system_server                        D  OnBootPhase_550_com.android.server.usb.UsbService$Lifecycle
2026-03-28 14:52:04.932  4390-4390  SystemServerTiming      system_server                        D  OnBootPhase_550_com.android.server.twilight.TwilightService
2026-03-28 14:52:04.932  4390-4390  SystemServerTiming      system_server                        D  OnBootPhase_550_com.android.server.display.color.ColorDisplayService
2026-03-28 14:52:04.932  4390-4390  SystemServerTiming      system_server                        D  OnBootPhase_550_com.android.server.job.OplusJobSchedulerService
2026-03-28 14:52:04.932  4390-4390  SystemServerTiming      system_server                        D  OnBootPhase_550_com.android.server.soundtrigger.SoundTriggerService
2026-03-28 14:52:04.932  4390-4409  SystemServerTimingAsync system_server                        D  InitThreadPoolExec:UsbService$Lifecycle#onBootPhase
2026-03-28 14:52:04.933  4390-4827  BluetoothA2dp           system_server                        D  Binding service...
2026-03-28 14:52:04.933  4390-4390  SoundTriggerService     system_server                        D  onBootPhase: 550 : false
2026-03-28 14:52:04.933  4390-4390  SystemServerTiming      system_server                        D  OnBootPhase_550_com.android.server.trust.TrustManagerService
2026-03-28 14:52:04.933  4390-4390  SystemServerTiming      system_server                        D  OnBootPhase_550_com.android.server.backup.BackupManagerService$Lifecycle
2026-03-28 14:52:04.933  4390-4390  SystemServerTiming      system_server                        D  OnBootPhase_550_com.android.server.appwidget.AppWidgetService
2026-03-28 14:52:04.933  4390-4409  UsbDeviceManager        system_server                        D  systemReady
2026-03-28 14:52:04.933  4390-4390  SystemServerTiming      system_server                        D  OnBootPhase_550_com.android.server.voiceinteraction.VoiceInteractionManagerService
2026-03-28 14:52:04.933  4390-4390  SystemServerTiming      system_server                        D  OnBootPhase_550_com.android.server.apphibernation.AppHibernationService
2026-03-28 14:52:04.933  4390-4390  SystemServerTiming      system_server                        D  OnBootPhase_550_com.android.server.GestureLauncherService
2026-03-28 14:52:04.933  4390-4390  SystemServerTiming      system_server                        D  OnBootPhase_550_com.android.server.SensorNotificationService
2026-03-28 14:52:04.933  4390-4390  SystemServerTiming      system_server                        D  OnBootPhase_550_com.android.server.emergency.EmergencyAffordanceService
2026-03-28 14:52:04.933  4390-4390  SystemServerTiming      system_server                        D  OnBootPhase_550_com.android.server.blob.BlobStoreManagerService
2026-03-28 14:52:04.934  4390-4411  OplusUsbDeviceFeature   system_server                        D  printFinishBootInfo
2026-03-28 14:52:04.934  4390-4411  OplusUsbDeviceFeature   system_server                        D  bootInfo:UsbBootInfo[connected:true, bootComplete:false, curUsbFunRec:true, systemReady:true, pendingBoot:true, screenLock:true, screenUnlock:mtp, adbEnable:true
2026-03-28 14:52:04.934  1136-1136  android.ha...ervice-qti and....hardware.usb@1.2-service-qti  I  port0
2026-03-28 14:52:04.934  1136-1136  android.ha...ervice-qti and....hardware.usb@1.2-service-qti  I  connected:1 canChangeMode:1 canChagedata:1 canChangePower:1
2026-03-28 14:52:04.935  4390-4427  UsbPortManager          system_server                        I  ClientCallback V1_2: port0
2026-03-28 14:52:04.936  4390-4390  SystemServerTiming      system_server                        D  OnBootPhase_550_com.android.server.dreams.DreamManagerService
2026-03-28 14:52:04.936  4390-4390  SystemServerTiming      system_server                        D  OnBootPhase_550_com.android.server.print.PrintManagerService
2026-03-28 14:52:04.936  4390-4390  SystemServerTiming      system_server                        D  OnBootPhase_550_com.android.server.security.AttestationVerificationManagerService
2026-03-28 14:52:04.936  4390-4390  SystemServerTiming      system_server                        D  OnBootPhase_550_com.android.server.companion.CompanionDeviceManagerService
2026-03-28 14:52:04.936  4390-4390  SystemServerTiming      system_server                        D  OnBootPhase_550_com.android.server.companion.virtual.VirtualDeviceManagerService
2026-03-28 14:52:04.936  4390-4390  SystemServerTiming      system_server                        D  OnBootPhase_550_com.android.server.restrictions.RestrictionsManagerService
2026-03-28 14:52:04.936  4390-4390  SystemServerTiming      system_server                        D  OnBootPhase_550_com.android.server.media.MediaSessionService
2026-03-28 14:52:04.936  4390-4411  UsbPortManager          system_server                        I  USB port added: port=UsbPort{id=port0, supportedModes=dual, audio_accsupportedContaminantProtectionModes=5supportsEnableContaminantPresenceProtection=falsesupportsEnableContaminantPresenceDetection=false, status=UsbPortStatus{connected=true, currentMode=ufp, currentPowerRole=sink, currentDataRole=device, supportedRoleCombinations=[source:host, source:device, sink:host, sink:device], contaminantDetectionStatus=2, contaminantProtectionStatus=1, usbDataStatus=unknown, isPowerTransferLimited=false, powerBrickConnectionStatus=unknown}, canChangeMode=true, canChangePowerRole=true, canChangeDataRole=true, connectedAtMillis=411012863, lastConnectDurationMillis=0
2026-03-28 14:52:04.936  4390-4390  SystemServerTiming      system_server                        D  OnBootPhase_550_com.android.server.media.MediaResourceMonitorService
2026-03-28 14:52:04.936  4390-4390  SystemServerTiming      system_server                        D  OnBootPhase_550_com.android.server.biometrics.sensors.face.FaceService
2026-03-28 14:52:04.936  4390-4390  SystemServerTiming      system_server                        D  OnBootPhase_550_com.android.server.biometrics.sensors.fingerprint.FingerprintService
2026-03-28 14:52:04.936  4390-4390  SystemServerTiming      system_server                        D  OnBootPhase_550_com.android.server.biometrics.BiometricService
2026-03-28 14:52:04.936  4390-4390  SystemServerTiming      system_server                        D  OnBootPhase_550_com.android.server.biometrics.AuthService
2026-03-28 14:52:04.936  4390-4390  SystemServerTiming      system_server                        D  OnBootPhase_550_com.android.server.pm.ShortcutService$Lifecycle
2026-03-28 14:52:04.936  4390-4390  SystemServerTiming      system_server                        D  OnBootPhase_550_com.android.server.pm.LauncherAppsService
2026-03-28 14:52:04.936  4390-4390  SystemServerTiming      system_server                        D  OnBootPhase_550_com.android.server.oplus.filter.DynamicFilterService
2026-03-28 14:52:04.936  4390-4390  SystemServerTiming      system_server                        D  OnBootPhase_550_com.android.server.pm.CrossProfileAppsService
2026-03-28 14:52:04.936  4390-4390  SystemServerTiming      system_server                        D  OnBootPhase_550_com.android.server.people.PeopleService
2026-03-28 14:52:04.936  4390-4390  SystemServerTiming      system_server                        D  OnBootPhase_550_com.android.server.media.metrics.MediaMetricsManagerService
2026-03-28 14:52:04.936  4390-4390  SystemServerTiming      system_server                        D  OnBootPhase_550_com.android.server.media.projection.MediaProjectionManagerService
2026-03-28 14:52:04.936  4390-4390  SystemServerTiming      system_server                        D  OnBootPhase_550_com.android.server.slice.SliceManagerService$Lifecycle
2026-03-28 14:52:04.937  4390-4390  SystemServerTiming      system_server                        D  OnBootPhase_550_com.android.server.stats.StatsCompanion$Lifecycle
2026-03-28 14:52:04.937  4390-4390  SystemServerTiming      system_server                        D  OnBootPhase_550_com.android.server.scheduling.RebootReadinessManagerService$Lifecycle
2026-03-28 14:52:04.937  4390-4390  SystemServerTiming      system_server                        D  OnBootPhase_550_com.android.server.stats.pull.StatsPullAtomService
2026-03-28 14:52:04.937  4390-4390  SystemServerTiming      system_server                        D  OnBootPhase_550_com.android.server.stats.bootstrap.StatsBootstrapAtomService$Lifecycle
2026-03-28 14:52:04.937  4390-4390  SystemServerTiming      system_server                        D  OnBootPhase_550_com.android.server.incident.IncidentCompanionService
2026-03-28 14:52:04.937  4390-4390  SystemServerTiming      system_server                        D  OnBootPhase_550_com.android.server.sdksandbox.SdkSandboxManagerService$Lifecycle
2026-03-28 14:52:04.937  4390-4390  SystemServerTiming      system_server                        D  OnBootPhase_550_com.android.server.adservices.AdServicesManagerService$Lifecycle
2026-03-28 14:52:04.937  4390-4390  SystemServerTiming      system_server                        D  OnBootPhase_550_com.android.server.MmsServiceBroker
2026-03-28 14:52:04.937  4390-4390  SystemServerTiming      system_server                        D  OnBootPhase_550_com.android.server.autofill.AutofillManagerService
2026-03-28 14:52:04.937  4390-4390  SystemServerTiming      system_server                        D  OnBootPhase_550_com.android.server.clipboard.ClipboardService
2026-03-28 14:52:04.937  4390-4390  SystemServerTiming      system_server                        D  OnBootPhase_550_com.android.server.appbinding.AppBindingService$Lifecycle
2026-03-28 14:52:04.937  4390-4827  BluetoothHearingAid     system_server                        D  Binding service...
2026-03-28 14:52:04.938  4390-4390  AppBindingService       system_server                        I  Updating constants with: null
2026-03-28 14:52:04.938  4390-4390  SystemServerTiming      system_server                        D  OnBootPhase_550_com.android.server.operator.OplusOperatorManagerService
2026-03-28 14:52:04.938  4390-4390  SystemServerTiming      system_server                        D  OnBootPhase_550_com.android.server.oplus.osense.OsenseResManagerService
2026-03-28 14:52:04.938  4390-4390  SystemServerTiming      system_server                        D  OnBootPhase_550_com.android.server.tracing.TracingServiceProxy
2026-03-28 14:52:04.938  4390-4390  SystemServerTiming      system_server                        D  OnBootPhase_550_com.android.server.policy.PermissionPolicyService
2026-03-28 14:52:04.938  4390-4390  SystemServerTiming      system_server                        D  Permission_grant_default_permissions-0
2026-03-28 14:52:04.938  4390-4390  SystemServerTiming      system_server                        D  Permission_synchronize_permissions-0
2026-03-28 14:52:04.938  4390-4390  SystemServerTiming      system_server                        D  Permission_synchronize_addPackages-0
2026-03-28 14:52:04.942  4390-4827  BluetoothLeAudio        system_server                        D  Binding service...
2026-03-28 14:52:04.946  4235-4825  AudioFlingerExtImpl     audioserver                          D  AudioFlingerExtImpl oplusSetParameters: keyvalue BT_SCO=off
2026-03-28 14:52:04.946  4232-4726  audio_hw_primary        android.hardware.audio.service       D  adev_set_parameters: enter: BT_SCO=off
2026-03-28 14:52:04.947  4232-4726  audio_hw_hfp            android.hardware.audio.service       D  hfp_set_parameters: enter
2026-03-28 14:52:04.947  4232-4726  audio_hw_primary        android.hardware.audio.service       D  adev_set_parameters: set dual headphone enable: 0x0
2026-03-28 14:52:04.947  4232-4726  audio_hw_extn           android.hardware.audio.service       D  audio_extn_fm_set_parameters: Enter
2026-03-28 14:52:04.947  4232-4726  audio_hw_primary        android.hardware.audio.service       D  adev_set_parameters: exit with code(0)
2026-03-28 14:52:04.949  4390-4829  AS.AudioDeviceInventory system_server                        I  removePreferredDevicesForStrategySync, strategy: 14
2026-03-28 14:52:04.951  4235-4825  APM_AudioPolicyManager  audioserver                          D  removeDevicesRoleForStrategy() strategy=14 role=1
2026-03-28 14:52:04.951  4235-4235  AudioFlinger            audioserver                          I  systemReady
2026-03-28 14:52:04.951  4235-4235  AudioFlinger            audioserver                          W  systemReady called twice
2026-03-28 14:52:04.951  4390-4829  AS.AudioDeviceInventory system_server                        I  removePreferredDevicesForStrategySync APM removed, strategy: 141ms
2026-03-28 14:52:04.951  4390-4829  AS.AudioDeviceInventory system_server                        I  removePreferredDevicesForStrategySync, strategy: 17
2026-03-28 14:52:04.952  4235-4235  APM_AudioPolicyManager  audioserver                          D  removeDevicesRoleForStrategy() strategy=17 role=1
2026-03-28 14:52:04.952  4390-4829  AS.AudioDeviceInventory system_server                        I  removePreferredDevicesForStrategySync APM removed, strategy: 170ms
2026-03-28 14:52:04.954  4390-4829  AS.AudioDeviceBroker    system_server                        V  onUpdateCommunicationRouteClient, crc: null eventSource: resetBluetoothSco
2026-03-28 14:52:04.955 30922-30962 BootAnimation           bootanimation                        I  system is not ready setAlpha 1.0f
2026-03-28 14:52:04.962  4235-4235  APM_AudioPolicyManager  audioserver                          D  setForceUse() usage 7, config 0, mPhoneState 0
2026-03-28 14:52:04.978  4239-4239  ListServiceUtils        media.extractor                      D  mListServiceUtils::init CallingPid 4390
2026-03-28 14:52:04.979  4239-4239  ListServiceUtils        media.extractor                      D  mListServiceUtils::init this 0xb400007353498b40
2026-03-28 14:52:04.980  4239-4239  FFmpegExtractor         media.extractor                      D  [precheckFFmpeg:L2416] iAtlasResult:0, Don't use FFmpeg
2026-03-28 14:52:04.980  4239-4239  FFmpegExtractor         media.extractor                      W  precheckFFmpeg return false, no need sniff ffmpeg.
2026-03-28 14:52:04.981  4239-4284  FFmpegExtractor         media.extractor                      D  [precheckFFmpeg:L2416] iAtlasResult:0, Don't use FFmpeg
2026-03-28 14:52:04.981  4239-4284  FFmpegExtractor         media.extractor                      W  precheckFFmpeg return false, no need sniff ffmpeg.
2026-03-28 14:52:04.985  4239-4239  OplusMPEG4Extractor     media.extractor                      D  [BetterSniffMPEG4:L7720] 0 A:0 V:0
2026-03-28 14:52:04.987  4239-4284  OplusMPEG4Extractor     media.extractor                      D  [BetterSniffMPEG4:L7720] 0 A:0 V:0
2026-03-28 14:52:04.990 30922-30962 BootAnimation           bootanimation                        I  system is not ready setAlpha 1.0f
2026-03-28 14:52:04.991 30922-30964 bootanimation           bootanimation                        D  Protect: system is not ready
2026-03-28 14:52:05.005  4390-5020  MediaCodec              system_server                        D  CreateByType: mime audio/vorbis, encoder 0
2026-03-28 14:52:05.006  4390-5019  MediaCodec              system_server                        D  CreateByType: mime audio/vorbis, encoder 0
2026-03-28 14:52:05.013  4242-4258  MediaCodecList          mediaserver                          D  Allowing all OMX codecs
2026-03-28 14:52:05.024 30922-30962 BootAnimation           bootanimation                        I  system is not ready setAlpha 1.0f
2026-03-28 14:52:05.030  4955-4955  DEBUG                   crash_dump64                         A  Process name is zygote64
2026-03-28 14:52:05.030  4955-4955  DEBUG                   crash_dump64                         A  engrave_tombstone /data/tombstones/#4410697 (deleted)
2026-03-28 14:52:05.032  4390-4390  SystemServerTiming      system_server                        D  Permission_syncPackages-0
2026-03-28 14:52:05.036  4955-4955  DEBUG                   crash_dump64                         A  keyProcess: 1
2026-03-28 14:52:05.036  4955-4955  DEBUG                   crash_dump64                         A  *** *** *** *** *** *** *** *** *** *** *** *** *** *** *** ***
2026-03-28 14:52:05.036  4955-4955  DEBUG                   crash_dump64                         A  Build fingerprint: 'OPPO/PEGM00/OP4E8F:13/TP1A.220905.001/R.12271ff-287f0_61f2:user/release-keys'
2026-03-28 14:52:05.036  4955-4955  DEBUG                   crash_dump64                         A  Revision: '0'
2026-03-28 14:52:05.036  4955-4955  DEBUG                   crash_dump64                         A  ABI: 'arm64'
2026-03-28 14:52:05.036  4955-4955  DEBUG                   crash_dump64                         A  Timestamp: 2026-03-28 14:52:04.877536244+0800
2026-03-28 14:52:05.036  4955-4955  DEBUG                   crash_dump64                         A  Process uptime: 16s
2026-03-28 14:52:05.036  4955-4955  DEBUG                   crash_dump64                         A  Cmdline: zygote64
2026-03-28 14:52:05.036  4955-4955  DEBUG                   crash_dump64                         A  pid: 4233, tid: 4233, name: main  >>> zygote64 <<<
2026-03-28 14:52:05.036  4955-4955  DEBUG                   crash_dump64                         A  uid: 0
2026-03-28 14:52:05.036  4955-4955  DEBUG                   crash_dump64                         A  signal 6 (SIGABRT), code -1 (SI_QUEUE), fault addr --------
2026-03-28 14:52:05.036  4955-4955  DEBUG                   crash_dump64                         A  Abort message: 'JNI FatalError called: frameworks/base/core/jni/com_android_internal_os_ZygoteCommandBuffer.cpp:140: Unreasonable argument count 0'
2026-03-28 14:52:05.036  4955-4955  DEBUG                   crash_dump64                         A      x0  0000000000000000  x1  0000000000001089  x2  0000000000000006  x3  0000007fe57cbeb0
2026-03-28 14:52:05.036  4955-4955  DEBUG                   crash_dump64                         A      x4  63686e71636d602d  x5  63686e71636d602d  x6  63686e71636d602d  x7  7f7f7f7f7f7f7f7f
2026-03-28 14:52:05.036  4955-4955  DEBUG                   crash_dump64                         A      x8  00000000000000f0  x9  00000072d50afe60  x10 0000000000000001  x11 00000072d5115a44
2026-03-28 14:52:05.036  4955-4955  DEBUG                   crash_dump64                         A      x12 0000007fe57cac00  x13 0000000000000255  x14 0000007fe57cacb0  x15 00000072d50b3ac2
2026-03-28 14:52:05.037  4955-4955  DEBUG                   crash_dump64                         A      x16 00000072d517f8f0  x17 00000072d5159890  x18 00000072e8ca8000  x19 0000000000001089
2026-03-28 14:52:05.037  4955-4955  DEBUG                   crash_dump64                         A      x20 0000000000001089  x21 00000000ffffffff  x22 00000072e850d000  x23 0000000000000000
2026-03-28 14:52:05.037  4955-4955  DEBUG                   crash_dump64                         A      x24 0000007240e16000  x25 0000000012c19248  x26 0000000071133ad8  x27 00000000708ef408
2026-03-28 14:52:05.037  4955-4955  DEBUG                   crash_dump64                         A      x28 0000000070b42a30  x29 0000007fe57cbf30
2026-03-28 14:52:05.037  4955-4955  DEBUG                   crash_dump64                         A      lr  00000072d5106a08  sp  0000007fe57cbe90  pc  00000072d5106a34  pst 0000000000000000
2026-03-28 14:52:05.037  4955-4955  DEBUG                   crash_dump64                         A  backtrace:
2026-03-28 14:52:05.037  4955-4955  DEBUG                   crash_dump64                         A        #00 pc 000000000007da34  /apex/com.android.runtime/lib64/bionic/libc.so (abort+168) (BuildId: e9653d1f6c173c6b86b171a5be6af6eb)
2026-03-28 14:52:05.037  4955-4955  DEBUG                   crash_dump64                         A        #01 pc 0000000000619160  /apex/com.android.art/lib64/libart.so (art::Runtime::Abort(char const*)+1204) (BuildId: a8a14800b64f6cf75728ca3ea8cd5e28)
2026-03-28 14:52:05.037  4955-4955  DEBUG                   crash_dump64                         A        #02 pc 0000000000017114  /apex/com.android.art/lib64/libbase.so (android::base::SetAborter(std::__1::function<void (char const*)>&&)::$_3::__invoke(char const*)+84) (BuildId: ef369bfbad96b532c6d8e0b144a68b96)
2026-03-28 14:52:05.037  4955-4955  DEBUG                   crash_dump64                         A        #03 pc 0000000000016648  /apex/com.android.art/lib64/libbase.so (android::base::LogMessage::~LogMessage()+356) (BuildId: ef369bfbad96b532c6d8e0b144a68b96)
2026-03-28 14:52:05.037  4955-4955  DEBUG                   crash_dump64                         A        #04 pc 00000000004c7da0  /apex/com.android.art/lib64/libart.so (art::JNI<true>::FatalError(_JNIEnv*, char const*)+204) (BuildId: a8a14800b64f6cf75728ca3ea8cd5e28)
2026-03-28 14:52:05.037  4955-4955  DEBUG                   crash_dump64                         A        #05 pc 00000000001d8a6c  /system/lib64/libandroid_runtime.so (android::zygote::ZygoteFailure(_JNIEnv*, char const*, _jstring*, std::__1::basic_string<char, std::__1::char_traits<char>, std::__1::allocator<char> > const&)+176) (BuildId: 855029035478d6babede73c70696fa93)
2026-03-28 14:52:05.037  4955-4955  DEBUG                   crash_dump64                         A        #06 pc 00000000001e4940  /system/lib64/libandroid_runtime.so (int android::NativeCommandBuffer::getCount<std::__1::__bind<void (&)(_JNIEnv*, char const*, _jstring*, std::__1::basic_string<char, std::__1::char_traits<char>, std::__1::allocator<char> > const&), _JNIEnv*&, std::nullptr_t, std::nullptr_t, std::__1::placeholders::__ph<1> const&> >(std::__1::__bind<void (&)(_JNIEnv*, char const*, _jstring*, std::__1::basic_string<char, std::__1::char_traits<char>, std::__1::allocator<char> > const&), _JNIEnv*&, std::nullptr_t, std::nullptr_t, std::__1::placeholders::__ph<1> const&>)+220) (BuildId: 855029035478d6babede73c70696fa93)
2026-03-28 14:52:05.037  4955-4955  DEBUG                   crash_dump64                         A        #07 pc 00000000001e4838  /system/lib64/libandroid_runtime.so (android::com_android_internal_os_ZygoteCommandBuffer_nativeGetCount(_JNIEnv*, _jclass*, long)+56) (BuildId: 855029035478d6babede73c70696fa93)
2026-03-28 14:52:05.037  4955-4955  DEBUG                   crash_dump64                         A        #08 pc 00000000001d0e44  /system/framework/arm64/boot-framework.oat (art_jni_trampoline+116) (BuildId: a37c1c2550a59bd6d899dc14a13121efa1f46f2c)
2026-03-28 14:52:05.037  4955-4955  DEBUG                   crash_dump64                         A        #09 pc 000000000088028c  /system/framework/arm64/boot-framework.oat (com.android.internal.os.ZygoteCommandBuffer.getCount+60) (BuildId: a37c1c2550a59bd6d899dc14a13121efa1f46f2c)
2026-03-28 14:52:05.037  4955-4955  DEBUG                   crash_dump64                         A        #10 pc 000000000087dcb4  /system/framework/arm64/boot-framework.oat (com.android.internal.os.ZygoteArguments.getInstance+52) (BuildId: a37c1c2550a59bd6d899dc14a13121efa1f46f2c)
2026-03-28 14:52:05.037  4955-4955  DEBUG                   crash_dump64                         A        #11 pc 0000000000881ee8  /system/framework/arm64/boot-framework.oat (com.android.internal.os.ZygoteConnection.processCommand+200) (BuildId: a37c1c2550a59bd6d899dc14a13121efa1f46f2c)
2026-03-28 14:52:05.037  4955-4955  DEBUG                   crash_dump64                         A        #12 pc 000000000088a074  /system/framework/arm64/boot-framework.oat (com.android.internal.os.ZygoteServer.runSelectLoop+2148) (BuildId: a37c1c2550a59bd6d899dc14a13121efa1f46f2c)
