2026-03-28 14:52:05.549  4390-4390  InputManag...iceExtImpl system_server                        D  requestNativeConfigLog : 0, call from:com.android.server.input.InputManagerServiceExtImpl.updateDebugState:591 com.android.server.input.InputManagerServiceExtImpl.onSystemRunning:254 
2026-03-28 14:52:05.549  4390-4390  InputManager-JNI        system_server                        I  NativeInputManager::dynamicallyConfigLog(), DEBUG_CONDITION -> 0, VERBOSE_CONDITION -> 0
2026-03-28 14:52:05.549  4390-4390  InputDispatcherExtImpl  system_server                        E  InputDispatcher::dynamicallyConfigLog(), DEBUG_CONDITION = 0 -> 0
2026-03-28 14:52:05.549  4390-4390  system_server           system_server                        E  android_view_InputDevice_dynamicallyConfigLog(), DEBUG_CONDITION = 0 -> 0
2026-03-28 14:52:05.550  4390-4390  SensorManager           system_server                        V  call sensorServiceCommonInterface name: setSensorServiceConfigLog
2026-03-28 14:52:05.550  4390-4390  SensorService           system_server                        D  SensorService sensorServiceCommonInterface = setSensorServiceConfigLog
2026-03-28 14:52:05.550  4390-4390  SensorServiceExtImpl    system_server                        D  sensorServiceCommonInterface funcName = setSensorServiceConfigLog, flag = 0, status = 0
2026-03-28 14:52:05.550  4390-4390  SensorServiceExtImpl    system_server                        D  SensorServiceExtImpl setSensorServiceConfigLog flag = 0
2026-03-28 14:52:05.550  4390-4390  SensorServiceUtils      system_server                        D  setSensorServiceConfigLog config = 0
2026-03-28 14:52:05.550  4390-4390  SystemServerTiming      system_server                        D  MakeTelephonyRegistryReady
2026-03-28 14:52:05.550  4390-4390  SystemServerTiming      system_server                        D  MakeMediaRouterServiceReady
2026-03-28 14:52:05.551  4390-4390  SystemServerTiming      system_server                        D  MakeMmsServiceReady
2026-03-28 14:52:05.551  4390-4390  MmsServiceBroker        system_server                        I  Delay connecting to MmsService until an API is called
2026-03-28 14:52:05.551  4390-4390  SystemServerTiming      system_server                        D  IncidentDaemonReady
2026-03-28 14:52:05.551  4390-4685  InputReader             system_server                        I  Reconfiguring input devices, changes=DEVICE_ALIAS | 
2026-03-28 14:52:05.552  4390-4390  SystemServerTiming      system_server                        D  NetworkDataControllerService
2026-03-28 14:52:05.553  4390-4390  libc                    system_server                        W  Access denied finding property "persist.vendor.sys.disable.moms"
2026-03-28 14:52:05.553  4390-4390  libc                    system_server                        W  Access denied finding property "ro.vendor.mtk_mobile_management"
2026-03-28 14:52:05.553  4390-4390  SystemServerTiming      system_server                        D  MakeIncrementalServiceReady
2026-03-28 14:52:05.553  1746-20616 PlatformConfig          media.codec                          D  getInstance: Enter
2026-03-28 14:52:05.553  1746-20616 PlatformConfig          media.codec                          D  getInt32 Config name: vidc_dec_log_in value: 0
2026-03-28 14:52:05.553  1746-20616 PlatformConfig          media.codec                          D  getInstance: Enter
2026-03-28 14:52:05.553  1746-20616 PlatformConfig          media.codec                          D  getInt32 Config name: vidc_dec_log_out value: 0
2026-03-28 14:52:05.553  1746-20616 PlatformConfig          media.codec                          D  getInstance: Enter
2026-03-28 14:52:05.553  1746-20616 PlatformConfig          media.codec                          D  getInt32 Config name: vidc_dec_sec_prefetch_size_internal value: 31457280
2026-03-28 14:52:05.553  4390-4390  SystemServerTiming      system_server                        D  OdsignStatsLogger
2026-03-28 14:52:05.553  1746-20616 PlatformConfig          media.codec                          D  getInstance: Enter
2026-03-28 14:52:05.553  1746-20616 PlatformConfig          media.codec                          D  getInt32 Config name: vidc_dec_sec_prefetch_size_output value: 3276800
2026-03-28 14:52:05.553  1746-20616 PlatformConfig          media.codec                          D  getInstance: Enter
2026-03-28 14:52:05.553  1746-20616 PlatformConfig          media.codec                          D  getInt32: Returning default
2026-03-28 14:52:05.553  1746-20616 PlatformConfig          media.codec                          D  getInstance: Enter
2026-03-28 14:52:05.553  1746-20616 PlatformConfig          media.codec                          D  getInt32 Config name: vidc_dec_thumbnail_yuv_output value: 0
2026-03-28 14:52:05.553  1746-20616 PlatformConfig          media.codec                          D  getInstance: Enter
2026-03-28 14:52:05.553  1746-20616 PlatformConfig          media.codec                          D  getInt32: Returning default
2026-03-28 14:52:05.553  4390-4390  SystemServerTiming      system_server                        D  getCurrentUser
2026-03-28 14:52:05.553  1746-20616 PlatformConfig          media.codec                          D  getInstance: Enter
2026-03-28 14:52:05.553  1746-20616 PlatformConfig          media.codec                          D  getInt32: Returning default
2026-03-28 14:52:05.553  4390-4390  ActivityManager         system_server                        I  Current user:0
2026-03-28 14:52:05.553  4390-4390  SystemServerTiming      system_server                        D  ActivityManagerStartApps
2026-03-28 14:52:05.554  4390-4390  SystemServerTiming      system_server                        D  ssm.StartUser-0
2026-03-28 14:52:05.554  1746-20616 OMX-VDEC-1080P          media.codec                          I  component_init: OMX.qcom.video.decoder.mpeg2 : fd=7
2026-03-28 14:52:05.554  4390-4390  SystemServiceManager    system_server                        I  Calling onStartUser 0
2026-03-28 14:52:05.554  4390-4390  SystemServiceManager    system_server                        I  Starting phase 600 for 147 services.
2026-03-28 14:52:05.554  4390-4390  SystemServerTiming      system_server                        D  ssm.onStartUser-0_com.android.server.security.FileIntegrityService
2026-03-28 14:52:05.554  4390-4390  SystemServerTiming      system_server                        D  ssm.onStartUser-0_com.android.server.pm.Installer
2026-03-28 14:52:05.554  1746-20616 OMX-VDEC-1080P          media.codec                          E  Unsupported output color format for c2d (2141391876)
2026-03-28 14:52:05.554  1746-20616 OMX-VDEC-1080P          media.codec                          E  Setting color format failed
2026-03-28 14:52:05.554  4390-4390  SystemServerTiming      system_server                        D  ssm.onStartUser-0_com.android.server.os.DeviceIdentifiersPolicyService
2026-03-28 14:52:05.554  4390-4390  SystemServerTiming      system_server                        D  ssm.onStartUser-0_com.android.server.uri.UriGrantsManagerService$Lifecycle
2026-03-28 14:52:05.554  4390-4390  SystemServerTiming      system_server                        D  ssm.onStartUser-0_com.android.server.powerstats.PowerStatsService
2026-03-28 14:52:05.554  4390-4390  SystemServerTiming      system_server                        D  ssm.onStartUser-0_com.android.server.wm.ActivityTaskManagerService$Lifecycle
2026-03-28 14:52:05.554  4390-4390  SystemServerTiming      system_server                        D  ssm.onStartUser-0_com.android.server.am.ActivityManagerService$Lifecycle
2026-03-28 14:52:05.554  4390-4390  SystemServerTiming      system_server                        D  ssm.onStartUser-0_com.android.server.pm.DataLoaderManagerService
2026-03-28 14:52:05.554  4390-4390  SystemServerTiming      system_server                        D  ssm.onStartUser-0_com.android.server.power.PowerManagerService
2026-03-28 14:52:05.554  4390-4390  SystemServerTiming      system_server                        D  ssm.onStartUser-0_com.android.server.power.ThermalManagerService
2026-03-28 14:52:05.554  4390-4390  SystemServerTiming      system_server                        D  ssm.onStartUser-0_com.android.server.power.hint.HintManagerService
2026-03-28 14:52:05.554  4390-4390  SystemServerTiming      system_server                        D  ssm.onStartUser-0_com.android.server.recoverysystem.RecoverySystemService$Lifecycle
2026-03-28 14:52:05.555  4390-4390  SystemServerTiming      system_server                        D  ssm.onStartUser-0_com.android.server.lights.LightsService
2026-03-28 14:52:05.555  4390-4390  SystemServerTiming      system_server                        D  ssm.onStartUser-0_com.android.server.display.DisplayManagerService
2026-03-28 14:52:05.555  4390-4390  SystemServerTiming      system_server                        D  ssm.onStartUser-0_com.android.server.pm.verify.domain.DomainVerificationService
2026-03-28 14:52:05.555  4390-4390  SystemServerTiming      system_server                        D  ssm.onStartUser-0_com.android.server.pm.PackageInstallerService$Lifecycle
2026-03-28 14:52:05.555  4390-4390  SystemServerTiming      system_server                        D  ssm.onStartUser-0_com.android.server.pm.UserManagerService$LifeCycle
2026-03-28 14:52:05.555  4390-4390  SystemServerTiming      system_server                        D  ssm.onStartUser-0_com.android.server.om.OverlayManagerService
2026-03-28 14:52:05.555  4390-4390  SystemServerTiming      system_server                        D  ssm.onStartUser-0_com.android.server.resources.ResourcesManagerService
2026-03-28 14:52:05.555  4390-4390  SystemServerTiming      system_server                        D  ssm.onStartUser-0_com.android.server.sensorprivacy.SensorPrivacyService
2026-03-28 14:52:05.556  1746-20616 PlatformConfig          media.codec                          D  getInstance: Enter
2026-03-28 14:52:05.556  1746-20616 PlatformConfig          media.codec                          D  getInt32: Returning default
2026-03-28 14:52:05.556  1746-20616 PlatformConfig          media.codec                          D  getInstance: Enter
2026-03-28 14:52:05.556  1746-20616 PlatformConfig          media.codec                          D  getInt32: Returning default
2026-03-28 14:52:05.556  1746-20616 OMX-VDEC-1080P          media.codec                          I  omx_vdec::component_init() success : fd=7
2026-03-28 14:52:05.557  4390-4390  SystemServerTiming      system_server                        D  ssm.onStartUser-0_com.android.server.sensors.SensorService
2026-03-28 14:52:05.557  4390-4390  SystemServerTiming      system_server                        D  ssm.onStartUser-0_com.android.server.SystemConfigService
2026-03-28 14:52:05.557  4390-4390  SystemServerTiming      system_server                        D  ssm.onStartUser-0_com.android.server.BatteryService
2026-03-28 14:52:05.557  4390-4390  SystemServerTiming      system_server                        D  ssm.onStartUser-0_com.android.server.usage.UsageStatsService
2026-03-28 14:52:05.557  4390-4390  SystemServerTiming      system_server                        D  ssm.onStartUser-0_com.android.server.webkit.WebViewUpdateService
2026-03-28 14:52:05.557  4390-4390  SystemServerTiming      system_server                        D  ssm.onStartUser-0_com.android.server.CachedDeviceStateService
2026-03-28 14:52:05.557  4390-4390  SystemServerTiming      system_server                        D  ssm.onStartUser-0_com.android.server.BinderCallsStatsService$LifeCycle
2026-03-28 14:52:05.557  4390-4390  SystemServerTiming      system_server                        D  ssm.onStartUser-0_com.android.server.LooperStatsService$Lifecycle
2026-03-28 14:52:05.557  4390-4390  SystemServerTiming      system_server                        D  ssm.onStartUser-0_com.android.server.rollback.RollbackManagerService
2026-03-28 14:52:05.557  4390-4390  SystemServerTiming      system_server                        D  ssm.onStartUser-0_com.android.server.os.NativeTombstoneManagerService
2026-03-28 14:52:05.557  4390-4390  SystemServerTiming      system_server                        D  ssm.onStartUser-0_com.android.server.os.BugreportManagerService
2026-03-28 14:52:05.557  4390-4390  SystemServerTiming      system_server                        D  ssm.onStartUser-0_com.android.server.gpu.GpuService
2026-03-28 14:52:05.557  4390-4390  SystemServerTiming      system_server                        D  ssm.onStartUser-0_com.android.server.security.KeyChainSystemService
2026-03-28 14:52:05.557  4390-4390  SystemServerTiming      system_server                        D  ssm.onStartUser-0_com.android.server.BinaryTransparencyService
2026-03-28 14:52:05.557  4390-4390  SystemServerTiming      system_server                        D  ssm.onStartUser-0_com.android.server.telecom.TelecomLoaderService
2026-03-28 14:52:05.557  4390-4390  SystemServerTiming      system_server                        D  ssm.onStartUser-0_com.android.server.accounts.AccountManagerService$Lifecycle
2026-03-28 14:52:05.557  4390-4390  SystemServerTiming      system_server                        D  ssm.onStartUser-0_com.android.server.content.ContentService$Lifecycle
2026-03-28 14:52:05.557  4390-4390  SystemServerTiming      system_server                        D  ssm.onStartUser-0_com.android.server.DropBoxManagerService
2026-03-28 14:52:05.557  4390-4390  SystemServerTiming      system_server                        D  ssm.onStartUser-0_com.android.role.RoleService
2026-03-28 14:52:05.558  1746-23629 OMX-VDEC-1080P          media.codec                          E  Extension: OMX.google.android.index.storeANWBufferInMetadata not implemented
2026-03-28 14:52:05.558  1746-23629 OMX-VDEC-1080P          media.codec                          E  Extension: OMX.google.android.index.configureVideoTunnelMode not implemented
2026-03-28 14:52:05.558  1746-23629 OMX-VDEC-1080P          media.codec                          E  Extension: OMX.google.android.index.useAndroidNativeBuffer is supported
2026-03-28 14:52:05.559  1746-23629 OMXNodeInstance         media.codec                          E  getParameter(0xea0906c4:qcom.decoder.mpeg2.secure, ??(0x7f000044)) ERROR: UnsupportedSetting(0x80001019)
2026-03-28 14:52:05.559  1746-23629 OMXNodeInstance         media.codec                          E  getParameter(0xea0906c4:qcom.decoder.mpeg2.secure, ??(0x7f000044)) ERROR: UnsupportedSetting(0x80001019)
2026-03-28 14:52:05.560  1746-23629 OMX-VDEC-1080P          media.codec                          E  Extension: OMX.google.android.index.configureVideoTunnelMode not implemented
2026-03-28 14:52:05.560  1746-23629 OMXNodeInstance         media.codec                          E  getExtensionIndex(0xea0906c4:qcom.decoder.mpeg2.secure, OMX.google.android.index.configureVideoTunnelMode) ERROR: NotImplemented(0x80001006)
2026-03-28 14:52:05.560  4242-4258  MediaCodecInfo          mediaserver                          D  detail feature-tunneled-playback wasn't present to remove
2026-03-28 14:52:05.560  1746-23629 OMX-VDEC-1080P          media.codec                          E  set_parameter: Error: 0x80001019, setting param 0x7f00005d
2026-03-28 14:52:05.560  1746-23629 OMXNodeInstance         media.codec                          E  setParameter(0xea0906c4:qcom.decoder.mpeg2.secure, OMX.google.android.index.allocateNativeHandle(0x7f00005d): Output:1 en=0) ERROR: UnsupportedSetting(0x80001019)
2026-03-28 14:52:05.560  1746-23629 OMX-VDEC-1080P          media.codec                          E  Extension: OMX.google.android.index.storeANWBufferInMetadata not implemented
2026-03-28 14:52:05.560  1746-23629 OMX-VDEC-1080P          media.codec                          I  omx_vdec::component_deinit() complete
2026-03-28 14:52:05.563  1746-23629 OMX-VDEC-1080P          media.codec                          I  Exit OMX vdec Destructor: fd=7
2026-03-28 14:52:05.567  4242-4258  OplusUtils              mediaserver                          D  ACodec getComponentRole [99]: mime:video/mp4v-es
2026-03-28 14:52:05.567  1746-23629 OMX_DumpInput           media.codec                          D  [~DumpInput:L408][OMX.qcom.video.decoder.mpeg2.secure_8] this:0xedd4e9ac
2026-03-28 14:52:05.567  4390-4390  SystemServerTiming      system_server                        D  ssm.onStartUser-0_com.android.server.vibrator.VibratorManagerService$Lifecycle
2026-03-28 14:52:05.568  4390-4390  SystemServerTiming      system_server                        D  ssm.onStartUser-0_com.android.server.tare.InternalResourceService
2026-03-28 14:52:05.568  4390-4390  SystemServerTiming      system_server                        D  ssm.onStartUser-0_com.android.server.alarm.AlarmManagerService
2026-03-28 14:52:05.568  4390-4390  SystemServerTiming      system_server                        D  ssm.onStartUser-0_com.android.server.devicestate.DeviceStateManagerService
2026-03-28 14:52:05.568  4390-4390  SystemServerTiming      system_server                        D  ssm.onStartUser-0_com.android.server.camera.CameraServiceProxy
2026-03-28 14:52:05.569  4390-4390  SystemServerTiming      system_server                        D  ssm.onStartUser-0_com.android.server.bluetooth.BluetoothService
2026-03-28 14:52:05.569  4242-4258  OMXClient               mediaserver                          I  IOmx service obtained
2026-03-28 14:52:05.569  1746-23629 OMX_DumpInput           media.codec                          D  [DumpInput:L367][OMX.qti.video.decoder.mpeg4sw_9] this:0xea836d2c
2026-03-28 14:52:05.570  1746-23629 OMX_DumpInput           media.codec                          D  checkDumpCondition 496, decodercheck 1, nonsecurecheck 1, regioncheck 1, platformcheck 1 
2026-03-28 14:52:05.570  1746-23629 OMXMaster               media.codec                          I  makeComponentInstance(OMX.qti.video.decoder.mpeg4sw) in android.hardwar process
2026-03-28 14:52:05.570  4390-4685  InputReader             system_server                        I  Reconfiguring input devices, changes=KEYBOARD_LAYOUTS | 
2026-03-28 14:52:05.572 30922-30962 BootAnimation           bootanimation                        I  system is not ready setAlpha 1.0f
2026-03-28 14:52:05.574  1746-23629 OMX_SWVDEC              media.codec                          I  >>> component_init(): 'OMX.qti.video.decoder.mpeg4sw', version date: 2017-10-06T11:32:51+0530
2026-03-28 14:52:05.574  1746-23629 OMX_SWVDEC              media.codec                          I  --- omx_swvdec_log_init(): vendor.vidc.debug.level: 1; error logs
2026-03-28 14:52:05.574  1746-23629 SWVDEC                  media.codec                          I  >>> swvdec_init(): MPEG-4 codec, version date: 2017-12-21@13:47:54
2026-03-28 14:52:05.574  1746-23629 SWVDEC                  media.codec                          I  --- swvdec_log_init(): vendor.swvdec.log.level: 1; error logs
2026-03-28 14:52:05.574  4390-4390  libc                    system_server                        W  Access denied finding property "persist.vendor.bluetooth.record.detailed"
2026-03-28 14:52:05.577  4390-4516  Quality                 system_server                        I  DecodeBitmapInfo:decodeStream,214423958
2026-03-28 14:52:05.577  1746-23629 OMX_SWVDEC              media.codec                          E  !!! get_extension_index(): 'OMX.google.android.index.storeANWBufferInMetadata': not implemented
2026-03-28 14:52:05.577  1746-23629 OMX_SWVDEC              media.codec                          E  !!! get_extension_index(): 'OMX.google.android.index.configureVideoTunnelMode': not implemented
2026-03-28 14:52:05.577  1746-23629 OMX_SWVDEC              media.codec                          E  !!! get_extension_index(): 'OMX.google.android.index.allocateNativeHandle': not implemented
2026-03-28 14:52:05.578  1746-23629 OMXNodeInstance         media.codec                          E  getParameter(0xedd68d84:qti.decoder.mpeg4sw, ??(0x7f000044)) ERROR: UnsupportedSetting(0x80001019)
2026-03-28 14:52:05.578  1746-23629 OMX_SWVDEC              media.codec                          E  !!! get_extension_index(): 'OMX.google.android.index.configureVideoTunnelMode': not implemented
2026-03-28 14:52:05.578  1746-23629 OMXNodeInstance         media.codec                          E  getExtensionIndex(0xedd68d84:qti.decoder.mpeg4sw, OMX.google.android.index.configureVideoTunnelMode) ERROR: NotImplemented(0x80001006)
2026-03-28 14:52:05.578  4242-4258  MediaCodecInfo          mediaserver                          D  detail feature-tunneled-playback wasn't present to remove
2026-03-28 14:52:05.578  1746-23629 OMX_SWVDEC              media.codec                          E  !!! get_extension_index(): 'OMX.google.android.index.allocateNativeHandle': not implemented
2026-03-28 14:52:05.578  1746-23629 OMX_SWVDEC              media.codec                          E  !!! get_extension_index(): 'OMX.google.android.index.storeANWBufferInMetadata': not implemented
2026-03-28 14:52:05.581  4390-4687  BluetoothManagerService system_server                        D  MESSAGE_ENABLE: isBle: 0 msg.obj : null
2026-03-28 14:52:05.582  4390-4390  BluetoothA2dp           system_server                        D  Binding service...
2026-03-28 14:52:05.582  4390-4687  BluetoothManagerService system_server                        D  MESSAGE_ENABLE: handleEnable
2026-03-28 14:52:05.582  1746-23629 OMX_DumpInput           media.codec                          D  [~DumpInput:L408][OMX.qti.video.decoder.mpeg4sw_9] this:0xea836d2c
2026-03-28 14:52:05.582  4390-4687  BluetoothManagerService system_server                        D  binding Bluetooth service
2026-03-28 14:52:05.582  4242-4258  OplusUtils              mediaserver                          D  ACodec getComponentRole [99]: mime:video/mp4v-es
2026-03-28 14:52:05.583  4390-4390  BluetoothHearingAid     system_server                        D  Binding service...
2026-03-28 14:52:05.585  4242-4258  OMXClient               mediaserver                          I  IOmx service obtained
2026-03-28 14:52:05.585  1746-20616 OMX_DumpInput           media.codec                          D  [DumpInput:L367][OMX.google.mpeg4.decoder_10] this:0xea8365ac
2026-03-28 14:52:05.586  1746-20616 OMX_DumpInput           media.codec                          D  checkDumpCondition 496, decodercheck 1, nonsecurecheck 1, regioncheck 1, platformcheck 1 
2026-03-28 14:52:05.586  1746-20616 OMXMaster               media.codec                          I  makeComponentInstance(OMX.google.mpeg4.decoder) in android.hardwar process
2026-03-28 14:52:05.586  4390-4687  Compatibil...geReporter system_server                        D  Compat change id reported: 135634846; UID 1002; state: DISABLED
2026-03-28 14:52:05.586  4390-4687  Compatibil...geReporter system_server                        D  Compat change id reported: 177438394; UID 1002; state: DISABLED
2026-03-28 14:52:05.587  4390-4687  Compatibil...geReporter system_server                        D  Compat change id reported: 135772972; UID 1002; state: DISABLED
2026-03-28 14:52:05.587  4390-4687  Compatibil...geReporter system_server                        D  Compat change id reported: 135754954; UID 1002; state: ENABLED
2026-03-28 14:52:05.588  4390-4687  BluetoothManagerService system_server                        D  Binding BT service. Current user: 0
2026-03-28 14:52:05.588  4390-4390  BluetoothLeAudio        system_server                        D  Binding service...
2026-03-28 14:52:05.589  4390-4390  SystemServerTiming      system_server                        D  ssm.onStartUser-0_com.android.server.connectivity.IpConnectivityMetrics
2026-03-28 14:52:05.589  4390-4390  SystemServerTiming      system_server                        D  ssm.onStartUser-0_com.android.server.net.watchlist.NetworkWatchlistService$Lifecycle
2026-03-28 14:52:05.589  4390-4390  SystemServerTiming      system_server                        D  ssm.onStartUser-0_com.android.server.PinnerService
2026-03-28 14:52:05.589  4390-4390  SystemServerTiming      system_server                        D  ssm.onStartUser-0_com.android.server.ActivityTriggerService
2026-03-28 14:52:05.590  4390-4390  SystemServerTiming      system_server                        D  ssm.onStartUser-0_com.android.server.integrity.AppIntegrityManagerService
2026-03-28 14:52:05.590  4390-4390  SystemServerTiming      system_server                        D  ssm.onStartUser-0_com.android.server.logcat.LogcatManagerService
2026-03-28 14:52:05.590  4390-4390  SystemServerTiming      system_server                        D  ssm.onStartUser-0_com.android.server.inputmethod.InputMethodManagerService$Lifecycle
2026-03-28 14:52:05.590  4390-4390  SystemServerTiming      system_server                        D  ssm.onStartUser-0_com.android.server.accessibility.AccessibilityManagerService$Lifecycle
2026-03-28 14:52:05.590  4390-4390  SystemServerTiming      system_server                        D  ssm.onStartUser-0_com.android.server.StorageManagerService$Lifecycle
2026-03-28 14:52:05.590  1746-20616 OMXNodeInstance         media.codec                          E  getExtensionIndex(0xea836600:google.mpeg4.decoder, OMX.google.android.index.configureVideoTunnelMode) ERROR: UnsupportedIndex(0x8000101a)
2026-03-28 14:52:05.590  4242-4258  MediaCodecInfo          mediaserver                          D  detail feature-tunneled-playback wasn't present to remove
2026-03-28 14:52:05.591  1746-20616 OMXNodeInstance         media.codec                          E  getExtensionIndex(0xea836600:google.mpeg4.decoder, OMX.google.android.index.enableAndroidNativeBuffers) ERROR: UnsupportedIndex(0x8000101a)
2026-03-28 14:52:05.592   930-936   statsd                  statsd                               W  StatsPullerManager: Unknown tagId 10005
2026-03-28 14:52:05.592  4390-4735  OlkManager              system_server                        D  OlkManager first new!
2026-03-28 14:52:05.592  4390-4735  OwmMMMonitor            system_server                        D  register OLK Callback finish 
2026-03-28 14:52:05.594  4741-11525 midasd                  midasd                               W  StatsdMetricInterface parseStatsDimensionsValueParcel unsupported value type.
2026-03-28 14:52:05.594  4741-8803  midasd                  midasd                               E  OplusObrainClientInvoke::nativeGetTelephonyInfo failed, mSpOplusObrainClientInvoke null!
2026-03-28 14:52:05.595  4741-8803  midasd                  midasd                               E  OplusObrainClientInvoke::nativeGetTrafficTypeInfoForNetworkType failed, mSpOplusObrainClientInvoke null!
2026-03-28 14:52:05.595  4242-4258  OplusUtils              mediaserver                          D  ACodec getComponentRole [99]: mime:video/x-vnd.on2.vp8
2026-03-28 14:52:05.596  4390-4390  StorageManagerService   system_server                        V  Package com.coloros.backuprestore does not have legacy storage
2026-03-28 14:52:05.596  4390-4390  StorageManagerService   system_server                        V  Package com.oplus.healthservice has legacy storage
2026-03-28 14:52:05.596  4390-4390  StorageManagerService   system_server                        V  Package com.android.cts.priv.ctsshim does not have legacy storage
2026-03-28 14:52:05.596  4390-4390  StorageManagerService   system_server                        V  Package com.quark.browser has legacy storage
2026-03-28 14:52:05.596  4390-4390  StorageManagerService   system_server                        V  Package com.google.android.youtube does not have legacy storage
2026-03-28 14:52:05.596  4390-4390  StorageManagerService   system_server                        V  Package com.oppo.ctautoregist does not have legacy storage
2026-03-28 14:52:05.596  4390-4390  StorageManagerService   system_server                        V  Package kg.us.sqxy090123.virus.https has legacy storage
2026-03-28 14:52:05.596  4390-4390  StorageManagerService   system_server                        V  Package com.android.uwb.resources does not have legacy storage
2026-03-28 14:52:05.596  4390-4390  StorageManagerService   system_server                        V  Package com.android.internal.display.cutout.emulation.corner does not have legacy storage
2026-03-28 14:52:05.596  4390-4390  StorageManagerService   system_server                        V  Package com.oplus.smartengine does not have legacy storage
2026-03-28 14:52:05.596  4390-4390  StorageManagerService   system_server                        V  Package io.bluewallet.bluewallet does not have legacy storage
2026-03-28 14:52:05.596  4390-4390  StorageManagerService   system_server                        V  Package com.coloros.onekeylockscreen does not have legacy storage
2026-03-28 14:52:05.596  4390-4390  StorageManagerService   system_server                        V  Package com.android.adservices.api does not have legacy storage
2026-03-28 14:52:05.596  4390-4390  StorageManagerService   system_server                        V  Package io.metamask does not have legacy storage
2026-03-28 14:52:05.596  4390-4390  StorageManagerService   system_server                        V  Package com.android.internal.display.cutout.emulation.double does not have legacy storage
2026-03-28 14:52:05.596  4390-4390  StorageManagerService   system_server                        V  Package com.android.providers.telephony does not have legacy storage
2026-03-28 14:52:05.597  4390-4390  StorageManagerService   system_server                        V  Package com.cakewallet.cake_wallet does not have legacy storage
2026-03-28 14:52:05.597  4390-4390  StorageManagerService   system_server                        V  Package com.oplus.securitykeyboard does not have legacy storage
2026-03-28 14:52:05.597  4390-4390  StorageManagerService   system_server                        V  Package com.android.dynsystem has legacy storage
2026-03-28 14:52:05.597  4390-4390  StorageManagerService   system_server                        V  Package com.oplus.crashbox has legacy storage
2026-03-28 14:52:05.597  4390-4390  StorageManagerService   system_server                        V  Package com.google.android.googlequicksearchbox does not have legacy storage
2026-03-28 14:52:05.597  4390-4390  StorageManagerService   system_server                        V  Package com.heytap.pictorial does not have legacy storage
2026-03-28 14:52:05.597  4390-4390  StorageManagerService   system_server                        V  Package com.coloros.smartsidebar does not have legacy storage
2026-03-28 14:52:05.597  4390-4390  StorageManagerService   system_server                        V  Package com.android.providers.calendar does not have legacy storage
2026-03-28 14:52:05.597  4390-4390  StorageManagerService   system_server                        V  Package com.huawei.health does not have legacy storage
2026-03-28 14:52:05.597  4390-4390  StorageManagerService   system_server                        V  Package com.android.systemui.overlay.fingerprint.anim.fy does not have legacy storage
2026-03-28 14:52:05.597  4390-4390  StorageManagerService   system_server                        V  Package com.android.systemui.overlay.fingerprint.anim.sw does not have legacy storage
2026-03-28 14:52:05.597  4390-4390  StorageManagerService   system_server                        V  Package com.android.systemui.overlay.fingerprint.anim.xw does not have legacy storage
2026-03-28 14:52:05.597  4390-4390  StorageManagerService   system_server                        V  Package org.telegram.messenger does not have legacy storage
2026-03-28 14:52:05.597  4390-4390  StorageManagerService   system_server                        V  Package com.android.providers.media does not have legacy storage
2026-03-28 14:52:05.597  4390-4390  StorageManagerService   system_server                        V  Package android.framework.res.overlay.domestic does not have legacy storage
2026-03-28 14:52:05.597  4390-4390  StorageManagerService   system_server                        V  Package com.coloros.karaoke does not have legacy storage
2026-03-28 14:52:05.597  4390-4390  StorageManagerService   system_server                        V  Package com.qti.service.colorservice does not have legacy storage
2026-03-28 14:52:05.597  4390-4390  StorageManagerService   system_server                        V  Package com.google.android.onetimeinitializer does not have legacy storage
2026-03-28 14:52:05.597  4390-4390  StorageManagerService   system_server                        V  Package com.miHoYo.cloudgames.ys does not have legacy storage
2026-03-28 14:52:05.597  4390-4390  StorageManagerService   system_server                        V  Package com.google.android.ext.shared does not have legacy storage
2026-03-28 14:52:05.597  4390-4390  StorageManagerService   system_server                        V  Package com.heytap.cloud does not have legacy storage
2026-03-28 14:52:05.597  4390-4390  StorageManagerService   system_server                        V  Package com.android.internal.systemui.navbar.gestural_wide_back does not have legacy storage
2026-03-28 14:52:05.597  4390-4390  StorageManagerService   system_server                        V  Package com.heytap.music has legacy storage
2026-03-28 14:52:05.597  4390-4390  StorageManagerService   system_server                        V  Package com.mobiletools.systemhelper does not have legacy storage
2026-03-28 14:52:05.597  4390-4390  StorageManagerService   system_server                        V  Package com.activitymanager does not have legacy storage
2026-03-28 14:52:05.597  4390-4390  StorageManagerService   system_server                        V  Package com.qualcomm.qti.simcontacts does not have legacy storage
2026-03-28 14:52:05.598  4390-4390  StorageManagerService   system_server                        V  Package com.qualcomm.qti.modemtestmode does not have legacy storage
2026-03-28 14:52:05.598  4390-4390  StorageManagerService   system_server                        V  Package net.imknown.android.forefrontinfo does not have legacy storage
2026-03-28 14:52:05.598  4390-4390  StorageManagerService   system_server                        V  Package com.android.wifi.resources.overlay.oplus does not have legacy storage
2026-03-28 14:52:05.598  4390-4390  StorageManagerService   system_server                        V  Package com.oplus.location does not have legacy storage
2026-03-28 14:52:05.598  4390-4390  StorageManagerService   system_server                        V  Package com.finshell.wallet does not have legacy storage
2026-03-28 14:52:05.598  4390-4390  StorageManagerService   system_server                        V  Package com.rosan.dhizuku does not have legacy storage
2026-03-28 14:52:05.598  4390-4390  StorageManagerService   system_server                        V  Package com.miHoYo.cloudgames.Nap does not have legacy storage
2026-03-28 14:52:05.598  4390-4390  StorageManagerService   system_server                        V  Package net.lab.flying does not have legacy storage
2026-03-28 14:52:05.598  4390-4390  StorageManagerService   system_server                        V  Package com.android.launcher does not have legacy storage
2026-03-28 14:52:05.598  4390-4390  StorageManagerService   system_server                        V  Package com.oplus.onetrace has legacy storage
2026-03-28 14:52:05.598  4390-4390  StorageManagerService   system_server                        V  Package com.coloros.translate does not have legacy storage
2026-03-28 14:52:05.598  4390-4390  StorageManagerService   system_server                        V  Package com.huawei.appmarket does not have legacy storage
2026-03-28 14:52:05.598  4390-4390  StorageManagerService   system_server                        V  Package com.tencent.qqmusic has legacy storage
2026-03-28 14:52:05.599  4390-4390  StorageManagerService   system_server                        V  Package com.oplus.screenrecorder does not have legacy storage
2026-03-28 14:52:05.600  4390-4390  StorageManagerService   system_server                        V  Package com.android.documentsui does not have legacy storage
2026-03-28 14:52:05.600  4390-4390  StorageManagerService   system_server                        V  Package com.android.externalstorage does not have legacy storage
2026-03-28 14:52:05.600  4390-4390  StorageManagerService   system_server                        V  Package com.qualcomm.uimremoteclient does not have legacy storage
2026-03-28 14:52:05.600  4390-4390  StorageManagerService   system_server                        V  Package com.android.htmlviewer does not have legacy storage
2026-03-28 14:52:05.600  1746-23629 OMX_DumpInput           media.codec                          D  [~DumpInput:L408][OMX.google.mpeg4.decoder_10] this:0xea8365ac
2026-03-28 14:52:05.600  4390-4390  StorageManagerService   system_server                        V  Package com.coloros.healthcheck does not have legacy storage
2026-03-28 14:52:05.600  4390-4390  StorageManagerService   system_server                        V  Package com.qualcomm.qti.uceShimService does not have legacy storage
2026-03-28 14:52:05.600  4390-4390  StorageManagerService   system_server                        V  Package com.android.companiondevicemanager does not have legacy storage
2026-03-28 14:52:05.600  4390-4390  StorageManagerService   system_server                        V  Package com.iflytek.speechsuite does not have legacy storage
2026-03-28 14:52:05.600  4390-4390  StorageManagerService   system_server                        V  Package com.coloros.weather.service does not have legacy storage
2026-03-28 14:52:05.600  4390-4390  StorageManagerService   system_server                        V  Package com.android.mms.service does not have legacy storage
2026-03-28 14:52:05.601  4390-4390  StorageManagerService   system_server                        V  Package com.lefan.signal does not have legacy storage
2026-03-28 14:52:05.601  4390-4390  StorageManagerService   system_server                        V  Package com.android.providers.downloads does not have legacy storage
2026-03-28 14:52:05.601  4390-4390  StorageManagerService   system_server                        V  Package com.oplus.powermonitor has legacy storage
2026-03-28 14:52:05.601  4390-4390  StorageManagerService   system_server                        V  Package com.android.systemui.overlay.fingerprint.anim.ccyh does not have legacy storage
2026-03-28 14:52:05.601  4390-4390  StorageManagerService   system_server                        V  Package com.android.systemui.overlay.fingerprint.anim.jslz does not have legacy storage
2026-03-28 14:52:05.601  4390-4390  StorageManagerService   system_server                        V  Package com.android.systemui.overlay.fingerprint.anim.none does not have legacy storage
2026-03-28 14:52:05.601  4390-4390  StorageManagerService   system_server                        V  Package com.android.systemui.overlay.fingerprint.anim.xklc does not have legacy storage
2026-03-28 14:52:05.601  4390-4390  StorageManagerService   system_server                        V  Package oplus.frameworkres.overlay.display.product does not have legacy storage
2026-03-28 14:52:05.601  4390-4390  StorageManagerService   system_server                        V  Package com.huawei.study.hiresearch does not have legacy storage
2026-03-28 14:52:05.601  4390-4390  StorageManagerService   system_server                        V  Package com.android.networkstack.inprocess has legacy storage
2026-03-28 14:52:05.601  4390-4390  StorageManagerService   system_server                        V  Package com.oplus.framework.rro.oppo does not have legacy storage
2026-03-28 14:52:05.601  4390-4390  StorageManagerService   system_server                        V  Package vendor.qti.hardware.cacert.server does not have legacy storage
2026-03-28 14:52:05.601  4390-4390  StorageManagerService   system_server                        V  Package com.discord does not have legacy storage
2026-03-28 14:52:05.601  4390-4390  StorageManagerService   system_server                        V  Package com.oplus.interconnectcollectkit does not have legacy storage
2026-03-28 14:52:05.601  4390-4390  StorageManagerService   system_server                        V  Package com.oplus.deepthinker does not have legacy storage
2026-03-28 14:52:05.602  4390-4390  StorageManagerService   system_server                        V  Package com.openai.chatgpt does not have legacy storage
2026-03-28 14:52:05.602  4390-4390  StorageManagerService   system_server                        V  Package com.oplus.qualityprotect has legacy storage
2026-03-28 14:52:05.602  4390-4390  StorageManagerService   system_server                        V  Package com.oplus.apprecover does not have legacy storage
2026-03-28 14:52:05.602  4390-4390  StorageManagerService   system_server                        V  Package com.oplus.themestore does not have legacy storage
2026-03-28 14:52:05.602  4390-4390  StorageManagerService   system_server                        V  Package com.okx.wallet does not have legacy storage
2026-03-28 14:52:05.602  4390-4390  StorageManagerService   system_server                        V  Package com.qualcomm.qti.telephonyservice does not have legacy storage
2026-03-28 14:52:05.602  4390-4390  StorageManagerService   system_server                        V  Package com.android.bluetooth.oplus.overlay does not have legacy storage
2026-03-28 14:52:05.602  4390-4390  StorageManagerService   system_server                        V  Package com.qualcomm.qti.performancemode does not have legacy storage
2026-03-28 14:52:05.602  4390-4390  StorageManagerService   system_server                        V  Package android.frameworkres.overlay.display.product does not have legacy storage
2026-03-28 14:52:05.602  4390-4390  StorageManagerService   system_server                        V  Package com.oplus.aod does not have legacy storage
2026-03-28 14:52:05.602  4390-4390  StorageManagerService   system_server                        V  Package com.oplus.dmp does not have legacy storage
2026-03-28 14:52:05.602  4390-4390  StorageManagerService   system_server                        V  Package com.oplus.eid does not have legacy storage
2026-03-28 14:52:05.602  4390-4390  StorageManagerService   system_server                        V  Package com.oplus.nas has legacy storage
2026-03-28 14:52:05.602  4390-4390  StorageManagerService   system_server                        V  Package com.oplus.nhs does not have legacy storage
2026-03-28 14:52:05.602  4390-4390  StorageManagerService   system_server                        V  Package com.oplus.olc has legacy storage
2026-03-28 14:52:05.602  4242-4258  OMXClient               mediaserver                          I  IOmx service obtained
2026-03-28 14:52:05.602  4390-4390  StorageManagerService   system_server                        V  Package com.oplus.ota does not have legacy storage
2026-03-28 14:52:05.603  4390-4390  StorageManagerService   system_server                        V  Package com.oplus.pay does not have legacy storage
2026-03-28 14:52:05.603  4390-4390  StorageManagerService   system_server                        V  Package com.oplus.sau has legacy storage
2026-03-28 14:52:05.603  4390-4390  StorageManagerService   system_server                        V  Package com.oplus.sos does not have legacy storage
2026-03-28 14:52:05.603  1746-23629 OMX_DumpInput           media.codec                          D  [DumpInput:L367][OMX.google.vp8.decoder_11] this:0xedd4ef4c
2026-03-28 14:52:05.603  4390-4390  StorageManagerService   system_server                        V  Package com.oplus.vdc has legacy storage
2026-03-28 14:52:05.603  4390-4390  StorageManagerService   system_server                        V  Package com.oplus.vip does not have legacy storage
2026-03-28 14:52:05.603  4390-4390  StorageManagerService   system_server                        V  Package com.heytap.market does not have legacy storage
2026-03-28 14:52:05.603  4390-4390  StorageManagerService   system_server                        V  Package vendor.qti.iwlan does not have legacy storage
2026-03-28 14:52:05.603  4390-4390  StorageManagerService   system_server                        V  Package com.google.android.configupdater does not have legacy storage
2026-03-28 14:52:05.603  1746-23629 OMX_DumpInput           media.codec                          D  checkDumpCondition 496, decodercheck 1, nonsecurecheck 1, regioncheck 1, platformcheck 1 
2026-03-28 14:52:05.603  1746-23629 OMXMaster               media.codec                          I  makeComponentInstance(OMX.google.vp8.decoder) in android.hardwar process
2026-03-28 14:52:05.603  4390-4390  StorageManagerService   system_server                        V  Package com.coloros.systemclone does not have legacy storage
2026-03-28 14:52:05.603  4390-4390  StorageManagerService   system_server                        V  Package com.oplus.exserviceui does not have legacy storage
2026-03-28 14:52:05.603  4390-4390  StorageManagerService   system_server                        V  Package com.github.android does not have legacy storage
2026-03-28 14:52:05.603  4390-4390  StorageManagerService   system_server                        V  Package com.oplus.romupdate does not have legacy storage
2026-03-28 14:52:05.603  4390-4390  StorageManagerService   system_server                        V  Package com.qualcomm.uimremoteserver does not have legacy storage
2026-03-28 14:52:05.604  4390-4390  StorageManagerService   system_server                        V  Package com.heytap.openid does not have legacy storage
2026-03-28 14:52:05.604  4390-4390  StorageManagerService   system_server                        V  Package com.naver.labs.translator does not have legacy storage
2026-03-28 14:52:05.604  4390-4390  StorageManagerService   system_server                        V  Package moe.shizuku.privileged.api does not have legacy storage
2026-03-28 14:52:05.604  4390-4390  StorageManagerService   system_server                        V  Package com.baidu.input_oppo does not have legacy storage
2026-03-28 14:52:05.604  4390-4390  StorageManagerService   system_server                        V  Package com.qti.confuridialer does not have legacy storage
2026-03-28 14:52:05.604  4390-4390  StorageManagerService   system_server                        V  Package com.google.ar.core does not have legacy storage
2026-03-28 14:52:05.604  4390-4390  StorageManagerService   system_server                        V  Package com.android.safetycenter.resources does not have legacy storage
2026-03-28 14:52:05.604  4390-4390  StorageManagerService   system_server                        V  Package com.android.providers.downloads.ui does not have legacy storage
2026-03-28 14:52:05.604  4390-4390  StorageManagerService   system_server                        V  Package com.android.vending does not have legacy storage
2026-03-28 14:52:05.604  4390-4390  StorageManagerService   system_server                        V  Package com.android.pacprocessor does not have legacy storage
2026-03-28 14:52:05.604  4390-4390  StorageManagerService   system_server                        V  Package com.android.simappdialog does not have legacy storage
2026-03-28 14:52:05.605  4390-4390  StorageManagerService   system_server                        V  Package com.livingroomofsatoshi.wallet does not have legacy storage
2026-03-28 14:52:05.605  4390-4390  StorageManagerService   system_server                        V  Package com.heytap.reader does not have legacy storage
2026-03-28 14:52:05.605  4390-4390  StorageManagerService   system_server                        V  Package com.coloros.oshare does not have legacy storage
2026-03-28 14:52:05.605  4390-4390  StorageManagerService   system_server                        V  Package com.kejia.mine does not have legacy storage
2026-03-28 14:52:05.605  4390-4390  StorageManagerService   system_server                        V  Package android.overlay.common does not have legacy storage
2026-03-28 14:52:05.605  4390-4390  StorageManagerService   system_server                        V  Package com.android.connectivity.resources does not have legacy storage
2026-03-28 14:52:05.605  4390-4390  StorageManagerService   system_server                        V  Package com.coloros.scenemode does not have legacy storage
2026-03-28 14:52:05.605  4390-4390  StorageManagerService   system_server                        V  Package com.kumapps.androidapp.paintvoice does not have legacy storage
2026-03-28 14:52:05.605  4390-4390  StorageManagerService   system_server                        V  Package com.tencent.mm does not have legacy storage
2026-03-28 14:52:05.605  4390-4390  StorageManagerService   system_server                        V  Package com.android.internal.display.cutout.emulation.hole does not have legacy storage
2026-03-28 14:52:05.605  4390-4390  StorageManagerService   system_server                        V  Package com.android.internal.display.cutout.emulation.tall does not have legacy storage
2026-03-28 14:52:05.605  4390-4390  StorageManagerService   system_server                        V  Package net.openvpn.openvpn does not have legacy storage
2026-03-28 14:52:05.605  4390-4390  StorageManagerService   system_server                        V  Package com.android.modulemetadata does not have legacy storage
2026-03-28 14:52:05.605  4390-4390  StorageManagerService   system_server                        V  Package com.android.certinstaller does not have legacy storage
2026-03-28 14:52:05.605  4390-4390  StorageManagerService   system_server                        V  Package com.oplus.framework_bluetooth.overlay does not have legacy storage
2026-03-28 14:52:05.606  4390-4390  StorageManagerService   system_server                        V  Package com.android.carrierconfig does not have legacy storage
