2026-03-28 14:52:05.037  4955-4955  DEBUG                   crash_dump64                         A        #13 pc 0000000000884d1c  /system/framework/arm64/boot-framework.oat (com.android.internal.os.ZygoteInit.main+4044) (BuildId: a37c1c2550a59bd6d899dc14a13121efa1f46f2c)
2026-03-28 14:52:05.037  4955-4955  DEBUG                   crash_dump64                         A        #14 pc 0000000000210c00  /apex/com.android.art/lib64/libart.so (art_quick_invoke_static_stub+576) (BuildId: a8a14800b64f6cf75728ca3ea8cd5e28)
2026-03-28 14:52:05.037  4955-4955  DEBUG                   crash_dump64                         A        #15 pc 000000000027b4ac  /apex/com.android.art/lib64/libart.so (art::ArtMethod::Invoke(art::Thread*, unsigned int*, unsigned int, art::JValue*, char const*)+240) (BuildId: a8a14800b64f6cf75728ca3ea8cd5e28)
2026-03-28 14:52:05.037  4955-4955  DEBUG                   crash_dump64                         A        #16 pc 0000000000611770  /apex/com.android.art/lib64/libart.so (art::JValue art::InvokeWithVarArgs<art::ArtMethod*>(art::ScopedObjectAccessAlreadyRunnable const&, _jobject*, art::ArtMethod*, std::__va_list)+452) (BuildId: a8a14800b64f6cf75728ca3ea8cd5e28)
2026-03-28 14:52:05.037  4955-4955  DEBUG                   crash_dump64                         A        #17 pc 0000000000611c5c  /apex/com.android.art/lib64/libart.so (art::JValue art::InvokeWithVarArgs<_jmethodID*>(art::ScopedObjectAccessAlreadyRunnable const&, _jobject*, _jmethodID*, std::__va_list)+96) (BuildId: a8a14800b64f6cf75728ca3ea8cd5e28)
2026-03-28 14:52:05.037  4955-4955  DEBUG                   crash_dump64                         A        #18 pc 00000000004fad58  /apex/com.android.art/lib64/libart.so (art::JNI<true>::CallStaticVoidMethodV(_JNIEnv*, _jclass*, _jmethodID*, std::__va_list)+600) (BuildId: a8a14800b64f6cf75728ca3ea8cd5e28)
2026-03-28 14:52:05.037  4955-4955  DEBUG                   crash_dump64                         A        #19 pc 00000000000c0c04  /system/lib64/libandroid_runtime.so (_JNIEnv::CallStaticVoidMethod(_jclass*, _jmethodID*, ...)+124) (BuildId: 855029035478d6babede73c70696fa93)
2026-03-28 14:52:05.037  4955-4955  DEBUG                   crash_dump64                         A        #20 pc 00000000000cd228  /system/lib64/libandroid_runtime.so (android::AndroidRuntime::start(char const*, android::Vector<android::String8> const&, bool)+936) (BuildId: 855029035478d6babede73c70696fa93)
2026-03-28 14:52:05.037  4955-4955  DEBUG                   crash_dump64                         A        #21 pc 0000000000002610  /system/bin/app_process64 (main+1464) (BuildId: 8198beb2d5e7f73418c12a4f1374ff9b)
2026-03-28 14:52:05.037  4955-4955  DEBUG                   crash_dump64                         A        #22 pc 0000000000075c7c  /apex/com.android.runtime/lib64/bionic/libc.so (__libc_init+100) (BuildId: e9653d1f6c173c6b86b171a5be6af6eb)
2026-03-28 14:52:05.041  4242-4258  OplusUtils              mediaserver                          D  ACodec getComponentRole [99]: mime:audio/ffmpeg
2026-03-28 14:52:05.041  4242-4258  ExtendedUtils           mediaserver                          E  Unsupported mime audio/ffmpeg for decoder
2026-03-28 14:52:05.043  4242-4258  OMXClient               mediaserver                          I  IOmx service obtained
2026-03-28 14:52:05.045  4955-4955  DEBUG                   crash_dump64                         A  dump_environment.......
2026-03-28 14:52:05.049  1746-20033 OMX_DumpInput           media.codec                          D  [DumpInput:L367][OMX.ffmpeg.atrial.decoder_477] this:0xebd576cc
2026-03-28 14:52:05.054  1746-20033 OMX_DumpInput           media.codec                          D  checkDumpCondition 496, decodercheck 1, nonsecurecheck 1, regioncheck 1, platformcheck 1 
2026-03-28 14:52:05.055  1746-20033 OMXMaster               media.codec                          I  makeComponentInstance(OMX.ffmpeg.atrial.decoder) in android.hardwar process
2026-03-28 14:52:05.057  1746-20033 FFmpegOMXPlugin         media.codec                          V  makeComponentInstance 'OMX.ffmpeg.atrial.decoder'
2026-03-28 14:52:05.059 30922-30962 BootAnimation           bootanimation                        I  system is not ready setAlpha 1.0f
2026-03-28 14:52:05.059  1746-20033 SoftFFmpegAudio         media.codec                          D  SoftFFmpegAudio component: OMX.ffmpeg.atrial.decoder mCodingType: 1
2026-03-28 14:52:05.073  4390-4390  SystemServerTiming      system_server                        D  Permission_onInitialized-0
2026-03-28 14:52:05.073  4390-4390  PermissionPolicyService system_server                        D  skipRunOnInitialized, user-0, true
2026-03-28 14:52:05.073  4390-4390  SystemServiceManager    system_server                        W  Service com.android.server.policy.PermissionPolicyService took 136 ms in onBootPhase
2026-03-28 14:52:05.073  4390-4390  SystemServerTiming      system_server                        D  OnBootPhase_550_com.android.server.pm.StagingManager$Lifecycle
2026-03-28 14:52:05.073  4390-4390  SystemServerTiming      system_server                        D  OnBootPhase_550_com.android.server.app.GameManagerService$Lifecycle
2026-03-28 14:52:05.073  4390-4390  SystemServerTiming      system_server                        D  OnBootPhase_550_com.android.safetycenter.SafetyCenterService
2026-03-28 14:52:05.073  4390-4390  SystemServerTiming      system_server                        D  OnBootPhase_550_com.android.server.appsearch.AppSearchModule$Lifecycle
2026-03-28 14:52:05.073  4390-4390  SystemServerTiming      system_server                        D  OnBootPhase_550_com.android.server.media.MediaCommunicationService
2026-03-28 14:52:05.073  4390-4390  SystemServerTiming      system_server                        D  OnBootPhase_550_com.android.server.compat.overrides.AppCompatOverridesService$Lifecycle
2026-03-28 14:52:05.073  4390-4390  OplusSystemServerEx     system_server                        I  systemRunning
2026-03-28 14:52:05.074  4390-4390  SystemServerTiming      system_server                        D  StartObservingNativeCrashes
2026-03-28 14:52:05.074  4390-4390  SystemServerTiming      system_server                        D  RegisterAppOpsPolicy
2026-03-28 14:52:05.076  4390-4390  SystemServerTiming      system_server                        D  MakeNetworkManagementServiceReady
2026-03-28 14:52:05.076  4390-4631  SystemServerTimingAsync system_server                        D  InitThreadPoolExec:WebViewFactoryPreparation
2026-03-28 14:52:05.076  4390-4390  NetworkManagement       system_server                        W  setDataSaverMode(): already false
2026-03-28 14:52:05.076  4390-4631  SystemServer            system_server                        I  WebViewFactoryPreparation
2026-03-28 14:52:05.076  4390-4631  SystemServerTimingAsync system_server                        D  WebViewFactoryPreparation
2026-03-28 14:52:05.077  4390-4390  SystemServerTiming      system_server                        D  MakeConnectivityServiceReady
2026-03-28 14:52:05.077  4390-4390  DeviceConfigUtils       system_server                        E  Could not find the module name
                                                                                                    android.content.pm.PackageManager$NameNotFoundException: No module info for package: com.android.tethering
                                                                                                    	at android.app.ApplicationPackageManager.getModuleInfo(ApplicationPackageManager.java:1226)
                                                                                                    	at android.net.connectivity.com.android.net.module.util.DeviceConfigUtils.getModuleVersion(DeviceConfigUtils.java:227)
                                                                                                    	at android.net.connectivity.com.android.net.module.util.DeviceConfigUtils.isFeatureEnabled(DeviceConfigUtils.java:193)
                                                                                                    	at com.android.server.ConnectivityService$Dependencies.isFeatureEnabled(ConnectivityService.java:1390)
                                                                                                    	at com.android.server.connectivity.ConnectivityFlags.loadFlags(ConnectivityFlags.java:63)
                                                                                                    	at com.android.server.ConnectivityService.systemReadyInternal(ConnectivityService.java:3098)
                                                                                                    	at com.android.server.ConnectivityService.systemReady(ConnectivityService.java:3089)
                                                                                                    	at android.net.ConnectivityManager.systemReady(ConnectivityManager.java:1162)
                                                                                                    	at com.android.server.SystemServer.lambda$startOtherServices$5$com-android-server-SystemServer(SystemServer.java:3174)
                                                                                                    	at com.android.server.SystemServer$$ExternalSyntheticLambda5.run(Unknown Source:53)
                                                                                                    	at com.android.server.am.ActivityManagerService.systemReady(ActivityManagerService.java:8741)
                                                                                                    	at com.android.server.SystemServer.startOtherServices(SystemServer.java:3084)
                                                                                                    	at com.android.server.SystemServer.run(SystemServer.java:1019)
                                                                                                    	at com.android.server.SystemServer.main(SystemServer.java:669)
                                                                                                    	at java.lang.reflect.Method.invoke(Native Method)
                                                                                                    	at com.android.internal.os.RuntimeInit$MethodAndArgsCaller.run(RuntimeInit.java:584)
                                                                                                    	at com.android.internal.os.ZygoteInit.main(ZygoteInit.java:991)
2026-03-28 14:52:05.077  4390-4390  PermissionMonitor       system_server                        D  Monitoring
2026-03-28 14:52:05.077  4390-4716  OplusServiceFactoryImpl system_server                        I  getOplusNetworkPolicyManagerServiceEx impl
2026-03-28 14:52:05.081  4390-4631  AppOps                  system_server                        E  Bad call made by uid 1000. Package "android" does not belong to uid 1037.
2026-03-28 14:52:05.082  4390-4631  AppOps                  system_server                        E  checkOperation
                                                                                                    java.lang.SecurityException: Specified package "android" under uid 1037 but it is not
                                                                                                    	at com.android.server.appop.AppOpsService.verifyAndGetBypass(AppOpsService.java:4829)
                                                                                                    	at com.android.server.appop.AppOpsService.verifyAndGetBypass(AppOpsService.java:4697)
                                                                                                    	at com.android.server.appop.AppOpsService.checkOperationUnchecked(AppOpsService.java:3343)
                                                                                                    	at com.android.server.appop.AppOpsService.checkOperationImpl(AppOpsService.java:3326)
                                                                                                    	at com.android.server.appop.AppOpsService.-$$Nest$mcheckOperationImpl(Unknown Source:0)
                                                                                                    	at com.android.server.appop.AppOpsService$CheckOpsDelegateDispatcher.lambda$checkOperation$0(AppOpsService.java:7763)
                                                                                                    	at com.android.server.appop.AppOpsService$CheckOpsDelegateDispatcher$$ExternalSyntheticLambda14.apply(Unknown Source:25)
                                                                                                    	at com.android.server.policy.AppOpsPolicy.checkOperation(AppOpsPolicy.java:211)
                                                                                                    	at com.android.server.appop.AppOpsService$CheckOpsDelegateDispatcher.checkOperation(AppOpsService.java:7762)
                                                                                                    	at com.android.server.appop.AppOpsService.checkOperation(AppOpsService.java:3313)
                                                                                                    	at com.android.server.StorageManagerService$StorageManagerInternalImpl.hasExternalStorageAccess(StorageManagerService.java:5351)
                                                                                                    	at com.android.server.am.ProcessList.startProcessLocked(ProcessList.java:1790)
                                                                                                    	at com.android.server.am.ProcessList.startProcessLocked(ProcessList.java:2500)
                                                                                                    	at com.android.server.am.ProcessList.startProcessLocked(ProcessList.java:2660)
                                                                                                    	at com.android.server.am.ActivityManagerService.startIsolatedProcess(ActivityManagerService.java:3024)
                                                                                                    	at com.android.server.am.ActivityManagerService$LocalService.startIsolatedProcess(ActivityManagerService.java:17548)
                                                                                                    	at android.webkit.WebViewLibraryLoader.createRelroFile(WebViewLibraryLoader.java:126)
                                                                                                    	at android.webkit.WebViewLibraryLoader.createRelros(WebViewLibraryLoader.java:164)
                                                                                                    	at android.webkit.WebViewLibraryLoader.prepareNativeLibraries(WebViewLibraryLoader.java:152)
                                                                                                    	at android.webkit.WebViewFactory.onWebViewProviderChanged(WebViewFactory.java:555)
                                                                                                    	at com.android.server.webkit.SystemImpl.onWebViewProviderChanged(SystemImpl.java:174)
                                                                                                    	at com.android.server.webkit.WebViewUpdateServiceImpl.onWebViewProviderChanged(WebViewUpdateServiceImpl.java:351)
                                                                                                    	at com.android.server.webkit.WebViewUpdateServiceImpl.prepareWebViewInSystemServer(WebViewUpdateServiceImpl.java:182)
                                                                                                    	at com.android.server.webkit.WebViewUpdateService.prepareWebViewInSystemServer(WebViewUpdateService.java:129)
                                                                                                    	at com.android.server.SystemServer.lambda$startOtherServices$3$com-android-server-SystemServer(SystemServer.java:3120)
                                                                                                    	at com.android.server.SystemServer$$ExternalSyntheticLambda6.run(Unknown Source:2)
                                                                                                    	at com.android.server.SystemServerInitThreadPool.lambda$submitTask$0$com-android-server-SystemServerInitThreadPool(SystemServerInitThreadPool.java:106)
                                                                                                    	at com.android.server.SystemServerInitThreadPool$$ExternalSyntheticLambda0.run(Unknown Source:6)
                                                                                                    	at java.util.concurrent.Executors$RunnableAdapter.call(Executors.java:463)
                                                                                                    	at java.util.concurrent.FutureTask.run(FutureTask.java:264)
                                                                                                    	at java.util.concurrent.ThreadPoolExecutor.runWorker(ThreadPoolExecutor.java:1137)
                                                                                                    	at java.util.concurrent.ThreadPoolExecutor$Worker.run(ThreadPoolExecutor.java:637)
                                                                                                    	at com.android.internal.util.ConcurrentUtils$1$1.run(ConcurrentUtils.java:65)
2026-03-28 14:52:05.083  4390-4716  OplusNPMS               system_server                        D  initThreadHandler
2026-03-28 14:52:05.083  4390-4716  OplusNPMS               system_server                        I  get lock mNetworkPoliciesSecondLock = java.lang.Object@6e5223f
2026-03-28 14:52:05.083  4390-4631  Compatibil...geReporter system_server                        D  Compat change id reported: 178038272; UID 1000; state: DISABLED
2026-03-28 14:52:05.083  4390-4716  OplusNPMS               system_server                        W  syncDailyAlertVersion version:0x11111
2026-03-28 14:52:05.084  4390-4716  OplusServiceRegistry    system_server                        I  onNetworkPolicyInit
2026-03-28 14:52:05.084  4390-4716  OplusServiceFactoryImpl system_server                        I  getOplusNetworkManagement
2026-03-28 14:52:05.084  4390-4716  OplusNPMS               system_server                        I  OplusNetworkPolicyManagerServiceEx constructor
2026-03-28 14:52:05.084  4390-4631  AppOps                  system_server                        E  Bad call made by uid 1000. Package "android" does not belong to uid 1037.
2026-03-28 14:52:05.085  4390-4867  MultiApp.Impl           system_server                        E  OplusMultiAppImpl
2026-03-28 14:52:05.085  4390-4631  AppOps                  system_server                        E  checkOperation
                                                                                                    java.lang.SecurityException: Specified package "android" under uid 1037 but it is not
                                                                                                    	at com.android.server.appop.AppOpsService.verifyAndGetBypass(AppOpsService.java:4829)
                                                                                                    	at com.android.server.appop.AppOpsService.verifyAndGetBypass(AppOpsService.java:4697)
                                                                                                    	at com.android.server.appop.AppOpsService.checkOperationUnchecked(AppOpsService.java:3343)
                                                                                                    	at com.android.server.appop.AppOpsService.checkOperationImpl(AppOpsService.java:3326)
                                                                                                    	at com.android.server.appop.AppOpsService.-$$Nest$mcheckOperationImpl(Unknown Source:0)
                                                                                                    	at com.android.server.appop.AppOpsService$CheckOpsDelegateDispatcher.lambda$checkOperation$0(AppOpsService.java:7763)
                                                                                                    	at com.android.server.appop.AppOpsService$CheckOpsDelegateDispatcher$$ExternalSyntheticLambda14.apply(Unknown Source:25)
                                                                                                    	at com.android.server.policy.AppOpsPolicy.checkOperation(AppOpsPolicy.java:211)
                                                                                                    	at com.android.server.appop.AppOpsService$CheckOpsDelegateDispatcher.checkOperation(AppOpsService.java:7762)
                                                                                                    	at com.android.server.appop.AppOpsService.checkOperation(AppOpsService.java:3313)
                                                                                                    	at com.android.server.StorageManagerService$StorageManagerInternalImpl.hasExternalStorageAccess(StorageManagerService.java:5351)
                                                                                                    	at com.android.server.am.ProcessList.startProcessLocked(ProcessList.java:1790)
                                                                                                    	at com.android.server.am.ProcessList.startProcessLocked(ProcessList.java:2500)
                                                                                                    	at com.android.server.am.ProcessList.startProcessLocked(ProcessList.java:2660)
                                                                                                    	at com.android.server.am.ActivityManagerService.startIsolatedProcess(ActivityManagerService.java:3024)
                                                                                                    	at com.android.server.am.ActivityManagerService$LocalService.startIsolatedProcess(ActivityManagerService.java:17548)
                                                                                                    	at android.webkit.WebViewLibraryLoader.createRelroFile(WebViewLibraryLoader.java:126)
                                                                                                    	at android.webkit.WebViewLibraryLoader.createRelros(WebViewLibraryLoader.java:170)
                                                                                                    	at android.webkit.WebViewLibraryLoader.prepareNativeLibraries(WebViewLibraryLoader.java:152)
                                                                                                    	at android.webkit.WebViewFactory.onWebViewProviderChanged(WebViewFactory.java:555)
                                                                                                    	at com.android.server.webkit.SystemImpl.onWebViewProviderChanged(SystemImpl.java:174)
                                                                                                    	at com.android.server.webkit.WebViewUpdateServiceImpl.onWebViewProviderChanged(WebViewUpdateServiceImpl.java:351)
                                                                                                    	at com.android.server.webkit.WebViewUpdateServiceImpl.prepareWebViewInSystemServer(WebViewUpdateServiceImpl.java:182)
                                                                                                    	at com.android.server.webkit.WebViewUpdateService.prepareWebViewInSystemServer(WebViewUpdateService.java:129)
                                                                                                    	at com.android.server.SystemServer.lambda$startOtherServices$3$com-android-server-SystemServer(SystemServer.java:3120)
                                                                                                    	at com.android.server.SystemServer$$ExternalSyntheticLambda6.run(Unknown Source:2)
                                                                                                    	at com.android.server.SystemServerInitThreadPool.lambda$submitTask$0$com-android-server-SystemServerInitThreadPool(SystemServerInitThreadPool.java:106)
                                                                                                    	at com.android.server.SystemServerInitThreadPool$$ExternalSyntheticLambda0.run(Unknown Source:6)
                                                                                                    	at java.util.concurrent.Executors$RunnableAdapter.call(Executors.java:463)
                                                                                                    	at java.util.concurrent.FutureTask.run(FutureTask.java:264)
                                                                                                    	at java.util.concurrent.ThreadPoolExecutor.runWorker(ThreadPoolExecutor.java:1137)
                                                                                                    	at java.util.concurrent.ThreadPoolExecutor$Worker.run(ThreadPoolExecutor.java:637)
                                                                                                    	at com.android.internal.util.ConcurrentUtils$1$1.run(ConcurrentUtils.java:65)
2026-03-28 14:52:05.090  4390-4444  BatteryExt...tatsWorker system_server                        W  error reading modem stats:ERROR_PHONE_NOT_AVAILABLE
2026-03-28 14:52:05.092  4243-4243  TetherController        netd                                 E  property_get sys.radio.data.modem_share_flag return 0, 1!
2026-03-28 14:52:05.093 30922-30962 BootAnimation           bootanimation                        I  system is not ready setAlpha 1.0f
2026-03-28 14:52:05.111  1746-20033 OMX_DumpInput           media.codec                          D  [~DumpInput:L408][OMX.ffmpeg.atrial.decoder_477] this:0xebd576cc
2026-03-28 14:52:05.111  4242-4258  OplusUtils              mediaserver                          D  ACodec getComponentRole [99]: mime:audio/mp4a-latm
2026-03-28 14:52:05.113  4242-4258  OMXClient               mediaserver                          I  IOmx service obtained
2026-03-28 14:52:05.113  1746-23629 OMX_DumpInput           media.codec                          D  [DumpInput:L367][OMX.google.aac.decoder_478] this:0xea83678c
2026-03-28 14:52:05.114  1746-23629 OMX_DumpInput           media.codec                          D  checkDumpCondition 496, decodercheck 1, nonsecurecheck 1, regioncheck 1, platformcheck 1 
2026-03-28 14:52:05.114  1746-23629 OMXMaster               media.codec                          I  makeComponentInstance(OMX.google.aac.decoder) in android.hardwar process
2026-03-28 14:52:05.127 30922-30962 BootAnimation           bootanimation                        I  system is not ready setAlpha 1.0f
2026-03-28 14:52:05.130  1746-20033 OMX_DumpInput           media.codec                          D  [~DumpInput:L408][OMX.google.aac.decoder_478] this:0xea83678c
2026-03-28 14:52:05.130  4242-4258  OplusUtils              mediaserver                          D  ACodec getComponentRole [99]: mime:audio/ac3
2026-03-28 14:52:05.132  4242-4258  OMXClient               mediaserver                          I  IOmx service obtained
2026-03-28 14:52:05.132  1746-20033 OMX_DumpInput           media.codec                          D  [DumpInput:L367][OMX.dolby.ac3.decoder_479] this:0xedd4d80c
2026-03-28 14:52:05.132  1746-20033 OMX_DumpInput           media.codec                          D  checkDumpCondition 496, decodercheck 1, nonsecurecheck 1, regioncheck 1, platformcheck 1 
2026-03-28 14:52:05.132  1746-20033 OMXMaster               media.codec                          I  makeComponentInstance(OMX.dolby.ac3.decoder) in android.hardwar process
2026-03-28 14:52:05.141  4390-4390  PermissionMonitor       system_server                        D  Users: 2, UidToNetworkPerm: 242
2026-03-28 14:52:05.144  4390-4390  SystemServerTiming      system_server                        D  MakeVpnManagerServiceReady
2026-03-28 14:52:05.144  4390-4782  ConnectivityService     system_server                        D  NetReassign [no changes]
2026-03-28 14:52:05.145  4390-4782  ConnectivityService     system_server                        D  NetReassign [no changes]
2026-03-28 14:52:05.147  1746-20033 DlbDecParamCache        media.codec                          D  setProfile(profile=-1)
2026-03-28 14:52:05.147  1746-20033 DlbDecParamArray        media.codec                          D  getProfileParams(profile = -1)
2026-03-28 14:52:05.147  1746-20033 DlbDecParamCache        media.codec                          D  setProfile() Creating parameter cache for device 0x40000000
2026-03-28 14:52:05.147  4390-4716  NetworkPolicy           system_server                        W  setRestrictBackgroundUL: already false
2026-03-28 14:52:05.151  1746-20033 DlbDecParamCache        media.codec                          D  setProfile() Creating parameter cache for device 0x00000002
2026-03-28 14:52:05.151  1746-20033 DlbDecParamCache        media.codec                          D  setProfile() Creating parameter cache for device 0x00000008
2026-03-28 14:52:05.151  1746-20033 DlbDecParamCache        media.codec                          D  setProfile() Creating parameter cache for device 0x00000080
2026-03-28 14:52:05.151  1746-20033 DlbDecParamCache        media.codec                          D  setProfile() Creating parameter cache for device 0x00004000
2026-03-28 14:52:05.151  1746-20033 DlbDecParamCache        media.codec                          D  setProfile() Creating parameter cache for device 0x00008000
2026-03-28 14:52:05.152  1746-20033 DlbDecParamCache        media.codec                          D  setProfile() Creating parameter cache for device 0x00000400
2026-03-28 14:52:05.152  1746-20033 DDP_JOCDecoder          media.codec                          I  -> init name OMX.dolby.ac3.decoder
2026-03-28 14:52:05.152  1746-20033 DDP_JOCDecoder          media.codec                          I  <- init
2026-03-28 14:52:05.152  1746-20033 DDP_JOCDecoder          media.codec                          D  initPorts
2026-03-28 14:52:05.154  1746-23629 DDP_JOCDecoder          media.codec                          I  -> ~DDPDecoder
2026-03-28 14:52:05.154  1746-23629 DlbDecParamCache        media.codec                          D  ~DecParamCache()
2026-03-28 14:52:05.154  1746-23629 DDP_JOCDecoder          media.codec                          I  <- ~DDPDecoder
2026-03-28 14:52:05.155  1746-23629 OMX_DumpInput           media.codec                          D  [~DumpInput:L408][OMX.dolby.ac3.decoder_479] this:0xedd4d80c
2026-03-28 14:52:05.155  4242-4258  OplusUtils              mediaserver                          D  ACodec getComponentRole [99]: mime:audio/ac4
2026-03-28 14:52:05.156  4242-4258  OMXClient               mediaserver                          I  IOmx service obtained
2026-03-28 14:52:05.157  1746-23629 OMX_DumpInput           media.codec                          D  [DumpInput:L367][OMX.dolby.ac4.decoder_480] this:0xea83678c
2026-03-28 14:52:05.157  1746-23629 OMX_DumpInput           media.codec                          D  checkDumpCondition 496, decodercheck 1, nonsecurecheck 1, regioncheck 1, platformcheck 1 
2026-03-28 14:52:05.157  1746-23629 OMXMaster               media.codec                          I  makeComponentInstance(OMX.dolby.ac4.decoder) in android.hardwar process
2026-03-28 14:52:05.158  4390-4716  Compatibil...geReporter system_server                        D  Compat change id reported: 218533173; UID 1010250; state: ENABLED
2026-03-28 14:52:05.159  4390-4716  Compatibil...geReporter system_server                        D  Compat change id reported: 171306433; UID 1010179; state: ENABLED
2026-03-28 14:52:05.160  4390-4716  Compatibil...geReporter system_server                        D  Compat change id reported: 226439802; UID 1010179; state: DISABLED
2026-03-28 14:52:05.161  4390-4716  Compatibil...geReporter system_server                        D  Compat change id reported: 171306433; UID 1010262; state: ENABLED
2026-03-28 14:52:05.161 30922-30962 BootAnimation           bootanimation                        I  system is not ready setAlpha 1.0f
2026-03-28 14:52:05.161  4390-4716  Compatibil...geReporter system_server                        D  Compat change id reported: 226439802; UID 1010262; state: DISABLED
2026-03-28 14:52:05.162  4390-4716  Compatibil...geReporter system_server                        D  Compat change id reported: 218533173; UID 1010204; state: ENABLED
2026-03-28 14:52:05.163  4390-4716  Compatibil...geReporter system_server                        D  Compat change id reported: 218533173; UID 1010247; state: ENABLED
2026-03-28 14:52:05.164  4390-4716  Compatibil...geReporter system_server                        D  Compat change id reported: 171306433; UID 1010200; state: ENABLED
2026-03-28 14:52:05.165  4390-4390  SystemServerTiming      system_server                        D  MakeVcnManagementServiceReady
2026-03-28 14:52:05.165  4390-4716  Compatibil...geReporter system_server                        D  Compat change id reported: 226439802; UID 1010200; state: DISABLED
2026-03-28 14:52:05.165  4390-4782  ConnectivityService     system_server                        D  Got NetworkProvider Messenger for VcnNetworkProvider
2026-03-28 14:52:05.165  4390-4716  Compatibil...geReporter system_server                        D  Compat change id reported: 218533173; UID 1010253; state: ENABLED
2026-03-28 14:52:05.167  4390-4716  Compatibil...geReporter system_server                        D  Compat change id reported: 218533173; UID 1010138; state: ENABLED
2026-03-28 14:52:05.169  1746-23629 DlbDecParamCache        media.codec                          D  setProfile(profile=-1)
2026-03-28 14:52:05.169  1746-23629 DlbDecParamArray        media.codec                          D  getProfileParams(profile = -1)
2026-03-28 14:52:05.169  1746-23629 DlbDecParamCache        media.codec                          D  setProfile() Creating parameter cache for device 0x40000000
2026-03-28 14:52:05.170  1746-23629 DlbDecParamCache        media.codec                          D  setProfile() Creating parameter cache for device 0x00000002
2026-03-28 14:52:05.170  1746-23629 DlbDecParamCache        media.codec                          D  setProfile() Creating parameter cache for device 0x00000008
2026-03-28 14:52:05.170  1746-23629 DlbDecParamCache        media.codec                          D  setProfile() Creating parameter cache for device 0x00000080
2026-03-28 14:52:05.170  1746-23629 DlbDecParamCache        media.codec                          D  setProfile() Creating parameter cache for device 0x00004000
2026-03-28 14:52:05.170  1746-23629 DlbDecParamCache        media.codec                          D  setProfile() Creating parameter cache for device 0x00008000
2026-03-28 14:52:05.170  1746-23629 DlbDecParamCache        media.codec                          D  setProfile() Creating parameter cache for device 0x00000400
2026-03-28 14:52:05.170  1746-23629 AC4Decoder              media.codec                          I  -> init name OMX.dolby.ac4.decoder
2026-03-28 14:52:05.170  1746-23629 AC4Decoder              media.codec                          I  <- init
2026-03-28 14:52:05.170  1746-23629 AC4Decoder              media.codec                          D  initPorts
2026-03-28 14:52:05.171  4390-4716  Compatibil...geReporter system_server                        D  Compat change id reported: 171306433; UID 1010257; state: ENABLED
2026-03-28 14:52:05.171  4390-4716  Compatibil...geReporter system_server                        D  Compat change id reported: 226439802; UID 1010257; state: DISABLED
2026-03-28 14:52:05.171  4390-4716  Compatibil...geReporter system_server                        D  Compat change id reported: 218533173; UID 1010254; state: ENABLED
2026-03-28 14:52:05.171  1746-23629 AC4Decoder              media.codec                          I  -> ~AC4Decoder
2026-03-28 14:52:05.171  4390-4716  Compatibil...geReporter system_server                        D  Compat change id reported: 218533173; UID 1010258; state: ENABLED
2026-03-28 14:52:05.171  1746-23629 DlbDecParamCache        media.codec                          D  ~DecParamCache()
2026-03-28 14:52:05.171  1746-23629 AC4Decoder              media.codec                          I  <- ~AC4Decoder
2026-03-28 14:52:05.171  4390-4716  Compatibil...geReporter system_server                        D  Compat change id reported: 218533173; UID 1010354; state: ENABLED
2026-03-28 14:52:05.172  4390-4716  Compatibil...geReporter system_server                        D  Compat change id reported: 218533173; UID 1010249; state: ENABLED
2026-03-28 14:52:05.172  4390-4716  Compatibil...geReporter system_server                        D  Compat change id reported: 171306433; UID 1010266; state: ENABLED
2026-03-28 14:52:05.172  4390-4716  Compatibil...geReporter system_server                        D  Compat change id reported: 226439802; UID 1010266; state: DISABLED
2026-03-28 14:52:05.172  4242-4258  OplusUtils              mediaserver                          D  ACodec getComponentRole [99]: mime:audio/3gpp
2026-03-28 14:52:05.172  1746-23629 OMX_DumpInput           media.codec                          D  [~DumpInput:L408][OMX.dolby.ac4.decoder_480] this:0xea83678c
2026-03-28 14:52:05.172  4390-4716  Compatibil...geReporter system_server                        D  Compat change id reported: 218533173; UID 1010142; state: ENABLED
2026-03-28 14:52:05.173  4390-4716  Compatibil...geReporter system_server                        D  Compat change id reported: 218533173; UID 1010265; state: DISABLED
2026-03-28 14:52:05.173  4390-4716  Compatibil...geReporter system_server                        D  Compat change id reported: 171306433; UID 1010155; state: ENABLED
2026-03-28 14:52:05.173  4390-4716  Compatibil...geReporter system_server                        D  Compat change id reported: 226439802; UID 1010155; state: DISABLED
2026-03-28 14:52:05.173  4390-4716  Compatibil...geReporter system_server                        D  Compat change id reported: 171306433; UID 1010149; state: ENABLED
2026-03-28 14:52:05.173  4390-4716  Compatibil...geReporter system_server                        D  Compat change id reported: 226439802; UID 1010149; state: DISABLED
2026-03-28 14:52:05.174  4242-4258  OMXClient               mediaserver                          I  IOmx service obtained
2026-03-28 14:52:05.174  1746-23629 OMX_DumpInput           media.codec                          D  [DumpInput:L367][OMX.google.amrnb.decoder_481] this:0xedd4d80c
2026-03-28 14:52:05.174  1746-23629 OMX_DumpInput           media.codec                          D  checkDumpCondition 496, decodercheck 1, nonsecurecheck 1, regioncheck 1, platformcheck 1 
2026-03-28 14:52:05.175  1746-23629 OMXMaster               media.codec                          I  makeComponentInstance(OMX.google.amrnb.decoder) in android.hardwar process
2026-03-28 14:52:05.179  4390-4716  Compatibil...geReporter system_server                        D  Compat change id reported: 218533173; UID 10250; state: ENABLED
2026-03-28 14:52:05.179  4390-4716  Compatibil...geReporter system_server                        D  Compat change id reported: 218533173; UID 10524; state: ENABLED
2026-03-28 14:52:05.179  4390-4716  Compatibil...geReporter system_server                        D  Compat change id reported: 218533173; UID 10184; state: DISABLED
2026-03-28 14:52:05.179  4390-4716  Compatibil...geReporter system_server                        D  Compat change id reported: 218533173; UID 10428; state: DISABLED
2026-03-28 14:52:05.180  4390-4716  Compatibil...geReporter system_server                        D  Compat change id reported: 218533173; UID 10563; state: ENABLED
2026-03-28 14:52:05.180  4390-4716  Compatibil...geReporter system_server                        D  Compat change id reported: 218533173; UID 10369; state: DISABLED
2026-03-28 14:52:05.180  4390-4716  Compatibil...geReporter system_server                        D  Compat change id reported: 218533173; UID 10161; state: ENABLED
2026-03-28 14:52:05.180  4390-4716  Compatibil...geReporter system_server                        D  Compat change id reported: 218533173; UID 10365; state: DISABLED
2026-03-28 14:52:05.181  4390-4716  Compatibil...geReporter system_server                        D  Compat change id reported: 218533173; UID 10204; state: ENABLED
2026-03-28 14:52:05.181  4390-4782  ConnectivityService     system_server                        D  register offer from providerId 2 : NetworkOffer [ Provider Id (2) Score(52 ; KeepConnected : 0 ; Policies : YIELD_TO_BAD_WIFI&TRANSPORT_PRIMARY&EVER_VALIDATED_NOT_AVOIDED_WHEN_BAD&IS_UNMETERED&IS_VALIDATED) Caps [ Transports: CELLULAR Capabilities: MMS&SUPL&DUN&FOTA&IMS&CBS&IA&RCS&XCAP&EIMS&INTERNET&NOT_RESTRICTED&TRUSTED&NOT_VPN&MCX&NOT_VCN_MANAGED UnderlyingNetworks: Null] Needed by []]
2026-03-28 14:52:05.181  4390-4716  Compatibil...geReporter system_server                        D  Compat change id reported: 218533173; UID 10481; state: ENABLED
2026-03-28 14:52:05.181  4390-4716  Compatibil...geReporter system_server                        D  Compat change id reported: 218533173; UID 10247; state: ENABLED
2026-03-28 14:52:05.181  4390-4716  Compatibil...geReporter system_server                        D  Compat change id reported: 218533173; UID 10404; state: ENABLED
2026-03-28 14:52:05.182  4242-4258  OplusUtils              mediaserver                          D  ACodec getComponentRole [99]: mime:audio/amr-wb
2026-03-28 14:52:05.182  4390-4716  Compatibil...geReporter system_server                        D  Compat change id reported: 218533173; UID 10368; state: ENABLED
2026-03-28 14:52:05.182  4390-4716  Compatibil...geReporter system_server                        D  Compat change id reported: 218533173; UID 10291; state: ENABLED
2026-03-28 14:52:05.182  4390-4782  ConnectivityService     system_server                        D  NetReassign [no changes]
2026-03-28 14:52:05.182  4390-4716  Compatibil...geReporter system_server                        D  Compat change id reported: 218533173; UID 10176; state: ENABLED
2026-03-28 14:52:05.182  4390-4716  Compatibil...geReporter system_server                        D  Compat change id reported: 218533173; UID 10465; state: ENABLED
2026-03-28 14:52:05.182  4390-4716  Compatibil...geReporter system_server                        D  Compat change id reported: 218533173; UID 10253; state: ENABLED
2026-03-28 14:52:05.182  1746-20033 OMX_DumpInput           media.codec                          D  [~DumpInput:L408][OMX.google.amrnb.decoder_481] this:0xedd4d80c
2026-03-28 14:52:05.183  4390-4716  Compatibil...geReporter system_server                        D  Compat change id reported: 218533173; UID 10223; state: DISABLED
2026-03-28 14:52:05.183  4390-4716  Compatibil...geReporter system_server                        D  Compat change id reported: 218533173; UID 10371; state: DISABLED
2026-03-28 14:52:05.183  4390-4716  Compatibil...geReporter system_server                        D  Compat change id reported: 218533173; UID 10145; state: ENABLED
2026-03-28 14:52:05.183  4390-4716  Compatibil...geReporter system_server                        D  Compat change id reported: 218533173; UID 10138; state: ENABLED
2026-03-28 14:52:05.183  4242-4258  OMXClient               mediaserver                          I  IOmx service obtained
2026-03-28 14:52:05.183  4390-4716  Compatibil...geReporter system_server                        D  Compat change id reported: 218533173; UID 10254; state: ENABLED
2026-03-28 14:52:05.184  1746-20033 OMX_DumpInput           media.codec                          D  [DumpInput:L367][OMX.google.amrwb.decoder_482] this:0xea83678c
2026-03-28 14:52:05.184  4390-4716  Compatibil...geReporter system_server                        D  Compat change id reported: 218533173; UID 10544; state: ENABLED
2026-03-28 14:52:05.184  4390-4716  Compatibil...geReporter system_server                        D  Compat change id reported: 218533173; UID 10156; state: ENABLED
2026-03-28 14:52:05.184  1746-20033 OMX_DumpInput           media.codec                          D  checkDumpCondition 496, decodercheck 1, nonsecurecheck 1, regioncheck 1, platformcheck 1 
2026-03-28 14:52:05.184  1746-20033 OMXMaster               media.codec                          I  makeComponentInstance(OMX.google.amrwb.decoder) in android.hardwar process
2026-03-28 14:52:05.184  4390-4716  Compatibil...geReporter system_server                        D  Compat change id reported: 218533173; UID 10146; state: ENABLED
2026-03-28 14:52:05.184  4390-4716  Compatibil...geReporter system_server                        D  Compat change id reported: 218533173; UID 10181; state: ENABLED
2026-03-28 14:52:05.185  4390-4716  Compatibil...geReporter system_server                        D  Compat change id reported: 218533173; UID 10354; state: ENABLED
2026-03-28 14:52:05.185  4390-4716  Compatibil...geReporter system_server                        D  Compat change id reported: 218533173; UID 10556; state: ENABLED
2026-03-28 14:52:05.185  4390-4716  Compatibil...geReporter system_server                        D  Compat change id reported: 218533173; UID 10249; state: ENABLED
2026-03-28 14:52:05.185  4390-4390  SystemServerTiming      system_server                        D  MakeNetworkPolicyServiceReady
2026-03-28 14:52:05.185  4390-4716  Compatibil...geReporter system_server                        D  Compat change id reported: 218533173; UID 10170; state: ENABLED
2026-03-28 14:52:05.185  4390-4716  Compatibil...geReporter system_server                        D  Compat change id reported: 171306433; UID 10183; state: DISABLED
2026-03-28 14:52:05.186  4390-4716  Compatibil...geReporter system_server                        D  Compat change id reported: 218533173; UID 10183; state: DISABLED
2026-03-28 14:52:05.186  4390-4716  Compatibil...geReporter system_server                        D  Compat change id reported: 218533173; UID 10491; state: ENABLED
2026-03-28 14:52:05.186  4390-4716  Compatibil...geReporter system_server                        D  Compat change id reported: 171306433; UID 10134; state: DISABLED
2026-03-28 14:52:05.186  4390-4716  Compatibil...geReporter system_server                        D  Compat change id reported: 218533173; UID 10134; state: DISABLED
2026-03-28 14:52:05.186  4390-4716  Compatibil...geReporter system_server                        D  Compat change id reported: 218533173; UID 10476; state: ENABLED
2026-03-28 14:52:05.187  4390-4716  Compatibil...geReporter system_server                        D  Compat change id reported: 218533173; UID 10165; state: ENABLED
2026-03-28 14:52:05.187  4242-4258  OplusUtils              mediaserver                          D  ACodec getComponentRole [99]: mime:audio/eac3
2026-03-28 14:52:05.187  1746-20033 OMX_DumpInput           media.codec                          D  [~DumpInput:L408][OMX.google.amrwb.decoder_482] this:0xea83678c
2026-03-28 14:52:05.187  4390-4716  Compatibil...geReporter system_server                        D  Compat change id reported: 218533173; UID 10525; state: ENABLED
2026-03-28 14:52:05.187  4390-4716  Compatibil...geReporter system_server                        D  Compat change id reported: 218533173; UID 10426; state: DISABLED
2026-03-28 14:52:05.187  4390-4788  VcnManagementService    system_server                        I  new snapshot: TelephonySubscriptionSnapshot{ mActiveDataSubId=-1, mSubIdToInfoMap={}, mSubIdToCarrierConfigMap={}, mPrivilegedPackages={} }
2026-03-28 14:52:05.187  4390-4716  Compatibil...geReporter system_server                        D  Compat change id reported: 218533173; UID 10553; state: ENABLED
2026-03-28 14:52:05.187  4390-4716  Compatibil...geReporter system_server                        D  Compat change id reported: 218533173; UID 10142; state: ENABLED
2026-03-28 14:52:05.188  4390-4716  Compatibil...geReporter system_server                        D  Compat change id reported: 218533173; UID 10543; state: ENABLED
2026-03-28 14:52:05.188  4390-4716  Compatibil...geReporter system_server                        D  Compat change id reported: 218533173; UID 10150; state: ENABLED
2026-03-28 14:52:05.188  4390-4716  Compatibil...geReporter system_server                        D  Compat change id reported: 218533173; UID 10558; state: ENABLED
2026-03-28 14:52:05.188  4390-4716  Compatibil...geReporter system_server                        D  Compat change id reported: 218533173; UID 10108; state: ENABLED
2026-03-28 14:52:05.188  4390-4716  Compatibil...geReporter system_server                        D  Compat change id reported: 218533173; UID 10529; state: DISABLED
2026-03-28 14:52:05.189  4242-4258  OMXClient               mediaserver                          I  IOmx service obtained
2026-03-28 14:52:05.189  4390-4716  Compatibil...geReporter system_server                        D  Compat change id reported: 218533173; UID 10265; state: DISABLED
2026-03-28 14:52:05.189  4390-4716  Compatibil...geReporter system_server                        D  Compat change id reported: 218533173; UID 10159; state: ENABLED
2026-03-28 14:52:05.189  1746-20033 OMX_DumpInput           media.codec                          D  [DumpInput:L367][OMX.dolby.eac3.decoder_483] this:0xedd4d80c
