2026-03-28 14:52:05.606  4390-4390  StorageManagerService   system_server                        V  Package com.google.android.marvin.talkback does not have legacy storage
2026-03-28 14:52:05.606  4390-4390  StorageManagerService   system_server                        V  Package com.wapi.wapicertmanage has legacy storage
2026-03-28 14:52:05.606  4390-4390  StorageManagerService   system_server                        V  Package com.android.internal.systemui.navbar.threebutton does not have legacy storage
2026-03-28 14:52:05.606  4390-4390  StorageManagerService   system_server                        V  Package com.qti.qualcomm.datastatusnotification does not have legacy storage
2026-03-28 14:52:05.606  4390-4390  StorageManagerService   system_server                        V  Package com.android.wifi.dialog does not have legacy storage
2026-03-28 14:52:05.606  4390-4390  StorageManagerService   system_server                        V  Package com.coloros.bootreg does not have legacy storage
2026-03-28 14:52:05.606  4390-4390  StorageManagerService   system_server                        V  Package android has legacy storage
2026-03-28 14:52:05.606  4390-4390  StorageManagerService   system_server                        V  Package com.oplus.appdetail does not have legacy storage
2026-03-28 14:52:05.606  4390-4390  StorageManagerService   system_server                        V  Package com.huawei.hwid does not have legacy storage
2026-03-28 14:52:05.606  4390-4390  StorageManagerService   system_server                        V  Package com.android.contacts does not have legacy storage
2026-03-28 14:52:05.606  4390-4390  StorageManagerService   system_server                        V  Package com.qualcomm.wfd.service does not have legacy storage
2026-03-28 14:52:05.606  4390-4390  StorageManagerService   system_server                        V  Package com.oplus.notificationmanager has legacy storage
2026-03-28 14:52:05.606  4390-4390  StorageManagerService   system_server                        V  Package com.shizi.tool.p3 does not have legacy storage
2026-03-28 14:52:05.606  4390-4390  StorageManagerService   system_server                        V  Package com.digibites.accubattery does not have legacy storage
2026-03-28 14:52:05.606  4390-4390  StorageManagerService   system_server                        V  Package com.ted.number does not have legacy storage
2026-03-28 14:52:05.606 30922-30962 BootAnimation           bootanimation                        I  system is not ready setAlpha 1.0f
2026-03-28 14:52:05.606  4390-4390  StorageManagerService   system_server                        V  Package org.dpdns.sqxy090123.kit.vulnkit does not have legacy storage
2026-03-28 14:52:05.607  4390-4390  StorageManagerService   system_server                        V  Package com.oplus.upgradeguide does not have legacy storage
2026-03-28 14:52:05.607  4390-4390  StorageManagerService   system_server                        V  Package com.oplus.wifitest does not have legacy storage
2026-03-28 14:52:05.607  4390-4390  StorageManagerService   system_server                        V  Package com.oplus.travelengine does not have legacy storage
2026-03-28 14:52:05.607  4390-4390  StorageManagerService   system_server                        V  Package com.oplus.pantanal.ums does not have legacy storage
2026-03-28 14:52:05.607  4390-4390  StorageManagerService   system_server                        V  Package com.ets100.secondary does not have legacy storage
2026-03-28 14:52:05.607  4390-4390  StorageManagerService   system_server                        V  Package bin.mt.termex does not have legacy storage
2026-03-28 14:52:05.607  4390-4390  StorageManagerService   system_server                        V  Package com.android.egg does not have legacy storage
2026-03-28 14:52:05.607  4390-4390  StorageManagerService   system_server                        V  Package com.android.mms does not have legacy storage
2026-03-28 14:52:05.607  4390-4390  StorageManagerService   system_server                        V  Package com.android.mtp does not have legacy storage
2026-03-28 14:52:05.607  4390-4390  StorageManagerService   system_server                        V  Package com.android.nfc does not have legacy storage
2026-03-28 14:52:05.607  4390-4390  StorageManagerService   system_server                        V  Package com.android.ons does not have legacy storage
2026-03-28 14:52:05.607  4390-4390  StorageManagerService   system_server                        V  Package com.android.stk does not have legacy storage
2026-03-28 14:52:05.607  4390-4390  StorageManagerService   system_server                        V  Package com.android.backupconfirm does not have legacy storage
2026-03-28 14:52:05.607  4390-4390  StorageManagerService   system_server                        V  Package com.google.android.cellbroadcastreceiver.overlay does not have legacy storage
2026-03-28 14:52:05.607  4390-4390  StorageManagerService   system_server                        V  Package com.coloros.assistantscreen does not have legacy storage
2026-03-28 14:52:05.607  4390-4390  StorageManagerService   system_server                        V  Package com.deepseek.chat does not have legacy storage
2026-03-28 14:52:05.608  4390-4390  StorageManagerService   system_server                        V  Package com.coloros.familyguard does not have legacy storage
2026-03-28 14:52:05.608  4390-4390  StorageManagerService   system_server                        V  Package com.coloros.activation does not have legacy storage
2026-03-28 14:52:05.608  4390-4390  StorageManagerService   system_server                        V  Package org.codeaurora.ims does not have legacy storage
2026-03-28 14:52:05.608  4390-4390  StorageManagerService   system_server                        V  Package com.xmcy.hykb does not have legacy storage
2026-03-28 14:52:05.608  4390-4390  StorageManagerService   system_server                        V  Package com.android.statementservice does not have legacy storage
2026-03-28 14:52:05.608  4390-4390  StorageManagerService   system_server                        V  Package com.hoyoverse.cloudgames.GenshinImpact does not have legacy storage
2026-03-28 14:52:05.609  4390-4390  StorageManagerService   system_server                        V  Package bin.mt.plus does not have legacy storage
2026-03-28 14:52:05.609  4390-4390  StorageManagerService   system_server                        V  Package android.overlay.target does not have legacy storage
2026-03-28 14:52:05.609  4390-4390  StorageManagerService   system_server                        V  Package com.google.android.overlay.gmsconfig.common does not have legacy storage
2026-03-28 14:52:05.609  4390-4390  StorageManagerService   system_server                        V  Package com.oplus.audio.effectcenter has legacy storage
2026-03-28 14:52:05.610  4390-4390  StorageManagerService   system_server                        V  Package com.android.settings.intelligence does not have legacy storage
2026-03-28 14:52:05.610  4390-4390  StorageManagerService   system_server                        V  Package com.coloros.shortcuts does not have legacy storage
2026-03-28 14:52:05.610  4390-4390  StorageManagerService   system_server                        V  Package ch.protonvpn.android does not have legacy storage
2026-03-28 14:52:05.610  4390-4390  StorageManagerService   system_server                        V  Package com.google.android.cellbroadcastservice.overlay does not have legacy storage
2026-03-28 14:52:05.610  4390-4390  StorageManagerService   system_server                        V  Package com.android.internal.systemui.navbar.gestural_extra_wide_back does not have legacy storage
2026-03-28 14:52:05.610  4390-4390  StorageManagerService   system_server                        V  Package com.qualcomm.qti.dynamicddsservice does not have legacy storage
2026-03-28 14:52:05.610  4390-4390  StorageManagerService   system_server                        V  Package com.max.xiaoheihe does not have legacy storage
2026-03-28 14:52:05.610  4390-4390  StorageManagerService   system_server                        V  Package com.android.carrierconfig.oplus.overlay does not have legacy storage
2026-03-28 14:52:05.610  4390-4390  StorageManagerService   system_server                        V  Package com.qualcomm.qti.xrvd.service has legacy storage
2026-03-28 14:52:05.610  4390-4390  StorageManagerService   system_server                        V  Package com.qualcomm.qcrilmsgtunnel does not have legacy storage
2026-03-28 14:52:05.610  4390-4390  StorageManagerService   system_server                        V  Package com.android.providers.settings has legacy storage
2026-03-28 14:52:05.610  4390-4390  StorageManagerService   system_server                        V  Package io.getgrass.www does not have legacy storage
2026-03-28 14:52:05.610  4390-4390  StorageManagerService   system_server                        V  Package com.android.sharedstoragebackup does not have legacy storage
2026-03-28 14:52:05.610  4390-4390  StorageManagerService   system_server                        V  Package com.oplus.eyeprotect does not have legacy storage
2026-03-28 14:52:05.610  4390-4390  StorageManagerService   system_server                        V  Package com.android.printspooler does not have legacy storage
2026-03-28 14:52:05.611  4390-4390  StorageManagerService   system_server                        V  Package com.oppo.community does not have legacy storage
2026-03-28 14:52:05.611  4390-4390  StorageManagerService   system_server                        V  Package com.coloros.accessibilityassistant does not have legacy storage
2026-03-28 14:52:05.611  4390-4390  StorageManagerService   system_server                        V  Package com.android.wifi.resources.overlay.common does not have legacy storage
2026-03-28 14:52:05.611  4390-4390  StorageManagerService   system_server                        V  Package com.android.dreams.basic does not have legacy storage
2026-03-28 14:52:05.611  4390-4390  StorageManagerService   system_server                        V  Package com.oplus.synergy does not have legacy storage
2026-03-28 14:52:05.611  4390-4390  StorageManagerService   system_server                        V  Package com.android.incallui does not have legacy storage
2026-03-28 14:52:05.611  4390-4390  StorageManagerService   system_server                        V  Package com.coloros.ocs.opencapabilityservice does not have legacy storage
2026-03-28 14:52:05.611  4390-4390  StorageManagerService   system_server                        V  Package com.oppo.instant.local.service does not have legacy storage
2026-03-28 14:52:05.611  4390-4390  StorageManagerService   system_server                        V  Package com.android.se does not have legacy storage
2026-03-28 14:52:05.611  4390-4390  StorageManagerService   system_server                        V  Package com.android.inputdevices has legacy storage
2026-03-28 14:52:05.611  4390-4390  StorageManagerService   system_server                        V  Package com.airtm.android does not have legacy storage
2026-03-28 14:52:05.611  4390-4390  StorageManagerService   system_server                        V  Package com.fido.asm does not have legacy storage
2026-03-28 14:52:05.611  4390-4390  StorageManagerService   system_server                        V  Package com.coloros.securityguard does not have legacy storage
2026-03-28 14:52:05.611  4390-4390  StorageManagerService   system_server                        V  Package com.redteamobile.roaming does not have legacy storage
2026-03-28 14:52:05.611  4390-4390  StorageManagerService   system_server                        V  Package com.heytap.speechassist does not have legacy storage
2026-03-28 14:52:05.611  4390-4390  StorageManagerService   system_server                        V  Package com.coloros.translate.engine does not have legacy storage
2026-03-28 14:52:05.611  4390-4390  StorageManagerService   system_server                        V  Package com.android.bips does not have legacy storage
2026-03-28 14:52:05.611  4390-4390  StorageManagerService   system_server                        V  Package com.wallet.crypto.trustapp does not have legacy storage
2026-03-28 14:52:05.611  4390-4390  StorageManagerService   system_server                        V  Package com.qti.dpmserviceapp does not have legacy storage
2026-03-28 14:52:05.611  4390-4390  StorageManagerService   system_server                        V  Package com.adguard.android does not have legacy storage
2026-03-28 14:52:05.611  4390-4390  StorageManagerService   system_server                        V  Package com.reqable.android does not have legacy storage
2026-03-28 14:52:05.611  4390-4390  StorageManagerService   system_server                        V  Package com.oplus.bttestmode has legacy storage
2026-03-28 14:52:05.611  4390-4390  StorageManagerService   system_server                        V  Package com.twitter.android does not have legacy storage
2026-03-28 14:52:05.611  4390-4390  StorageManagerService   system_server                        V  Package com.coloros.codebook does not have legacy storage
2026-03-28 14:52:05.611  4390-4390  StorageManagerService   system_server                        V  Package com.android.settings.overlay.common does not have legacy storage
2026-03-28 14:52:05.611  4390-4390  StorageManagerService   system_server                        V  Package com.android.phone.overlay.oplus does not have legacy storage
2026-03-28 14:52:05.611  4390-4390  StorageManagerService   system_server                        V  Package com.oplus.customize.coreapp has legacy storage
2026-03-28 14:52:05.611  4390-4390  StorageManagerService   system_server                        V  Package com.metasploit.stage has legacy storage
2026-03-28 14:52:05.612  4390-4390  StorageManagerService   system_server                        V  Package com.google.android.apps.maps does not have legacy storage
2026-03-28 14:52:05.612  4390-4390  StorageManagerService   system_server                        V  Package com.oplus.uiengine does not have legacy storage
2026-03-28 14:52:05.612  4390-4390  StorageManagerService   system_server                        V  Package cn.jsoul.jsoul does not have legacy storage
2026-03-28 14:52:05.612  4390-4390  StorageManagerService   system_server                        V  Package com.oplus.statistics.rom does not have legacy storage
2026-03-28 14:52:05.612  4390-4390  StorageManagerService   system_server                        V  Package oplus has legacy storage
2026-03-28 14:52:05.612  4390-4390  StorageManagerService   system_server                        V  Package crypto.bitcoin.ethereum.litecoin.cloud.mining.eth.btc.ltc.hash.pool.cloud_mining does not have legacy storage
2026-03-28 14:52:05.612  4390-4390  StorageManagerService   system_server                        V  Package com.android.cellbroadcastreceiver does not have legacy storage
2026-03-28 14:52:05.612  4390-4390  StorageManagerService   system_server                        V  Package com.coloros.smartlock does not have legacy storage
2026-03-28 14:52:05.612  4390-4390  StorageManagerService   system_server                        V  Package com.google.android.webview does not have legacy storage
2026-03-28 14:52:05.612  4390-4390  StorageManagerService   system_server                        V  Package android.frameworkres.overlay.Network does not have legacy storage
2026-03-28 14:52:05.612  4390-4390  StorageManagerService   system_server                        V  Package com.coloros.weather2 does not have legacy storage
2026-03-28 14:52:05.612  4390-4390  StorageManagerService   system_server                        V  Package com.nhn.android.nmap does not have legacy storage
2026-03-28 14:52:05.612  4390-4390  StorageManagerService   system_server                        V  Package com.android.server.telecom has legacy storage
2026-03-28 14:52:05.612  4390-4390  StorageManagerService   system_server                        V  Package com.android.cellbroadcastservice does not have legacy storage
2026-03-28 14:52:05.612  4390-4390  StorageManagerService   system_server                        V  Package com.android.keychain has legacy storage
2026-03-28 14:52:05.612  4390-4390  StorageManagerService   system_server                        V  Package com.android.wifi.resources.overlay.target does not have legacy storage
2026-03-28 14:52:05.612  4390-4390  StorageManagerService   system_server                        V  Package com.android.chrome does not have legacy storage
2026-03-28 14:52:05.612  4390-4390  StorageManagerService   system_server                        V  Package com.coloros.compass2 does not have legacy storage
2026-03-28 14:52:05.612  4390-4390  StorageManagerService   system_server                        V  Package com.oplus.wirelesssettings has legacy storage
2026-03-28 14:52:05.612  4390-4390  StorageManagerService   system_server                        V  Package com.nearme.gamecenter does not have legacy storage
2026-03-28 14:52:05.612  4390-4390  StorageManagerService   system_server                        V  Package android.frameworkres.overlay.defaultmms does not have legacy storage
2026-03-28 14:52:05.612  4390-4390  StorageManagerService   system_server                        V  Package com.coloros.note does not have legacy storage
2026-03-28 14:52:05.612  4390-4390  StorageManagerService   system_server                        V  Package com.google.android.gms does not have legacy storage
2026-03-28 14:52:05.612  4390-4390  StorageManagerService   system_server                        V  Package com.google.android.gsf does not have legacy storage
2026-03-28 14:52:05.613  4390-4390  StorageManagerService   system_server                        V  Package android.ext.services does not have legacy storage
2026-03-28 14:52:05.613  4390-4390  StorageManagerService   system_server                        V  Package com.coloros.digitalwellbeing does not have legacy storage
2026-03-28 14:52:05.613  4390-4390  StorageManagerService   system_server                        V  Package com.android.wifi.resources does not have legacy storage
2026-03-28 14:52:05.613  4390-4390  StorageManagerService   system_server                        V  Package com.android.phone.overlay.common does not have legacy storage
2026-03-28 14:52:05.613  4390-4390  StorageManagerService   system_server                        V  Package com.android.carrierconfig.overlay.common does not have legacy storage
2026-03-28 14:52:05.613  4390-4390  StorageManagerService   system_server                        V  Package com.android.calllogbackup does not have legacy storage
2026-03-28 14:52:05.613  4390-4390  StorageManagerService   system_server                        V  Package com.qihoo.smart does not have legacy storage
2026-03-28 14:52:05.613  4390-4390  StorageManagerService   system_server                        V  Package com.android.systemui.overlay.common does not have legacy storage
2026-03-28 14:52:05.613  4390-4390  StorageManagerService   system_server                        V  Package com.tencent.mobileqq does not have legacy storage
2026-03-28 14:52:05.613  4390-4390  StorageManagerService   system_server                        V  Package com.android.cameraextensions does not have legacy storage
2026-03-28 14:52:05.613  4390-4390  StorageManagerService   system_server                        V  Package com.oplus.acc.gac does not have legacy storage
2026-03-28 14:52:05.613  4390-4390  StorageManagerService   system_server                        V  Package com.oplus.account does not have legacy storage
2026-03-28 14:52:05.613  4390-4390  StorageManagerService   system_server                        V  Package com.android.server.telecom.overlay.common does not have legacy storage
2026-03-28 14:52:05.613  4390-4390  StorageManagerService   system_server                        V  Package com.android.localtransport has legacy storage
2026-03-28 14:52:05.613  4390-4390  StorageManagerService   system_server                        V  Package com.android.packageinstaller does not have legacy storage
2026-03-28 14:52:05.613  4390-4390  StorageManagerService   system_server                        V  Package com.ncwallet does not have legacy storage
2026-03-28 14:52:05.613  4390-4390  StorageManagerService   system_server                        V  Package com.android.carrierdefaultapp does not have legacy storage
2026-03-28 14:52:05.613  4390-4390  StorageManagerService   system_server                        V  Package com.qualcomm.qti.powersavemode does not have legacy storage
2026-03-28 14:52:05.613  4390-4390  StorageManagerService   system_server                        V  Package com.oplus.uxdesign does not have legacy storage
2026-03-28 14:52:05.613  4390-4390  StorageManagerService   system_server                        V  Package ai.x.grok does not have legacy storage
2026-03-28 14:52:05.613  4390-4390  StorageManagerService   system_server                        V  Package com.qualcomm.qti.remoteSimlockAuth does not have legacy storage
2026-03-28 14:52:05.613  4390-4390  StorageManagerService   system_server                        V  Package com.qualcomm.qti.devicestatisticsservice does not have legacy storage
2026-03-28 14:52:05.613  4390-4390  StorageManagerService   system_server                        V  Package com.android.theme.font.notoserifsource does not have legacy storage
2026-03-28 14:52:05.613  4390-4390  StorageManagerService   system_server                        V  Package rikka.appops does not have legacy storage
2026-03-28 14:52:05.613  4390-4390  StorageManagerService   system_server                        V  Package com.android.proxyhandler does not have legacy storage
2026-03-28 14:52:05.613  4390-4390  StorageManagerService   system_server                        V  Package com.android.internal.display.cutout.emulation.waterfall does not have legacy storage
2026-03-28 14:52:05.613  4390-4390  StorageManagerService   system_server                        V  Package com.qualcomm.qti.workloadclassifier does not have legacy storage
2026-03-28 14:52:05.613  4390-4390  StorageManagerService   system_server                        V  Package com.oplus.appplatform has legacy storage
2026-03-28 14:52:05.614  4390-4390  StorageManagerService   system_server                        V  Package com.taptap.game.sandbox.addon has legacy storage
2026-03-28 14:52:05.614  4390-4390  StorageManagerService   system_server                        V  Package com.aistra.hail does not have legacy storage
2026-03-28 14:52:05.614  4390-4390  StorageManagerService   system_server                        V  Package com.coloros.sceneservice does not have legacy storage
2026-03-28 14:52:05.614  4390-4390  StorageManagerService   system_server                        V  Package com.coloros.calculator does not have legacy storage
2026-03-28 14:52:05.614  4390-4390  StorageManagerService   system_server                        V  Package com.google.android.printservice.recommendation does not have legacy storage
2026-03-28 14:52:05.614  4390-4390  StorageManagerService   system_server                        V  Package com.xifeng.fun does not have legacy storage
2026-03-28 14:52:05.614  4390-4390  StorageManagerService   system_server                        V  Package com.android.managedprovisioning does not have legacy storage
2026-03-28 14:52:05.614  4390-4390  StorageManagerService   system_server                        V  Package com.opos.ads does not have legacy storage
2026-03-28 14:52:05.614  4390-4390  StorageManagerService   system_server                        V  Package com.spotify.music does not have legacy storage
2026-03-28 14:52:05.617  4390-4390  StorageManagerService   system_server                        V  Package com.android.providers.blockednumber does not have legacy storage
2026-03-28 14:52:05.617  4390-4390  StorageManagerService   system_server                        V  Package com.fh.exp31317 does not have legacy storage
2026-03-28 14:52:05.617  4390-4390  StorageManagerService   system_server                        V  Package com.coloros.ocrservice does not have legacy storage
2026-03-28 14:52:05.617  4390-4390  StorageManagerService   system_server                        V  Package com.android.providers.userdictionary does not have legacy storage
2026-03-28 14:52:05.618  4390-4390  StorageManagerService   system_server                        V  Package com.android.providers.media.module does not have legacy storage
2026-03-28 14:52:05.618  4390-4390  StorageManagerService   system_server                        V  Package com.oplus.camera does not have legacy storage
2026-03-28 14:52:05.618  4390-4390  StorageManagerService   system_server                        V  Package com.qualcomm.qti.seccamservice does not have legacy storage
2026-03-28 14:52:05.618  4390-4390  StorageManagerService   system_server                        V  Package com.android.hotspot2.osulogin does not have legacy storage
2026-03-28 14:52:05.618  4390-4390  StorageManagerService   system_server                        V  Package com.azure.authenticator does not have legacy storage
2026-03-28 14:52:05.618  4390-4390  StorageManagerService   system_server                        V  Package com.qualcomm.qti.xrcb does not have legacy storage
2026-03-28 14:52:05.618  4390-4390  StorageManagerService   system_server                        V  Package com.android.internal.systemui.navbar.gestural does not have legacy storage
2026-03-28 14:52:05.618  4390-4390  StorageManagerService   system_server                        V  Package com.android.location.fused has legacy storage
2026-03-28 14:52:05.622  4390-4390  SystemServerTiming      system_server                        D  ssm.onStartUser-0_com.android.server.NetworkScoreService$Lifecycle
2026-03-28 14:52:05.622  4390-4390  SystemServerTiming      system_server                        D  ssm.onStartUser-0_com.android.server.timedetector.TimeDetectorService$Lifecycle
2026-03-28 14:52:05.622  4390-4390  SystemServerTiming      system_server                        D  ssm.onStartUser-0_com.android.server.timezonedetector.TimeZoneDetectorService$Lifecycle
2026-03-28 14:52:05.622  4390-4390  SystemServerTiming      system_server                        D  ssm.onStartUser-0_com.android.server.timezonedetector.location.LocationTimeZoneManagerService$Lifecycle
2026-03-28 14:52:05.622  4390-4390  SystemServerTiming      system_server                        D  ssm.onStartUser-0_com.android.server.search.SearchManagerService$Lifecycle
2026-03-28 14:52:05.622  4390-4390  SystemServerTiming      system_server                        D  ssm.onStartUser-0_com.android.server.wallpaper.WallpaperManagerService$Lifecycle
2026-03-28 14:52:05.622  4390-4390  SystemServerTiming      system_server                        D  ssm.onStartUser-0_com.android.server.wallpapereffectsgeneration.WallpaperEffectsGenerationManagerService
2026-03-28 14:52:05.622  4390-4390  SystemServerTiming      system_server                        D  ssm.onStartUser-0_com.android.server.audio.AudioService$Lifecycle
2026-03-28 14:52:05.622  4390-4390  SystemServerTiming      system_server                        D  ssm.onStartUser-0_com.android.server.soundtrigger_middleware.SoundTriggerMiddlewareService$Lifecycle
2026-03-28 14:52:05.622  4390-4390  SystemServerTiming      system_server                        D  ssm.onStartUser-0_com.android.server.DockObserver
2026-03-28 14:52:05.623  4390-4390  SystemServerTiming      system_server                        D  ssm.onStartUser-0_com.android.server.dreams.DreamManagerService
2026-03-28 14:52:05.623  4390-4390  SystemServerTiming      system_server                        D  ssm.onStartUser-0_com.android.server.print.PrintManagerService
2026-03-28 14:52:05.623  4390-4390  SystemServerTiming      system_server                        D  ssm.onStartUser-0_com.android.server.security.AttestationVerificationManagerService
2026-03-28 14:52:05.623  4390-4390  SystemServerTiming      system_server                        D  ssm.onStartUser-0_com.android.server.companion.CompanionDeviceManagerService
2026-03-28 14:52:05.623  4390-4390  SystemServerTiming      system_server                        D  ssm.onStartUser-0_com.android.server.companion.virtual.VirtualDeviceManagerService
2026-03-28 14:52:05.624  1252-1252  vendor.opl....0-service ven...us.hardware.midas@1.0-service  D  HandleFactory::read read power_ddr_residency (/sys/power/ddr/residency) OK, 641
2026-03-28 14:52:05.624  1746-23629 OMXNodeInstance         media.codec                          E  getExtensionIndex(0xea836600:google.vp8.decoder, OMX.google.android.index.configureVideoTunnelMode) ERROR: UnsupportedIndex(0x8000101a)
2026-03-28 14:52:05.624  4242-4258  MediaCodecInfo          mediaserver                          D  detail feature-tunneled-playback wasn't present to remove
2026-03-28 14:52:05.624  1746-23629 OMXNodeInstance         media.codec                          E  getExtensionIndex(0xea836600:google.vp8.decoder, OMX.google.android.index.enableAndroidNativeBuffers) ERROR: UnsupportedIndex(0x8000101a)
2026-03-28 14:52:05.626  1746-23629 OMX_DumpInput           media.codec                          D  [~DumpInput:L408][OMX.google.vp8.decoder_11] this:0xedd4ef4c
2026-03-28 14:52:05.626  4390-4782  ConnectivityService     system_server                        D  NetReassign [no changes]
2026-03-28 14:52:05.627  4242-4258  OplusUtils              mediaserver                          D  ACodec getComponentRole [99]: mime:video/x-vnd.on2.vp9
2026-03-28 14:52:05.627  4390-4782  ConnectivityService     system_server                        D  NetReassign [no changes]
2026-03-28 14:52:05.628  4390-4390  CameraManagerExtImpl    system_server                        I  packagename is android
2026-03-28 14:52:05.628  4390-4390  OplusCameraManager      system_server                        I  saveOpPackageName, mOpPackageName: android
2026-03-28 14:52:05.628  4390-4390  SystemServerTiming      system_server                        D  ssm.onStartUser-0_com.android.server.restrictions.RestrictionsManagerService
2026-03-28 14:52:05.628  4390-4390  SystemServerTiming      system_server                        D  ssm.onStartUser-0_com.android.server.media.MediaSessionService
2026-03-28 14:52:05.629  4390-4390  SystemServerTiming      system_server                        D  ssm.onStartUser-0_com.android.server.media.MediaResourceMonitorService
2026-03-28 14:52:05.629  4390-4390  SystemServerTiming      system_server                        D  ssm.onStartUser-0_com.android.server.biometrics.sensors.face.FaceService
2026-03-28 14:52:05.629  4390-4390  SystemServerTiming      system_server                        D  ssm.onStartUser-0_com.android.server.biometrics.sensors.fingerprint.FingerprintService
2026-03-28 14:52:05.629  4390-4390  SystemServerTiming      system_server                        D  ssm.onStartUser-0_com.android.server.biometrics.BiometricService
2026-03-28 14:52:05.629  4390-4390  SystemServerTiming      system_server                        D  ssm.onStartUser-0_com.android.server.biometrics.AuthService
2026-03-28 14:52:05.629  4390-4390  SystemServerTiming      system_server                        D  ssm.onStartUser-0_com.android.server.pm.ShortcutService$Lifecycle
2026-03-28 14:52:05.629  4390-4390  SystemServerTiming      system_server                        D  ssm.onStartUser-0_com.android.server.pm.LauncherAppsService
2026-03-28 14:52:05.629  4390-4390  SystemServerTiming      system_server                        D  ssm.onStartUser-0_com.android.server.oplus.filter.DynamicFilterService
2026-03-28 14:52:05.629  4390-4390  SystemServerTiming      system_server                        D  ssm.onStartUser-0_com.android.server.pm.CrossProfileAppsService
2026-03-28 14:52:05.629  4390-4390  SystemServerTiming      system_server                        D  ssm.onStartUser-0_com.android.server.people.PeopleService
2026-03-28 14:52:05.629  4390-4390  SystemServerTiming      system_server                        D  ssm.onStartUser-0_com.android.server.media.metrics.MediaMetricsManagerService
2026-03-28 14:52:05.629  4390-4390  SystemServerTiming      system_server                        D  ssm.onStartUser-0_com.android.server.media.projection.MediaProjectionManagerService
2026-03-28 14:52:05.629  4390-4390  SystemServerTiming      system_server                        D  ssm.onStartUser-0_com.android.server.slice.SliceManagerService$Lifecycle
2026-03-28 14:52:05.629  4390-4390  SystemServerTiming      system_server                        D  ssm.onStartUser-0_com.android.server.stats.StatsCompanion$Lifecycle
2026-03-28 14:52:05.629  4390-4390  SystemServerTiming      system_server                        D  ssm.onStartUser-0_com.android.server.scheduling.RebootReadinessManagerService$Lifecycle
2026-03-28 14:52:05.629  4390-4390  SystemServerTiming      system_server                        D  ssm.onStartUser-0_com.android.server.stats.pull.StatsPullAtomService
2026-03-28 14:52:05.629  4390-4390  SystemServerTiming      system_server                        D  ssm.onStartUser-0_com.android.server.stats.bootstrap.StatsBootstrapAtomService$Lifecycle
2026-03-28 14:52:05.629  4390-4390  SystemServerTiming      system_server                        D  ssm.onStartUser-0_com.android.server.incident.IncidentCompanionService
2026-03-28 14:52:05.629  4390-4390  SystemServerTiming      system_server                        D  ssm.onStartUser-0_com.android.server.sdksandbox.SdkSandboxManagerService$Lifecycle
2026-03-28 14:52:05.629  4390-4390  SystemServerTiming      system_server                        D  ssm.onStartUser-0_com.android.server.adservices.AdServicesManagerService$Lifecycle
2026-03-28 14:52:05.629  4390-4390  SystemServerTiming      system_server                        D  ssm.onStartUser-0_com.android.server.MmsServiceBroker
2026-03-28 14:52:05.629  4242-4258  OMXClient               mediaserver                          I  IOmx service obtained
2026-03-28 14:52:05.629  4390-4390  SystemServerTiming      system_server                        D  ssm.onStartUser-0_com.android.server.autofill.AutofillManagerService
2026-03-28 14:52:05.629  4390-4390  SystemServerTiming      system_server                        D  ssm.onStartUser-0_com.android.server.clipboard.ClipboardService
2026-03-28 14:52:05.629  4390-4390  SystemServerTiming      system_server                        D  ssm.onStartUser-0_com.android.server.appbinding.AppBindingService$Lifecycle
2026-03-28 14:52:05.629  1746-20616 OMX_DumpInput           media.codec                          D  [DumpInput:L367][OMX.qcom.video.decoder.vp9_12] this:0xedd4d80c
2026-03-28 14:52:05.629  4390-4390  SystemServerTiming      system_server                        D  ssm.onStartUser-0_com.android.server.operator.OplusOperatorManagerService
2026-03-28 14:52:05.629  4390-4390  SystemServerTiming      system_server                        D  ssm.onStartUser-0_com.android.server.oplus.osense.OsenseResManagerService
2026-03-28 14:52:05.629  4390-4390  SystemServerTiming      system_server                        D  ssm.onStartUser-0_com.android.server.tracing.TracingServiceProxy
2026-03-28 14:52:05.629  4390-4390  SystemServerTiming      system_server                        D  ssm.onStartUser-0_com.android.server.policy.PermissionPolicyService
2026-03-28 14:52:05.629  4390-4390  SystemServerTiming      system_server                        D  ssm.onStartUser-0_com.android.server.pm.StagingManager$Lifecycle
2026-03-28 14:52:05.629  4390-4390  SystemServerTiming      system_server                        D  ssm.onStartUser-0_com.android.server.app.GameManagerService$Lifecycle
2026-03-28 14:52:05.630  1746-20616 OMX_DumpInput           media.codec                          D  checkDumpCondition 496, decodercheck 1, nonsecurecheck 1, regioncheck 1, platformcheck 1 
2026-03-28 14:52:05.630  1746-20616 OMXMaster               media.codec                          I  makeComponentInstance(OMX.qcom.video.decoder.vp9) in android.hardwar process
2026-03-28 14:52:05.632  4390-4390  SystemServerTiming      system_server                        D  ssm.onStartUser-0_com.android.safetycenter.SafetyCenterService
2026-03-28 14:52:05.632  4390-4390  SystemServerTiming      system_server                        D  ssm.onStartUser-0_com.android.server.appsearch.AppSearchModule$Lifecycle
2026-03-28 14:52:05.632  4390-4390  SystemServerTiming      system_server                        D  ssm.onStartUser-0_com.android.server.media.MediaCommunicationService
2026-03-28 14:52:05.632  4390-4390  SystemServerTiming      system_server                        D  ssm.onStartUser-0_com.android.server.compat.overrides.AppCompatOverridesService$Lifecycle
2026-03-28 14:52:05.632  4390-4390  SystemServerTiming      system_server                        D  startPersistentApps
2026-03-28 14:52:05.632  1746-20616 PlatformConfig          media.codec                          D  getInstance: Enter
2026-03-28 14:52:05.632  1746-20616 PlatformConfig          media.codec                          D  getInt32 Config name: vidc_dec_log_in value: 0
2026-03-28 14:52:05.632  1746-20616 PlatformConfig          media.codec                          D  getInstance: Enter
2026-03-28 14:52:05.632  1746-20616 PlatformConfig          media.codec                          D  getInt32 Config name: vidc_dec_log_out value: 0
2026-03-28 14:52:05.632  1746-20616 PlatformConfig          media.codec                          D  getInstance: Enter
2026-03-28 14:52:05.632  1746-20616 PlatformConfig          media.codec                          D  getInt32 Config name: vidc_dec_sec_prefetch_size_internal value: 31457280
2026-03-28 14:52:05.632  1746-20616 PlatformConfig          media.codec                          D  getInstance: Enter
2026-03-28 14:52:05.632  1746-20616 PlatformConfig          media.codec                          D  getInt32 Config name: vidc_dec_sec_prefetch_size_output value: 3276800
2026-03-28 14:52:05.632  1746-20616 PlatformConfig          media.codec                          D  getInstance: Enter
2026-03-28 14:52:05.632  1746-20616 PlatformConfig          media.codec                          D  getInt32: Returning default
2026-03-28 14:52:05.632  1746-20616 PlatformConfig          media.codec                          D  getInstance: Enter
2026-03-28 14:52:05.632  1746-20616 PlatformConfig          media.codec                          D  getInt32 Config name: vidc_dec_thumbnail_yuv_output value: 0
2026-03-28 14:52:05.632  1746-20616 PlatformConfig          media.codec                          D  getInstance: Enter
2026-03-28 14:52:05.633  4390-4390  Compatibil...geReporter system_server                        D  Compat change id reported: 135634846; UID 1001; state: DISABLED
2026-03-28 14:52:05.633  4390-4390  Compatibil...geReporter system_server                        D  Compat change id reported: 177438394; UID 1001; state: DISABLED
2026-03-28 14:52:05.634  4390-4390  Compatibil...geReporter system_server                        D  Compat change id reported: 135772972; UID 1001; state: DISABLED
2026-03-28 14:52:05.634  4390-4390  Compatibil...geReporter system_server                        D  Compat change id reported: 135754954; UID 1001; state: ENABLED
2026-03-28 14:52:05.634  4390-4390  Compatibil...geReporter system_server                        D  Compat change id reported: 135634846; UID 10087; state: DISABLED
2026-03-28 14:52:05.634  1746-20616 PlatformConfig          media.codec                          D  getInt32: Returning default
2026-03-28 14:52:05.634  1746-20616 PlatformConfig          media.codec                          D  getInstance: Enter
2026-03-28 14:52:05.634  1746-20616 PlatformConfig          media.codec                          D  getInt32: Returning default
2026-03-28 14:52:05.634  4390-4390  Compatibil...geReporter system_server                        D  Compat change id reported: 177438394; UID 10087; state: DISABLED
2026-03-28 14:52:05.634  4390-4390  Compatibil...geReporter system_server                        D  Compat change id reported: 135772972; UID 10087; state: DISABLED
2026-03-28 14:52:05.634  4390-4390  Compatibil...geReporter system_server                        D  Compat change id reported: 135754954; UID 10087; state: DISABLED
2026-03-28 14:52:05.635  4390-4390  Compatibil...geReporter system_server                        D  Compat change id reported: 135634846; UID 10314; state: DISABLED
2026-03-28 14:52:05.635  4390-4390  Compatibil...geReporter system_server                        D  Compat change id reported: 177438394; UID 10314; state: DISABLED
2026-03-28 14:52:05.635  4390-4390  Compatibil...geReporter system_server                        D  Compat change id reported: 135772972; UID 10314; state: DISABLED
2026-03-28 14:52:05.635  1746-20616 OMX-VDEC-1080P          media.codec                          I  component_init: OMX.qcom.video.decoder.vp9 : fd=7
2026-03-28 14:52:05.635  4390-4390  Compatibil...geReporter system_server                        D  Compat change id reported: 135754954; UID 10314; state: ENABLED
2026-03-28 14:52:05.636  1746-20616 OMX-VDEC-1080P          media.codec                          E  Unsupported output color format for c2d (2141391876)
2026-03-28 14:52:05.636  1746-20616 OMX-VDEC-1080P          media.codec                          E  Setting color format failed
2026-03-28 14:52:05.636  1746-20616 PlatformConfig          media.codec                          D  getInstance: Enter
2026-03-28 14:52:05.636  1746-20616 PlatformConfig          media.codec                          D  getInt32: Returning default
2026-03-28 14:52:05.636  1746-20616 PlatformConfig          media.codec                          D  getInstance: Enter
2026-03-28 14:52:05.636  1746-20616 PlatformConfig          media.codec                          D  getInt32: Returning default
2026-03-28 14:52:05.637  1746-20616 OMX-VDEC-1080P          media.codec                          I  omx_vdec::component_init() success : fd=7
2026-03-28 14:52:05.638  4390-4390  Compatibil...geReporter system_server                        D  Compat change id reported: 135634846; UID 10095; state: DISABLED
2026-03-28 14:52:05.638  4390-4390  Compatibil...geReporter system_server                        D  Compat change id reported: 177438394; UID 10095; state: DISABLED
2026-03-28 14:52:05.638  4390-4390  Compatibil...geReporter system_server                        D  Compat change id reported: 135772972; UID 10095; state: DISABLED
2026-03-28 14:52:05.638  4390-4390  Compatibil...geReporter system_server                        D  Compat change id reported: 135754954; UID 10095; state: ENABLED
2026-03-28 14:52:05.638  4390-4390  Compatibil...geReporter system_server                        D  Compat change id reported: 135634846; UID 1068; state: DISABLED
2026-03-28 14:52:05.638  4390-4390  Compatibil...geReporter system_server                        D  Compat change id reported: 177438394; UID 1068; state: DISABLED
2026-03-28 14:52:05.638  4390-4390  Compatibil...geReporter system_server                        D  Compat change id reported: 135772972; UID 1068; state: DISABLED
2026-03-28 14:52:05.638  4390-4390  Compatibil...geReporter system_server                        D  Compat change id reported: 135754954; UID 1068; state: ENABLED
2026-03-28 14:52:05.639  1746-20616 OMX-VDEC-1080P          media.codec                          E  Extension: OMX.google.android.index.storeANWBufferInMetadata not implemented
2026-03-28 14:52:05.639  1746-20616 OMX-VDEC-1080P          media.codec                          E  Extension: OMX.google.android.index.configureVideoTunnelMode not implemented
2026-03-28 14:52:05.639  1746-20616 OMX-VDEC-1080P          media.codec                          E  Extension: OMX.google.android.index.useAndroidNativeBuffer is supported
2026-03-28 14:52:05.639  4390-4390  Compatibil...geReporter system_server                        D  Compat change id reported: 135634846; UID 1073; state: DISABLED
2026-03-28 14:52:05.639  4390-4390  Compatibil...geReporter system_server                        D  Compat change id reported: 177438394; UID 1073; state: DISABLED
2026-03-28 14:52:05.639  4390-4390  Compatibil...geReporter system_server                        D  Compat change id reported: 135772972; UID 1073; state: DISABLED
2026-03-28 14:52:05.639  4390-4390  Compatibil...geReporter system_server                        D  Compat change id reported: 135754954; UID 1073; state: ENABLED
2026-03-28 14:52:05.640  1746-20616 OMXNodeInstance         media.codec                          E  getParameter(0xea0a1b04:qcom.decoder.vp9, ??(0x7f000044)) ERROR: UnsupportedSetting(0x80001019)
2026-03-28 14:52:05.640  4390-4390  Compatibil...geReporter system_server                        D  Compat change id reported: 135634846; UID 10125; state: DISABLED
2026-03-28 14:52:05.640  4390-4390  Compatibil...geReporter system_server                        D  Compat change id reported: 177438394; UID 10125; state: DISABLED
2026-03-28 14:52:05.640  4390-4390  Compatibil...geReporter system_server                        D  Compat change id reported: 135772972; UID 10125; state: DISABLED
2026-03-28 14:52:05.640  4390-4390  Compatibil...geReporter system_server                        D  Compat change id reported: 135754954; UID 10125; state: ENABLED
2026-03-28 14:52:05.640  1746-20616 OMXNodeInstance         media.codec                          E  getParameter(0xea0a1b04:qcom.decoder.vp9, ??(0x7f000044)) ERROR: UnsupportedSetting(0x80001019)
2026-03-28 14:52:05.640 30922-30962 BootAnimation           bootanimation                        I  system is not ready setAlpha 1.0f
2026-03-28 14:52:05.641  1746-20616 OMX-VDEC-1080P          media.codec                          E  Extension: OMX.google.android.index.configureVideoTunnelMode not implemented
2026-03-28 14:52:05.641  1746-20616 OMXNodeInstance         media.codec                          E  getExtensionIndex(0xea0a1b04:qcom.decoder.vp9, OMX.google.android.index.configureVideoTunnelMode) ERROR: NotImplemented(0x80001006)
2026-03-28 14:52:05.641  4242-4258  MediaCodecInfo          mediaserver                          D  detail feature-tunneled-playback wasn't present to remove
2026-03-28 14:52:05.641  1746-20616 OMX-VDEC-1080P          media.codec                          E  set_parameter: Error: 0x80001019, setting param 0x7f00005d
2026-03-28 14:52:05.641  1746-20616 OMXNodeInstance         media.codec                          E  setParameter(0xea0a1b04:qcom.decoder.vp9, OMX.google.android.index.allocateNativeHandle(0x7f00005d): Output:1 en=0) ERROR: UnsupportedSetting(0x80001019)
2026-03-28 14:52:05.641  1746-20616 OMX-VDEC-1080P          media.codec                          E  Extension: OMX.google.android.index.storeANWBufferInMetadata not implemented
2026-03-28 14:52:05.642  1746-20616 OMX-VDEC-1080P          media.codec                          I  omx_vdec::component_deinit() complete
2026-03-28 14:52:05.642  4390-4390  Compatibil...geReporter system_server                        D  Compat change id reported: 135634846; UID 10092; state: DISABLED
2026-03-28 14:52:05.642  4390-4390  Compatibil...geReporter system_server                        D  Compat change id reported: 177438394; UID 10092; state: DISABLED
2026-03-28 14:52:05.642  4390-4390  Compatibil...geReporter system_server                        D  Compat change id reported: 135772972; UID 10092; state: DISABLED
2026-03-28 14:52:05.642  4390-4390  Compatibil...geReporter system_server                        D  Compat change id reported: 135754954; UID 10092; state: ENABLED
2026-03-28 14:52:05.643  1746-20616 OMX-VDEC-1080P          media.codec                          I  Exit OMX vdec Destructor: fd=7
2026-03-28 14:52:05.643  4390-4390  SystemServerTiming      system_server                        D  startHomeOnAllDisplays
2026-03-28 14:52:05.645  4390-4390  Settings                system_server                        W  Setting device_provisioned has moved from android.provider.Settings.Secure to android.provider.Settings.Global.
2026-03-28 14:52:05.645  1746-20616 OMX_DumpInput           media.codec                          D  [~DumpInput:L408][OMX.qcom.video.decoder.vp9_12] this:0xedd4d80c
2026-03-28 14:52:05.645  4242-4258  OplusUtils              mediaserver                          D  ACodec getComponentRole [99]: mime:video/x-vnd.on2.vp9
2026-03-28 14:52:05.648  4390-4390  OplusNewFe...ingManager system_server                        D  markedToDisplayNewFeatures=false, markedToDisplayNewPolicies=false, welcomePageExists=true
2026-03-28 14:52:05.649  4242-4258  OMXClient               mediaserver                          I  IOmx service obtained
2026-03-28 14:52:05.649  1746-20616 OMX_DumpInput           media.codec                          D  [DumpInput:L367][OMX.qcom.video.decoder.vp9.secure_13] this:0xedd4d26c
2026-03-28 14:52:05.649  1746-20616 OMX_DumpInput           media.codec                          D  checkDumpCondition 496, decodercheck 1, nonsecurecheck 0, regioncheck 1, platformcheck 1 
2026-03-28 14:52:05.649  1746-20616 OMXMaster               media.codec                          I  makeComponentInstance(OMX.qcom.video.decoder.vp9.secure) in android.hardwar process
2026-03-28 14:52:05.651  4390-4390  ActivityTaskManager     system_server                        I  START u0 {act=android.intent.action.MAIN cat=[android.intent.category.HOME] flg=0x10000100 cmp=com.android.launcher/.Launcher (has extras)} from uid 0
2026-03-28 14:52:05.653  1746-20616 PlatformConfig          media.codec                          D  getInstance: Enter
